Archive member included because of file (symbol)

D:\MyDesigns\LPCXpresso\CMSISv2p00_LPC17xx\Debug\libCMSISv2p00_LPC17xx.a(system_LPC17xx.o)
                              ./src/cr_startup_lpc176x.o (SystemInit)
f:/nxp/lpcxpresso_4.1.5_219/lpcxpresso/tools/bin/../lib/gcc/arm-none-eabi/4.5.1/../../../../arm-none-eabi/lib/thumb2\libcr_nohost.a(_cr__main.o)
                              ./src/cr_startup_lpc176x.o (__main)
f:/nxp/lpcxpresso_4.1.5_219/lpcxpresso/tools/bin/../lib/gcc/arm-none-eabi/4.5.1/../../../../arm-none-eabi/lib/thumb2\libcr_c.a(fpprintf.o)
                              ./stdio/printuart.o (vsprintf)
f:/nxp/lpcxpresso_4.1.5_219/lpcxpresso/tools/bin/../lib/gcc/arm-none-eabi/4.5.1/../../../../arm-none-eabi/lib/thumb2\libcr_c.a(initio.o)
                              f:/nxp/lpcxpresso_4.1.5_219/lpcxpresso/tools/bin/../lib/gcc/arm-none-eabi/4.5.1/../../../../arm-none-eabi/lib/thumb2\libcr_nohost.a(_cr__main.o) (_initio)
f:/nxp/lpcxpresso_4.1.5_219/lpcxpresso/tools/bin/../lib/gcc/arm-none-eabi/4.5.1/../../../../arm-none-eabi/lib/thumb2\libcr_c.a(itoa.o)
                              ./lpc17xx_lib/source/uart.o (itoa)
f:/nxp/lpcxpresso_4.1.5_219/lpcxpresso/tools/bin/../lib/gcc/arm-none-eabi/4.5.1/../../../../arm-none-eabi/lib/thumb2\libcr_c.a(printf.o)
                              f:/nxp/lpcxpresso_4.1.5_219/lpcxpresso/tools/bin/../lib/gcc/arm-none-eabi/4.5.1/../../../../arm-none-eabi/lib/thumb2\libcr_c.a(fpprintf.o) (__vfprintf)
f:/nxp/lpcxpresso_4.1.5_219/lpcxpresso/tools/bin/../lib/gcc/arm-none-eabi/4.5.1/../../../../arm-none-eabi/lib/thumb2\libcr_c.a(scanf.o)
                              ./src/shoutcast.o (atoi)
f:/nxp/lpcxpresso_4.1.5_219/lpcxpresso/tools/bin/../lib/gcc/arm-none-eabi/4.5.1/../../../../arm-none-eabi/lib/thumb2\libcr_c.a(setvbuf.o)
                              f:/nxp/lpcxpresso_4.1.5_219/lpcxpresso/tools/bin/../lib/gcc/arm-none-eabi/4.5.1/../../../../arm-none-eabi/lib/thumb2\libcr_c.a(initio.o) (setvbuf)
f:/nxp/lpcxpresso_4.1.5_219/lpcxpresso/tools/bin/../lib/gcc/arm-none-eabi/4.5.1/../../../../arm-none-eabi/lib/thumb2\libcr_c.a(stdio.o)
                              f:/nxp/lpcxpresso_4.1.5_219/lpcxpresso/tools/bin/../lib/gcc/arm-none-eabi/4.5.1/../../../../arm-none-eabi/lib/thumb2\libcr_c.a(fpprintf.o) (__Ciob)
f:/nxp/lpcxpresso_4.1.5_219/lpcxpresso/tools/bin/../lib/gcc/arm-none-eabi/4.5.1/../../../../arm-none-eabi/lib/thumb2\libcr_c.a(strlen.o)
                              ./src/httpserver.o (strlen)
f:/nxp/lpcxpresso_4.1.5_219/lpcxpresso/tools/bin/../lib/gcc/arm-none-eabi/4.5.1/../../../../arm-none-eabi/lib/thumb2\libcr_c.a(strstr.o)
                              ./src/httpserver.o (strstr)
f:/nxp/lpcxpresso_4.1.5_219/lpcxpresso/tools/bin/../lib/gcc/arm-none-eabi/4.5.1/../../../../arm-none-eabi/lib/thumb2\libcr_c.a(ungetc.o)
                              f:/nxp/lpcxpresso_4.1.5_219/lpcxpresso/tools/bin/../lib/gcc/arm-none-eabi/4.5.1/../../../../arm-none-eabi/lib/thumb2\libcr_c.a(scanf.o) (ungetc)
f:/nxp/lpcxpresso_4.1.5_219/lpcxpresso/tools/bin/../lib/gcc/arm-none-eabi/4.5.1/../../../../arm-none-eabi/lib/thumb2\libcr_c.a(memcpy.o)
                              ./src/shoutcast.o (memcpy)
f:/nxp/lpcxpresso_4.1.5_219/lpcxpresso/tools/bin/../lib/gcc/arm-none-eabi/4.5.1/../../../../arm-none-eabi/lib/thumb2\libcr_c.a(memset.o)
                              ./lwip-1.4.0/src/core/dhcp.o (memset)
f:/nxp/lpcxpresso_4.1.5_219/lpcxpresso/tools/bin/../lib/gcc/arm-none-eabi/4.5.1/../../../../arm-none-eabi/lib/thumb2\libcr_c.a(__fillbuf.o)
                              f:/nxp/lpcxpresso_4.1.5_219/lpcxpresso/tools/bin/../lib/gcc/arm-none-eabi/4.5.1/../../../../arm-none-eabi/lib/thumb2\libcr_c.a(scanf.o) (__filbuf)
f:/nxp/lpcxpresso_4.1.5_219/lpcxpresso/tools/bin/../lib/gcc/arm-none-eabi/4.5.1/../../../../arm-none-eabi/lib/thumb2\libcr_c.a(_deferredlazyseek.o)
                              f:/nxp/lpcxpresso_4.1.5_219/lpcxpresso/tools/bin/../lib/gcc/arm-none-eabi/4.5.1/../../../../arm-none-eabi/lib/thumb2\libcr_c.a(__fillbuf.o) (_deferredlazyseek)
f:/nxp/lpcxpresso_4.1.5_219/lpcxpresso/tools/bin/../lib/gcc/arm-none-eabi/4.5.1/../../../../arm-none-eabi/lib/thumb2\libcr_c.a(_fdopen.o)
                              f:/nxp/lpcxpresso_4.1.5_219/lpcxpresso/tools/bin/../lib/gcc/arm-none-eabi/4.5.1/../../../../arm-none-eabi/lib/thumb2\libcr_c.a(initio.o) (_fdopen)
f:/nxp/lpcxpresso_4.1.5_219/lpcxpresso/tools/bin/../lib/gcc/arm-none-eabi/4.5.1/../../../../arm-none-eabi/lib/thumb2\libcr_c.a(_fflush.o)
                              f:/nxp/lpcxpresso_4.1.5_219/lpcxpresso/tools/bin/../lib/gcc/arm-none-eabi/4.5.1/../../../../arm-none-eabi/lib/thumb2\libcr_c.a(__fillbuf.o) (_fflush)
f:/nxp/lpcxpresso_4.1.5_219/lpcxpresso/tools/bin/../lib/gcc/arm-none-eabi/4.5.1/../../../../arm-none-eabi/lib/thumb2\libcr_c.a(_frexpl.o)
[...]
Memory Configuration

Name             Origin             Length             Attributes
MFlash512        0x00000000         0x00080000         xr
RamLoc32         0x10000000         0x00008000         xrw
RamAHB32         0x2007c000         0x00008000         xrw
*default*        0x00000000         0xffffffff

Linker script and memory map

LOAD ./stdio/printuart.o
LOAD ./src/cr_startup_lpc176x.o
LOAD ./src/external_RAM.o
LOAD ./src/httpserver.o
LOAD ./src/main.o
LOAD ./src/shoutcast.o
LOAD ./lwip-1.4.0/src/netif/etharp.o
LOAD ./lwip-1.4.0/src/netif/ethernetif.o
LOAD ./lwip-1.4.0/src/netif/slipif.o
LOAD ./lwip-1.4.0/src/netif/ppp/auth.o
LOAD ./lwip-1.4.0/src/netif/ppp/chap.o
LOAD ./lwip-1.4.0/src/netif/ppp/chpms.o
LOAD ./lwip-1.4.0/src/netif/ppp/fsm.o
LOAD ./lwip-1.4.0/src/netif/ppp/ipcp.o
LOAD ./lwip-1.4.0/src/netif/ppp/lcp.o
LOAD ./lwip-1.4.0/src/netif/ppp/magic.o
LOAD ./lwip-1.4.0/src/netif/ppp/md5.o
LOAD ./lwip-1.4.0/src/netif/ppp/pap.o
LOAD ./lwip-1.4.0/src/netif/ppp/ppp.o
LOAD ./lwip-1.4.0/src/netif/ppp/ppp_oe.o
LOAD ./lwip-1.4.0/src/netif/ppp/randm.o
LOAD ./lwip-1.4.0/src/netif/ppp/vj.o
LOAD ./lwip-1.4.0/src/core/def.o
LOAD ./lwip-1.4.0/src/core/dhcp.o
LOAD ./lwip-1.4.0/src/core/dns.o
LOAD ./lwip-1.4.0/src/core/init.o
LOAD ./lwip-1.4.0/src/core/mem.o
LOAD ./lwip-1.4.0/src/core/memp.o
LOAD ./lwip-1.4.0/src/core/netif.o
LOAD ./lwip-1.4.0/src/core/pbuf.o
LOAD ./lwip-1.4.0/src/core/raw.o
LOAD ./lwip-1.4.0/src/core/stats.o
LOAD ./lwip-1.4.0/src/core/sys.o
LOAD ./lwip-1.4.0/src/core/tcp.o
LOAD ./lwip-1.4.0/src/core/tcp_in.o
LOAD ./lwip-1.4.0/src/core/tcp_out.o
LOAD ./lwip-1.4.0/src/core/timers.o
LOAD ./lwip-1.4.0/src/core/udp.o
LOAD ./lwip-1.4.0/src/core/snmp/asn1_dec.o
LOAD ./lwip-1.4.0/src/core/snmp/asn1_enc.o
LOAD ./lwip-1.4.0/src/core/snmp/mib2.o
LOAD ./lwip-1.4.0/src/core/snmp/mib_structs.o
LOAD ./lwip-1.4.0/src/core/snmp/msg_in.o
LOAD ./lwip-1.4.0/src/core/snmp/msg_out.o
LOAD ./lwip-1.4.0/src/core/ipv4/autoip.o
LOAD ./lwip-1.4.0/src/core/ipv4/icmp.o
LOAD ./lwip-1.4.0/src/core/ipv4/igmp.o
LOAD ./lwip-1.4.0/src/core/ipv4/inet.o
LOAD ./lwip-1.4.0/src/core/ipv4/inet_chksum.o
LOAD ./lwip-1.4.0/src/core/ipv4/ip.o
LOAD ./lwip-1.4.0/src/core/ipv4/ip_addr.o
LOAD ./lwip-1.4.0/src/core/ipv4/ip_frag.o
LOAD ./lwip-1.4.0/src/api/api_lib.o
LOAD ./lwip-1.4.0/src/api/api_msg.o
LOAD ./lwip-1.4.0/src/api/err.o
LOAD ./lwip-1.4.0/src/api/netbuf.o
LOAD ./lwip-1.4.0/src/api/netdb.o
LOAD ./lwip-1.4.0/src/api/netifapi.o
LOAD ./lwip-1.4.0/src/api/sockets.o
LOAD ./lwip-1.4.0/src/api/tcpip.o
LOAD ./lwip-1.4.0/port/CoOS/ethernetif/LPC17xx/EMAC.o
LOAD ./lwip-1.4.0/port/CoOS/ethernetif/LPC17xx/ethernetif.o
LOAD ./lwip-1.4.0/port/CoOS/arch/sys_arch.o
LOAD ./lpc17xx_lib/source/adc.o
LOAD ./lpc17xx_lib/source/gpio.o
LOAD ./lpc17xx_lib/source/lpc17xx_clkpwr.o
LOAD ./lpc17xx_lib/source/timer.o
LOAD ./lpc17xx_lib/source/uart.o
LOAD ./VS1053/vs1053.o
LOAD ./VS1053/vs_patch.o
LOAD ./CoOS/portable/arch.o
LOAD ./CoOS/portable/GCC/port.o
LOAD ./CoOS/kernel/core.o
LOAD ./CoOS/kernel/event.o
LOAD ./CoOS/kernel/flag.o
LOAD ./CoOS/kernel/hook.o
LOAD ./CoOS/kernel/kernelHeap.o
LOAD ./CoOS/kernel/mbox.o
LOAD ./CoOS/kernel/mm.o
LOAD ./CoOS/kernel/mutex.o
LOAD ./CoOS/kernel/queue.o
LOAD ./CoOS/kernel/sem.o
LOAD ./CoOS/kernel/serviceReq.o
LOAD ./CoOS/kernel/task.o
LOAD ./CoOS/kernel/time.o
LOAD ./CoOS/kernel/timer.o
LOAD ./CoOS/kernel/utility.o
LOAD D:\MyDesigns\LPCXpresso\CMSISv2p00_LPC17xx\Debug\libCMSISv2p00_LPC17xx.a
START GROUP
LOAD f:/nxp/lpcxpresso_4.1.5_219/lpcxpresso/tools/bin/../lib/gcc/arm-none-eabi/4.5.1/../../../../arm-none-eabi/lib/thumb2\libcr_nohost.a
LOAD f:/nxp/lpcxpresso_4.1.5_219/lpcxpresso/tools/bin/../lib/gcc/arm-none-eabi/4.5.1/../../../../arm-none-eabi/lib/thumb2\libcr_c.a
LOAD f:/nxp/lpcxpresso_4.1.5_219/lpcxpresso/tools/bin/../lib/gcc/arm-none-eabi/4.5.1/thumb2\libcr_eabihelpers.a
END GROUP
                0x00080000                __top_MFlash512 = 0x80000
                0x10008000                __top_RamLoc32 = 0x10008000
                0x20084000                __top_RamAHB32 = 0x20084000

.text           0x00000000    0x1f758
 FILL mask 0xff
 *(.isr_vector)
 .isr_vector    0x00000000       0xcc ./src/cr_startup_lpc176x.o
                0x00000000                g_pfnVectors
                0x000000cc                . = ALIGN (0x4)
                0x000000cc                __section_table_start = .
                0x000000cc                __data_section_table = .
                0x000000cc        0x4 LONG 0x1f758 LOADADDR (.data)
                0x000000d0        0x4 LONG 0x10000000 ADDR (.data)
                0x000000d4        0x4 LONG 0x14 SIZEOF (.data)
                0x000000d8        0x4 LONG 0x1f758 LOADADDR (.data_RAM2)
                0x000000dc        0x4 LONG 0x2007c000 ADDR (.data_RAM2)
                0x000000e0        0x4 LONG 0x0 SIZEOF (.data_RAM2)
                0x000000e4                __data_section_table_end = .
                0x000000e4                __bss_section_table = .
                0x000000e4        0x4 LONG 0x10000018 ADDR (.bss)
                0x000000e8        0x4 LONG 0x4bdc SIZEOF (.bss)
                0x000000ec        0x4 LONG 0x2007c000 ADDR (.bss_RAM2)
                0x000000f0        0x4 LONG 0x1800 SIZEOF (.bss_RAM2)
                0x000000f4                __bss_section_table_end = .
                0x000000f4                __section_table_end = .
 *(.after_vectors*)
 .after_vectors
                0x000000f4       0x94 ./src/cr_startup_lpc176x.o
                0x000000f4                NMI_Handler
                0x000000f6                MemManage_Handler
                0x000000f8                BusFault_Handler
                0x000000fa                UsageFault_Handler
                0x000000fc                SVCall_Handler
                0x000000fe                DebugMon_Handler
                0x00000100                HardFault_Handler
                0x00000114                data_init
                0x00000126                bss_init
                0x00000136                ResetISR
                0x00000178                EINT2_IRQHandler
                0x00000178                UART1_IRQHandler
                0x00000178                CANActivity_IRQHandler
                0x00000178                TIMER3_IRQHandler
                0x00000178                UART0_IRQHandler
                0x00000178                I2C1_IRQHandler
                0x00000178                RIT_IRQHandler
                0x00000178                IntDefaultHandler
                0x00000178                PLL0_IRQHandler
                0x00000178                CAN_IRQHandler
                0x00000178                I2C0_IRQHandler
                0x00000178                SSP0_IRQHandler
                0x00000178                PWM1_IRQHandler
                0x00000178                I2C2_IRQHandler
                0x00000178                RTC_IRQHandler
                0x00000178                TIMER0_IRQHandler
                0x00000178                SPI_IRQHandler
                0x00000178                USBActivity_IRQHandler
                0x00000178                EINT1_IRQHandler
                0x00000178                TIMER1_IRQHandler
                0x00000178                ADC_IRQHandler
                0x00000178                SSP1_IRQHandler
                0x00000178                USB_IRQHandler
                0x00000178                BOD_IRQHandler
                0x00000178                TIMER2_IRQHandler
                0x00000178                WDT_IRQHandler
                0x00000178                QEI_IRQHandler
                0x00000178                EINT0_IRQHandler
                0x00000178                I2S_IRQHandler
                0x00000178                DMA_IRQHandler
                0x00000178                PLL1_IRQHandler
                0x00000178                UART3_IRQHandler
                0x00000178                MCPWM_IRQHandler
 *(.text*)
 .text.SPI1_Config
                0x00000188      0x1b0 ./src/external_RAM.o
                0x00000188                SPI1_Config
 .text.SPI1_Write
                0x00000338       0x6c ./src/external_RAM.o
                0x00000338                SPI1_Write
 .text.SPI1_SetSpeed
                0x000003a4       0x34 ./src/external_RAM.o
                0x000003a4                SPI1_SetSpeed
 .text.RAM_init
                0x000003d8      0x24c ./src/external_RAM.o
                0x000003d8                RAM_init
 .text.RAM_test
                0x00000624      0x1dc ./src/external_RAM.o
                0x00000624                RAM_test
 .text.RAM_bufputs
                0x00000800      0xe3c ./src/external_RAM.o
                0x00000800                RAM_bufputs
 .text.RAM_bufget
                0x0000163c      0xe9c ./src/external_RAM.o
                0x0000163c                RAM_bufget
 .text.RAM_buflen
                0x000024d8       0x54 ./src/external_RAM.o
                0x000024d8                RAM_buflen
 .text.RAM_buffree
                0x0000252c       0x18 ./src/external_RAM.o
                0x0000252c                RAM_buffree
 .text.HTTP_init
                0x00002544       0x48 ./src/httpserver.o
                0x00002544                HTTP_init
 .text.http_server_serve
                0x0000258c      0x18c ./src/httpserver.o
                0x0000258c                http_server_serve
 .text.http_server
                0x00002718       0x90 ./src/httpserver.o
                0x00002718                http_server
 .text.main     0x000027a8       0xd4 ./src/main.o
                0x000027a8                main
 .text.eth_lwip_init
                0x0000287c       0xdc ./src/main.o
                0x0000287c                eth_lwip_init
 .text.dhcpinit
                0x00002958       0x98 ./src/main.o
                0x00002958                dhcpinit
 .text.IamLive  0x000029f0       0x70 ./src/main.o
                0x000029f0                IamLive
 .text.vs_task  0x00002a60       0x18 ./src/main.o
                0x00002a60                vs_task
 .text.IPradio_init
                0x00002a78       0x48 ./src/shoutcast.o
                0x00002a78                IPradio_init
 .text.shoutcast
                0x00002ac0      0x644 ./src/shoutcast.o
                0x00002ac0                shoutcast
 .text.free_etharp_q
                0x00003104       0x38 ./lwip-1.4.0/src/netif/etharp.o
 .text.free_entry
                0x0000313c      0x140 ./lwip-1.4.0/src/netif/etharp.o
 .text.etharp_tmr
                0x0000327c       0xcc ./lwip-1.4.0/src/netif/etharp.o
                0x0000327c                etharp_tmr
 .text.find_entry
                0x00003348      0x22c ./lwip-1.4.0/src/netif/etharp.o
 .text.etharp_send_ip
                0x00003574       0x60 ./lwip-1.4.0/src/netif/etharp.o
 .text.update_arp_entry
                0x000035d4      0x134 ./lwip-1.4.0/src/netif/etharp.o
 .text.etharp_ip_input
                0x00003708       0x78 ./lwip-1.4.0/src/netif/etharp.o
 .text.etharp_arp_input
                0x00003780      0x200 ./lwip-1.4.0/src/netif/etharp.o
 .text.etharp_output
                0x00003980      0x188 ./lwip-1.4.0/src/netif/etharp.o
                0x00003980                etharp_output
 .text.etharp_query
                0x00003b08      0x290 ./lwip-1.4.0/src/netif/etharp.o
                0x00003b08                etharp_query
 .text.etharp_raw
                0x00003d98      0x14c ./lwip-1.4.0/src/netif/etharp.o
 .text.etharp_request
                0x00003ee4       0x54 ./lwip-1.4.0/src/netif/etharp.o
                0x00003ee4                etharp_request
 .text.ethernet_input
                0x00003f38       0xbc ./lwip-1.4.0/src/netif/etharp.o
                0x00003f38                ethernet_input
 .text.lwip_htons
                0x00003ff4       0x30 ./lwip-1.4.0/src/core/def.o
                0x00003ff4                lwip_htons
 .text.lwip_ntohs
                0x00004024       0x20 ./lwip-1.4.0/src/core/def.o
                0x00004024                lwip_ntohs
 .text.lwip_htonl
                0x00004044       0x3c ./lwip-1.4.0/src/core/def.o
                0x00004044                lwip_htonl
 .text.lwip_ntohl
                0x00004080       0x1c ./lwip-1.4.0/src/core/def.o
                0x00004080                lwip_ntohl
 .text.dhcp_handle_nak
                0x0000409c       0x58 ./lwip-1.4.0/src/core/dhcp.o
 .text.dhcp_check
                0x000040f4       0x70 ./lwip-1.4.0/src/core/dhcp.o
 .text.dhcp_handle_offer
                0x00004164       0x68 ./lwip-1.4.0/src/core/dhcp.o
 .text.dhcp_select
                0x000041cc      0x168 ./lwip-1.4.0/src/core/dhcp.o
 .text.dhcp_coarse_tmr
                0x00004334       0x78 ./lwip-1.4.0/src/core/dhcp.o
                0x00004334                dhcp_coarse_tmr
 .text.dhcp_fine_tmr
                0x000043ac       0x68 ./lwip-1.4.0/src/core/dhcp.o
                0x000043ac                dhcp_fine_tmr
 .text.dhcp_timeout
                0x00004414       0xc8 ./lwip-1.4.0/src/core/dhcp.o
 .text.dhcp_t1_timeout
                0x000044dc       0x34 ./lwip-1.4.0/src/core/dhcp.o
 .text.dhcp_t2_timeout
                0x00004510       0x34 ./lwip-1.4.0/src/core/dhcp.o
 .text.dhcp_handle_ack
                0x00004544      0x114 ./lwip-1.4.0/src/core/dhcp.o
 .text.dhcp_start
                0x00004658      0x148 ./lwip-1.4.0/src/core/dhcp.o
                0x00004658                dhcp_start
 .text.dhcp_arp_reply
                0x000047a0       0x40 ./lwip-1.4.0/src/core/dhcp.o
                0x000047a0                dhcp_arp_reply
 .text.dhcp_decline
                0x000047e0       0xe4 ./lwip-1.4.0/src/core/dhcp.o
 .text.dhcp_discover
                0x000048c4      0x130 ./lwip-1.4.0/src/core/dhcp.o
 .text.dhcp_bind
                0x000049f4      0x154 ./lwip-1.4.0/src/core/dhcp.o
 .text.dhcp_renew
                0x00004b48       0xf8 ./lwip-1.4.0/src/core/dhcp.o
                0x00004b48                dhcp_renew
 .text.dhcp_rebind
                0x00004c40       0xf8 ./lwip-1.4.0/src/core/dhcp.o
 .text.dhcp_reboot
                0x00004d38      0x118 ./lwip-1.4.0/src/core/dhcp.o
 .text.dhcp_release
                0x00004e50      0x144 ./lwip-1.4.0/src/core/dhcp.o
                0x00004e50                dhcp_release
 .text.dhcp_stop
                0x00004f94       0x58 ./lwip-1.4.0/src/core/dhcp.o
                0x00004f94                dhcp_stop
 .text.dhcp_set_state
                0x00004fec       0x38 ./lwip-1.4.0/src/core/dhcp.o
 .text.dhcp_option
                0x00005024       0x54 ./lwip-1.4.0/src/core/dhcp.o
 .text.dhcp_option_byte
                0x00005078       0x34 ./lwip-1.4.0/src/core/dhcp.o
 .text.dhcp_option_short
                0x000050ac       0x58 ./lwip-1.4.0/src/core/dhcp.o
 .text.dhcp_option_long
                0x00005104       0xa0 ./lwip-1.4.0/src/core/dhcp.o
 .text.dhcp_parse_reply
                0x000051a4      0x408 ./lwip-1.4.0/src/core/dhcp.o
 .text.dhcp_recv
                0x000055ac      0x180 ./lwip-1.4.0/src/core/dhcp.o
 .text.dhcp_create_msg
                0x0000572c      0x30c ./lwip-1.4.0/src/core/dhcp.o
 .text.dhcp_delete_msg
                0x00005a38       0x38 ./lwip-1.4.0/src/core/dhcp.o
 .text.dhcp_option_trailer
                0x00005a70       0x6c ./lwip-1.4.0/src/core/dhcp.o
 .text.lwip_sanity_check
                0x00005adc        0xc ./lwip-1.4.0/src/core/init.o
 .text.lwip_init
                0x00005ae8       0x24 ./lwip-1.4.0/src/core/init.o
                0x00005ae8                lwip_init
 .text.plug_holes
                0x00005b0c      0x104 ./lwip-1.4.0/src/core/mem.o
 .text.mem_init
                0x00005c10       0xb8 ./lwip-1.4.0/src/core/mem.o
                0x00005c10                mem_init
 .text.mem_free
                0x00005cc8       0xa0 ./lwip-1.4.0/src/core/mem.o
                0x00005cc8                mem_free
 .text.mem_trim
                0x00005d68      0x208 ./lwip-1.4.0/src/core/mem.o
                0x00005d68                mem_trim
 .text.mem_malloc
                0x00005f70      0x1e4 ./lwip-1.4.0/src/core/mem.o
                0x00005f70                mem_malloc
 .text.memp_sanity
                0x00006154       0x94 ./lwip-1.4.0/src/core/memp.o
 .text.memp_init
                0x000061e8      0x124 ./lwip-1.4.0/src/core/memp.o
                0x000061e8                memp_init
 .text.memp_malloc
                0x0000630c      0x10c ./lwip-1.4.0/src/core/memp.o
                0x0000630c                memp_malloc
 .text.memp_free
                0x00006418       0x80 ./lwip-1.4.0/src/core/memp.o
                0x00006418                memp_free
 .text.netif_init
                0x00006498        0xc ./lwip-1.4.0/src/core/netif.o
                0x00006498                netif_init
 .text.netif_add
                0x000064a4       0xac ./lwip-1.4.0/src/core/netif.o
                0x000064a4                netif_add
 .text.netif_set_addr
                0x00006550       0x30 ./lwip-1.4.0/src/core/netif.o
                0x00006550                netif_set_addr
 .text.netif_set_ipaddr
                0x00006580       0xb4 ./lwip-1.4.0/src/core/netif.o
                0x00006580                netif_set_ipaddr
 .text.netif_set_gw
                0x00006634       0x28 ./lwip-1.4.0/src/core/netif.o
                0x00006634                netif_set_gw
 .text.netif_set_netmask
                0x0000665c       0x28 ./lwip-1.4.0/src/core/netif.o
                0x0000665c                netif_set_netmask
 .text.netif_set_default
                0x00006684       0x20 ./lwip-1.4.0/src/core/netif.o
                0x00006684                netif_set_default
 .text.netif_set_up
                0x000066a4       0x5c ./lwip-1.4.0/src/core/netif.o
                0x000066a4                netif_set_up
 .text.netif_set_down
                0x00006700       0x34 ./lwip-1.4.0/src/core/netif.o
                0x00006700                netif_set_down
 .text.pbuf_free_ooseq
                0x00006734       0x60 ./lwip-1.4.0/src/core/pbuf.o
 .text.pbuf_pool_is_empty
                0x00006794       0x70 ./lwip-1.4.0/src/core/pbuf.o
 .text.pbuf_alloc
                0x00006804      0x240 ./lwip-1.4.0/src/core/pbuf.o
                0x00006804                pbuf_alloc
 .text.pbuf_realloc
                0x00006a44       0xd0 ./lwip-1.4.0/src/core/pbuf.o
                0x00006a44                pbuf_realloc
 .text.pbuf_header
                0x00006b14       0xf8 ./lwip-1.4.0/src/core/pbuf.o
                0x00006b14                pbuf_header
 .text.pbuf_free
                0x00006c0c       0xbc ./lwip-1.4.0/src/core/pbuf.o
                0x00006c0c                pbuf_free
 .text.pbuf_clen
                0x00006cc8       0x34 ./lwip-1.4.0/src/core/pbuf.o
                0x00006cc8                pbuf_clen
 .text.pbuf_ref
                0x00006cfc       0x30 ./lwip-1.4.0/src/core/pbuf.o
                0x00006cfc                pbuf_ref
 .text.pbuf_cat
                0x00006d2c       0x5c ./lwip-1.4.0/src/core/pbuf.o
                0x00006d2c                pbuf_cat
 .text.pbuf_chain
                0x00006d88       0x20 ./lwip-1.4.0/src/core/pbuf.o
                0x00006d88                pbuf_chain
 .text.pbuf_copy
                0x00006da8      0x110 ./lwip-1.4.0/src/core/pbuf.o
                0x00006da8                pbuf_copy
 .text.pbuf_copy_partial
                0x00006eb8       0xd4 ./lwip-1.4.0/src/core/pbuf.o
                0x00006eb8                pbuf_copy_partial
 .text.raw_input
                0x00006f8c       0xdc ./lwip-1.4.0/src/core/raw.o
                0x00006f8c                raw_input
 .text.raw_bind
                0x00007068       0x30 ./lwip-1.4.0/src/core/raw.o
                0x00007068                raw_bind
 .text.raw_connect
                0x00007098       0x30 ./lwip-1.4.0/src/core/raw.o
                0x00007098                raw_connect
 .text.raw_recv
                0x000070c8       0x24 ./lwip-1.4.0/src/core/raw.o
                0x000070c8                raw_recv
 .text.raw_remove
                0x000070ec       0x78 ./lwip-1.4.0/src/core/raw.o
                0x000070ec                raw_remove
 .text.raw_new  0x00007164       0x60 ./lwip-1.4.0/src/core/raw.o
                0x00007164                raw_new
 .text.stats_init
                0x000071c4       0x64 ./lwip-1.4.0/src/core/stats.o
                0x000071c4                stats_init
 .text.stats_display_mem
                0x00007228       0x14 ./lwip-1.4.0/src/core/stats.o
                0x00007228                stats_display_mem
 .text.stats_display_memp
                0x0000723c       0x50 ./lwip-1.4.0/src/core/stats.o
                0x0000723c                stats_display_memp
 .text.stats_display
                0x0000728c       0x44 ./lwip-1.4.0/src/core/stats.o
                0x0000728c                stats_display
 .text.tcp_tmr  0x000072d0       0x3c ./lwip-1.4.0/src/core/tcp.o
                0x000072d0                tcp_tmr
 .text.tcp_close_shutdown
                0x0000730c      0x2c8 ./lwip-1.4.0/src/core/tcp.o
 .text.tcp_close
                0x000075d4       0x38 ./lwip-1.4.0/src/core/tcp.o
                0x000075d4                tcp_close
 .text.tcp_shutdown
                0x0000760c       0x94 ./lwip-1.4.0/src/core/tcp.o
                0x0000760c                tcp_shutdown
 .text.tcp_abandon
                0x000076a0       0xe4 ./lwip-1.4.0/src/core/tcp.o
                0x000076a0                tcp_abandon
 .text.tcp_abort
                0x00007784       0x1c ./lwip-1.4.0/src/core/tcp.o
                0x00007784                tcp_abort
 .text.tcp_bind
                0x000077a0       0xec ./lwip-1.4.0/src/core/tcp.o
                0x000077a0                tcp_bind
 .text.tcp_accept_null
                0x0000788c       0x20 ./lwip-1.4.0/src/core/tcp.o
 .text.tcp_listen_with_backlog
                0x000078ac      0x164 ./lwip-1.4.0/src/core/tcp.o
                0x000078ac                tcp_listen_with_backlog
 .text.tcp_update_rcv_ann_wnd
                0x00007a10       0x84 ./lwip-1.4.0/src/core/tcp.o
                0x00007a10                tcp_update_rcv_ann_wnd
 .text.tcp_recved
                0x00007a94       0x60 ./lwip-1.4.0/src/core/tcp.o
                0x00007a94                tcp_recved
 .text.tcp_new_port
                0x00007af4       0xa4 ./lwip-1.4.0/src/core/tcp.o
 .text.tcp_connect
                0x00007b98      0x1f8 ./lwip-1.4.0/src/core/tcp.o
                0x00007b98                tcp_connect
 .text.tcp_slowtmr
                0x00007d90      0x498 ./lwip-1.4.0/src/core/tcp.o
                0x00007d90                tcp_slowtmr
 .text.tcp_fasttmr
                0x00008228       0xe0 ./lwip-1.4.0/src/core/tcp.o
                0x00008228                tcp_fasttmr
 .text.tcp_segs_free
                0x00008308       0x28 ./lwip-1.4.0/src/core/tcp.o
                0x00008308                tcp_segs_free
 .text.tcp_seg_free
                0x00008330       0x34 ./lwip-1.4.0/src/core/tcp.o
                0x00008330                tcp_seg_free
 .text.tcp_seg_copy
                0x00008364       0x44 ./lwip-1.4.0/src/core/tcp.o
                0x00008364                tcp_seg_copy
 .text.tcp_recv_null
                0x000083a8       0x4c ./lwip-1.4.0/src/core/tcp.o
                0x000083a8                tcp_recv_null
 .text.tcp_kill_prio
                0x000083f4       0x90 ./lwip-1.4.0/src/core/tcp.o
 .text.tcp_kill_timewait
                0x00008484       0x6c ./lwip-1.4.0/src/core/tcp.o
 .text.tcp_alloc
                0x000084f0      0x18c ./lwip-1.4.0/src/core/tcp.o
                0x000084f0                tcp_alloc
 .text.tcp_new  0x0000867c       0x14 ./lwip-1.4.0/src/core/tcp.o
                0x0000867c                tcp_new
 .text.tcp_arg  0x00008690       0x1c ./lwip-1.4.0/src/core/tcp.o
                0x00008690                tcp_arg
 .text.tcp_recv
                0x000086ac       0x1c ./lwip-1.4.0/src/core/tcp.o
                0x000086ac                tcp_recv
 .text.tcp_sent
                0x000086c8       0x1c ./lwip-1.4.0/src/core/tcp.o
                0x000086c8                tcp_sent
 .text.tcp_err  0x000086e4       0x1c ./lwip-1.4.0/src/core/tcp.o
                0x000086e4                tcp_err
 .text.tcp_accept
                0x00008700       0x1c ./lwip-1.4.0/src/core/tcp.o
                0x00008700                tcp_accept
 .text.tcp_poll
                0x0000871c       0x28 ./lwip-1.4.0/src/core/tcp.o
                0x0000871c                tcp_poll
 .text.tcp_pcb_purge
                0x00008744       0x90 ./lwip-1.4.0/src/core/tcp.o
                0x00008744                tcp_pcb_purge
 .text.tcp_pcb_remove
                0x000087d4       0xd8 ./lwip-1.4.0/src/core/tcp.o
                0x000087d4                tcp_pcb_remove
 .text.tcp_next_iss
                0x000088ac       0x38 ./lwip-1.4.0/src/core/tcp.o
                0x000088ac                tcp_next_iss
 .text.tcp_eff_send_mss
                0x000088e4       0x44 ./lwip-1.4.0/src/core/tcp.o
                0x000088e4                tcp_eff_send_mss
 .text.tcp_pcbs_sane
                0x00008928       0x4c ./lwip-1.4.0/src/core/tcp.o
                0x00008928                tcp_pcbs_sane
 .text.tcp_input
                0x00008974      0x9c8 ./lwip-1.4.0/src/core/tcp_in.o
                0x00008974                tcp_input
 .text.tcp_listen_input
                0x0000933c      0x1ec ./lwip-1.4.0/src/core/tcp_in.o
 .text.tcp_timewait_input
                0x00009528      0x12c ./lwip-1.4.0/src/core/tcp_in.o
 .text.tcp_process
                0x00009654      0x928 ./lwip-1.4.0/src/core/tcp_in.o
 .text.tcp_oos_insert_segment
                0x00009f7c      0x18c ./lwip-1.4.0/src/core/tcp_in.o
 .text.tcp_receive
                0x0000a108     0x1458 ./lwip-1.4.0/src/core/tcp_in.o
 .text.tcp_parseopt
                0x0000b560      0x148 ./lwip-1.4.0/src/core/tcp_in.o
 .text.tcp_output_alloc_header
                0x0000b6a8      0x1c4 ./lwip-1.4.0/src/core/tcp_out.o
 .text.tcp_send_fin
                0x0000b86c       0xa8 ./lwip-1.4.0/src/core/tcp_out.o
                0x0000b86c                tcp_send_fin
 .text.tcp_create_segment
                0x0000b914      0x1c4 ./lwip-1.4.0/src/core/tcp_out.o
 .text.tcp_pbuf_prealloc
                0x0000bad8       0xb0 ./lwip-1.4.0/src/core/tcp_out.o
 .text.tcp_write_checks
                0x0000bb88       0xbc ./lwip-1.4.0/src/core/tcp_out.o
 .text.tcp_write
                0x0000bc44      0x4d0 ./lwip-1.4.0/src/core/tcp_out.o
                0x0000bc44                tcp_write
 .text.tcp_enqueue_flags
                0x0000c114      0x1c0 ./lwip-1.4.0/src/core/tcp_out.o
                0x0000c114                tcp_enqueue_flags
 .text.tcp_send_empty_ack
                0x0000c2d4       0xc4 ./lwip-1.4.0/src/core/tcp_out.o
                0x0000c2d4                tcp_send_empty_ack
 .text.tcp_output
                0x0000c398      0x42c ./lwip-1.4.0/src/core/tcp_out.o
                0x0000c398                tcp_output
 .text.tcp_output_segment
                0x0000c7c4      0x208 ./lwip-1.4.0/src/core/tcp_out.o
 .text.tcp_rst  0x0000c9cc      0x1d8 ./lwip-1.4.0/src/core/tcp_out.o
                0x0000c9cc                tcp_rst
 .text.tcp_rexmit_rto
                0x0000cba4       0x6c ./lwip-1.4.0/src/core/tcp_out.o
                0x0000cba4                tcp_rexmit_rto
 .text.tcp_rexmit
                0x0000cc10       0xc8 ./lwip-1.4.0/src/core/tcp_out.o
                0x0000cc10                tcp_rexmit
 .text.tcp_rexmit_fast
                0x0000ccd8       0xb8 ./lwip-1.4.0/src/core/tcp_out.o
                0x0000ccd8                tcp_rexmit_fast
 .text.tcp_keepalive
                0x0000cd90       0xa4 ./lwip-1.4.0/src/core/tcp_out.o
                0x0000cd90                tcp_keepalive
 .text.tcp_zero_window_probe
                0x0000ce34      0x1b0 ./lwip-1.4.0/src/core/tcp_out.o
                0x0000ce34                tcp_zero_window_probe
 .text.tcpip_tcp_timer
                0x0000cfe4       0x54 ./lwip-1.4.0/src/core/timers.o
 .text.tcp_timer_needed
                0x0000d038       0x54 ./lwip-1.4.0/src/core/timers.o
                0x0000d038                tcp_timer_needed
 .text.arp_timer
                0x0000d08c       0x28 ./lwip-1.4.0/src/core/timers.o
 .text.dhcp_timer_coarse
                0x0000d0b4       0x28 ./lwip-1.4.0/src/core/timers.o
 .text.dhcp_timer_fine
                0x0000d0dc       0x28 ./lwip-1.4.0/src/core/timers.o
 .text.sys_timeouts_init
                0x0000d104       0x44 ./lwip-1.4.0/src/core/timers.o
                0x0000d104                sys_timeouts_init
 .text.sys_timeout
                0x0000d148      0x114 ./lwip-1.4.0/src/core/timers.o
                0x0000d148                sys_timeout
 .text.sys_untimeout
                0x0000d25c       0xa0 ./lwip-1.4.0/src/core/timers.o
                0x0000d25c                sys_untimeout
 .text.sys_timeouts_mbox_fetch
                0x0000d2fc       0xec ./lwip-1.4.0/src/core/timers.o
                0x0000d2fc                sys_timeouts_mbox_fetch
 .text.udp_input
                0x0000d3e8      0x344 ./lwip-1.4.0/src/core/udp.o
                0x0000d3e8                udp_input
 .text.udp_sendto_if
                0x0000d72c      0x1e8 ./lwip-1.4.0/src/core/udp.o
                0x0000d72c                udp_sendto_if
 .text.udp_bind
                0x0000d914      0x120 ./lwip-1.4.0/src/core/udp.o
                0x0000d914                udp_bind
 .text.udp_connect
                0x0000da34       0xb0 ./lwip-1.4.0/src/core/udp.o
                0x0000da34                udp_connect
 .text.udp_recv
                0x0000dae4       0x24 ./lwip-1.4.0/src/core/udp.o
                0x0000dae4                udp_recv
 .text.udp_remove
                0x0000db08       0x78 ./lwip-1.4.0/src/core/udp.o
                0x0000db08                udp_remove
 .text.udp_new  0x0000db80       0x3c ./lwip-1.4.0/src/core/udp.o
                0x0000db80                udp_new
 .text.icmp_input
                0x0000dbbc      0x360 ./lwip-1.4.0/src/core/ipv4/icmp.o
                0x0000dbbc                icmp_input
 .text.icmp_dest_unreach
                0x0000df1c       0x24 ./lwip-1.4.0/src/core/ipv4/icmp.o
                0x0000df1c                icmp_dest_unreach
 .text.icmp_send_response
                0x0000df40      0x108 ./lwip-1.4.0/src/core/ipv4/icmp.o
 .text.lwip_standard_chksum
                0x0000e048       0xe4 ./lwip-1.4.0/src/core/ipv4/inet_chksum.o
 .text.inet_chksum_pseudo
                0x0000e12c      0x150 ./lwip-1.4.0/src/core/ipv4/inet_chksum.o
                0x0000e12c                inet_chksum_pseudo
 .text.inet_chksum
                0x0000e27c       0x28 ./lwip-1.4.0/src/core/ipv4/inet_chksum.o
                0x0000e27c                inet_chksum
 .text.inet_chksum_pbuf
                0x0000e2a4       0xbc ./lwip-1.4.0/src/core/ipv4/inet_chksum.o
                0x0000e2a4                inet_chksum_pbuf
 .text.ip_route
                0x0000e360       0x90 ./lwip-1.4.0/src/core/ipv4/ip.o
                0x0000e360                ip_route
 .text.ip_input
                0x0000e3f0      0x34c ./lwip-1.4.0/src/core/ipv4/ip.o
                0x0000e3f0                ip_input
 .text.ip_output_if
                0x0000e73c      0x39c ./lwip-1.4.0/src/core/ipv4/ip.o
                0x0000e73c                ip_output_if
 .text.ip_output
                0x0000ead8       0x4c ./lwip-1.4.0/src/core/ipv4/ip.o
                0x0000ead8                ip_output
 .text.ip4_addr_isbroadcast
                0x0000eb24       0x88 ./lwip-1.4.0/src/core/ipv4/ip_addr.o
                0x0000eb24                ip4_addr_isbroadcast
 .text.netconn_new_with_proto_and_callback
                0x0000ebac       0x9c ./lwip-1.4.0/src/api/api_lib.o
                0x0000ebac                netconn_new_with_proto_and_callback
 .text.netconn_delete
                0x0000ec48       0x44 ./lwip-1.4.0/src/api/api_lib.o
                0x0000ec48                netconn_delete
 .text.netconn_bind
                0x0000ec8c       0x70 ./lwip-1.4.0/src/api/api_lib.o
                0x0000ec8c                netconn_bind
 .text.netconn_connect
                0x0000ecfc       0x70 ./lwip-1.4.0/src/api/api_lib.o
                0x0000ecfc                netconn_connect
 .text.netconn_listen_with_backlog
                0x0000ed6c       0x68 ./lwip-1.4.0/src/api/api_lib.o
                0x0000ed6c                netconn_listen_with_backlog
 .text.netconn_accept
                0x0000edd4       0xf8 ./lwip-1.4.0/src/api/api_lib.o
                0x0000edd4                netconn_accept
 .text.netconn_recv_data
                0x0000eecc      0x16c ./lwip-1.4.0/src/api/api_lib.o
 .text.netconn_recv
                0x0000f038       0xf4 ./lwip-1.4.0/src/api/api_lib.o
                0x0000f038                netconn_recv
 .text.netconn_write
                0x0000f12c       0x90 ./lwip-1.4.0/src/api/api_lib.o
                0x0000f12c                netconn_write
 .text.netconn_close_shutdown
                0x0000f1bc       0x6c ./lwip-1.4.0/src/api/api_lib.o
 .text.netconn_close
                0x0000f228       0x20 ./lwip-1.4.0/src/api/api_lib.o
                0x0000f228                netconn_close
 .text.recv_raw
                0x0000f248       0xf0 ./lwip-1.4.0/src/api/api_msg.o
 .text.recv_udp
                0x0000f338       0xb4 ./lwip-1.4.0/src/api/api_msg.o
 .text.recv_tcp
                0x0000f3ec       0xc0 ./lwip-1.4.0/src/api/api_msg.o
 .text.poll_tcp
                0x0000f4ac       0x94 ./lwip-1.4.0/src/api/api_msg.o
 .text.sent_tcp
                0x0000f540       0x90 ./lwip-1.4.0/src/api/api_msg.o
 .text.err_tcp  0x0000f5d0      0x124 ./lwip-1.4.0/src/api/api_msg.o
 .text.setup_tcp
                0x0000f6f4       0x5c ./lwip-1.4.0/src/api/api_msg.o
 .text.accept_function
                0x0000f750       0xc4 ./lwip-1.4.0/src/api/api_msg.o
 .text.pcb_new  0x0000f814       0xf4 ./lwip-1.4.0/src/api/api_msg.o
 .text.do_newconn
                0x0000f908       0x38 ./lwip-1.4.0/src/api/api_msg.o
                0x0000f908                do_newconn
 .text.netconn_alloc
                0x0000f940       0xdc ./lwip-1.4.0/src/api/api_msg.o
                0x0000f940                netconn_alloc
 .text.netconn_free
                0x0000fa1c       0x4c ./lwip-1.4.0/src/api/api_msg.o
                0x0000fa1c                netconn_free
 .text.netconn_drain
                0x0000fa68      0x108 ./lwip-1.4.0/src/api/api_msg.o
 .text.do_close_internal
                0x0000fb70      0x1cc ./lwip-1.4.0/src/api/api_msg.o
 .text.do_delconn
                0x0000fd3c      0x130 ./lwip-1.4.0/src/api/api_msg.o
                0x0000fd3c                do_delconn
 .text.do_bind  0x0000fe6c       0xc4 ./lwip-1.4.0/src/api/api_msg.o
                0x0000fe6c                do_bind
 .text.do_connected
                0x0000ff30       0xdc ./lwip-1.4.0/src/api/api_msg.o
 .text.do_connect
                0x0001000c      0x148 ./lwip-1.4.0/src/api/api_msg.o
                0x0001000c                do_connect
 .text.do_listen
                0x00010154      0x138 ./lwip-1.4.0/src/api/api_msg.o
                0x00010154                do_listen
 .text.do_recv  0x0001028c       0x74 ./lwip-1.4.0/src/api/api_msg.o
                0x0001028c                do_recv
 .text.do_writemore
                0x00010300      0x1e8 ./lwip-1.4.0/src/api/api_msg.o
 .text.do_write
                0x000104e8       0xa4 ./lwip-1.4.0/src/api/api_msg.o
                0x000104e8                do_write
 .text.do_close
                0x0001058c       0xb4 ./lwip-1.4.0/src/api/api_msg.o
                0x0001058c                do_close
 .text.netbuf_delete
                0x00010640       0x44 ./lwip-1.4.0/src/api/netbuf.o
                0x00010640                netbuf_delete
 .text.netbuf_data
                0x00010684       0x64 ./lwip-1.4.0/src/api/netbuf.o
                0x00010684                netbuf_data
 .text.tcpip_thread
                0x000106e8      0x118 ./lwip-1.4.0/src/api/tcpip.o
 .text.tcpip_input
                0x00010800       0x84 ./lwip-1.4.0/src/api/tcpip.o
                0x00010800                tcpip_input
 .text.tcpip_callback_with_block
                0x00010884       0x9c ./lwip-1.4.0/src/api/tcpip.o
                0x00010884                tcpip_callback_with_block
 .text.tcpip_apimsg
                0x00010920       0x68 ./lwip-1.4.0/src/api/tcpip.o
                0x00010920                tcpip_apimsg
 .text.tcpip_init
                0x00010988       0x64 ./lwip-1.4.0/src/api/tcpip.o
                0x00010988                tcpip_init
 .text.NVIC_EnableIRQ
                0x000109ec       0x38 ./lwip-1.4.0/port/CoOS/ethernetif/LPC17xx/EMAC.o
 .text.ENET_IRQHandler
                0x00010a24      0x10c ./lwip-1.4.0/port/CoOS/ethernetif/LPC17xx/EMAC.o
                0x00010a24                ENET_IRQHandler
 .text.write_PHY
                0x00010b30       0x60 ./lwip-1.4.0/port/CoOS/ethernetif/LPC17xx/EMAC.o
                0x00010b30                write_PHY
 .text.read_PHY
                0x00010b90       0x74 ./lwip-1.4.0/port/CoOS/ethernetif/LPC17xx/EMAC.o
                0x00010b90                read_PHY
 .text.rx_descr_init
                0x00010c04       0xd4 ./lwip-1.4.0/port/CoOS/ethernetif/LPC17xx/EMAC.o
                0x00010c04                rx_descr_init
 .text.tx_descr_init
                0x00010cd8       0xb8 ./lwip-1.4.0/port/CoOS/ethernetif/LPC17xx/EMAC.o
                0x00010cd8                tx_descr_init
 .text.Init_EMAC
                0x00010d90      0x290 ./lwip-1.4.0/port/CoOS/ethernetif/LPC17xx/EMAC.o
                0x00010d90                Init_EMAC
 .text.ReadFrame_EMAC
                0x00011020       0x28 ./lwip-1.4.0/port/CoOS/ethernetif/LPC17xx/EMAC.o
                0x00011020                ReadFrame_EMAC
 .text.CopyFromFrame_EMAC
                0x00011048       0x50 ./lwip-1.4.0/port/CoOS/ethernetif/LPC17xx/EMAC.o
                0x00011048                CopyFromFrame_EMAC
 .text.StartReadFrame
                0x00011098       0x60 ./lwip-1.4.0/port/CoOS/ethernetif/LPC17xx/EMAC.o
                0x00011098                StartReadFrame
 .text.EndReadFrame
                0x000110f8       0x38 ./lwip-1.4.0/port/CoOS/ethernetif/LPC17xx/EMAC.o
                0x000110f8                EndReadFrame
 .text.RequestSend
                0x00011130       0x54 ./lwip-1.4.0/port/CoOS/ethernetif/LPC17xx/EMAC.o
                0x00011130                RequestSend
 .text.WriteFrame_EMAC
                0x00011184       0x30 ./lwip-1.4.0/port/CoOS/ethernetif/LPC17xx/EMAC.o
                0x00011184                WriteFrame_EMAC
 .text.CopyToFrame_EMAC_Start
                0x000111b4       0x48 ./lwip-1.4.0/port/CoOS/ethernetif/LPC17xx/EMAC.o
                0x000111b4                CopyToFrame_EMAC_Start
 .text.CopyToFrame_EMAC_End
                0x000111fc       0x38 ./lwip-1.4.0/port/CoOS/ethernetif/LPC17xx/EMAC.o
                0x000111fc                CopyToFrame_EMAC_End
 .text.low_level_init
                0x00011234       0xcc ./lwip-1.4.0/port/CoOS/ethernetif/LPC17xx/ethernetif.o
 .text.low_level_output
                0x00011300       0x80 ./lwip-1.4.0/port/CoOS/ethernetif/LPC17xx/ethernetif.o
 .text.low_level_input
                0x00011380       0x7c ./lwip-1.4.0/port/CoOS/ethernetif/LPC17xx/ethernetif.o
 .text.ethernetif_input
                0x000113fc       0x90 ./lwip-1.4.0/port/CoOS/ethernetif/LPC17xx/ethernetif.o
                0x000113fc                ethernetif_input
 .text.ethernetif_init
                0x0001148c       0x74 ./lwip-1.4.0/port/CoOS/ethernetif/LPC17xx/ethernetif.o
                0x0001148c                ethernetif_init
 .text.sys_mutex_new
                0x00011500       0x24 ./lwip-1.4.0/port/CoOS/arch/sys_arch.o
                0x00011500                sys_mutex_new
 .text.sys_mutex_lock
                0x00011524       0x1c ./lwip-1.4.0/port/CoOS/arch/sys_arch.o
                0x00011524                sys_mutex_lock
 .text.sys_mutex_unlock
                0x00011540       0x1c ./lwip-1.4.0/port/CoOS/arch/sys_arch.o
                0x00011540                sys_mutex_unlock
 .text.sys_mbox_new
                0x0001155c       0x80 ./lwip-1.4.0/port/CoOS/arch/sys_arch.o
                0x0001155c                sys_mbox_new
 .text.sys_mbox_free
                0x000115dc       0x58 ./lwip-1.4.0/port/CoOS/arch/sys_arch.o
                0x000115dc                sys_mbox_free
 .text.sys_mbox_post
                0x00011634       0x20 ./lwip-1.4.0/port/CoOS/arch/sys_arch.o
                0x00011634                sys_mbox_post
 .text.sys_mbox_trypost
                0x00011654       0x38 ./lwip-1.4.0/port/CoOS/arch/sys_arch.o
                0x00011654                sys_mbox_trypost
 .text.sys_arch_mbox_fetch
                0x0001168c       0xc0 ./lwip-1.4.0/port/CoOS/arch/sys_arch.o
                0x0001168c                sys_arch_mbox_fetch
 .text.sys_arch_mbox_tryfetch
                0x0001174c       0x50 ./lwip-1.4.0/port/CoOS/arch/sys_arch.o
                0x0001174c                sys_arch_mbox_tryfetch
 .text.sys_mbox_valid
                0x0001179c       0x28 ./lwip-1.4.0/port/CoOS/arch/sys_arch.o
                0x0001179c                sys_mbox_valid
 .text.sys_mbox_set_invalid
                0x000117c4       0x1c ./lwip-1.4.0/port/CoOS/arch/sys_arch.o
                0x000117c4                sys_mbox_set_invalid
 .text.sys_sem_new
                0x000117e0       0x38 ./lwip-1.4.0/port/CoOS/arch/sys_arch.o
                0x000117e0                sys_sem_new
 .text.sys_arch_sem_wait
                0x00011818       0xb0 ./lwip-1.4.0/port/CoOS/arch/sys_arch.o
                0x00011818                sys_arch_sem_wait
 .text.sys_sem_signal
                0x000118c8       0x1c ./lwip-1.4.0/port/CoOS/arch/sys_arch.o
                0x000118c8                sys_sem_signal
 .text.sys_sem_free
                0x000118e4       0x20 ./lwip-1.4.0/port/CoOS/arch/sys_arch.o
                0x000118e4                sys_sem_free
 .text.sys_sem_valid
                0x00011904       0x28 ./lwip-1.4.0/port/CoOS/arch/sys_arch.o
                0x00011904                sys_sem_valid
 .text.sys_sem_set_invalid
                0x0001192c       0x1c ./lwip-1.4.0/port/CoOS/arch/sys_arch.o
                0x0001192c                sys_sem_set_invalid
 .text.sys_init
                0x00011948       0x38 ./lwip-1.4.0/port/CoOS/arch/sys_arch.o
                0x00011948                sys_init
 .text.sys_thread_new
                0x00011980       0x78 ./lwip-1.4.0/port/CoOS/arch/sys_arch.o
                0x00011980                sys_thread_new
 .text.sys_arch_protect
                0x000119f8       0x10 ./lwip-1.4.0/port/CoOS/arch/sys_arch.o
                0x000119f8                sys_arch_protect
 .text.sys_arch_unprotect
                0x00011a08       0x14 ./lwip-1.4.0/port/CoOS/arch/sys_arch.o
                0x00011a08                sys_arch_unprotect
 .text.ADC_Config
                0x00011a1c       0x74 ./lpc17xx_lib/source/adc.o
                0x00011a1c                ADC_Config
 .text.NVIC_EnableIRQ
                0x00011a90       0x38 ./lpc17xx_lib/source/gpio.o
 .text.LED_Config
                0x00011ac8       0x64 ./lpc17xx_lib/source/gpio.o
                0x00011ac8                LED_Config
 .text.LED_On   0x00011b2c       0x38 ./lpc17xx_lib/source/gpio.o
                0x00011b2c                LED_On
 .text.LED_Off  0x00011b64       0x3c ./lpc17xx_lib/source/gpio.o
                0x00011b64                LED_Off
 .text.LED_Toggle
                0x00011ba0       0x38 ./lpc17xx_lib/source/gpio.o
                0x00011ba0                LED_Toggle
 .text.BUTTON_Config
                0x00011bd8       0x40 ./lpc17xx_lib/source/gpio.o
                0x00011bd8                BUTTON_Config
 .text.DelayTimer_Config
                0x00011c18       0x50 ./lpc17xx_lib/source/timer.o
                0x00011c18                DelayTimer_Config
 .text.delay_ms
                0x00011c68       0x5c ./lpc17xx_lib/source/timer.o
                0x00011c68                delay_ms
 .text.UART2_Config
                0x00011cc4      0x180 ./lpc17xx_lib/source/uart.o
                0x00011cc4                UART2_Config
 .text.UART_PrintChar
                0x00011e44       0x38 ./lpc17xx_lib/source/uart.o
                0x00011e44                UART_PrintChar
 .text.UART_PrintStr
                0x00011e7c       0x50 ./lpc17xx_lib/source/uart.o
                0x00011e7c                UART_PrintStr
 .text.UART2_IRQHandler
                0x00011ecc       0x2c ./lpc17xx_lib/source/uart.o
                0x00011ecc                UART2_IRQHandler
 .text.SPI_Config
                0x00011ef8      0x1c8 ./VS1053/vs1053.o
                0x00011ef8                SPI_Config
 .text.spi_write
                0x000120c0       0x6c ./VS1053/vs1053.o
                0x000120c0                spi_write
 .text.SPI_SetSpeed
                0x0001212c       0x34 ./VS1053/vs1053.o
                0x0001212c                SPI_SetSpeed
 .text.vs_write_reg
                0x00012160       0xa0 ./VS1053/vs1053.o
                0x00012160                vs_write_reg
 .text.vs_read_reg
                0x00012200       0xa8 ./VS1053/vs1053.o
                0x00012200                vs_read_reg
 .text.vs_write_patch
                0x000122a8       0x4c ./VS1053/vs1053.o
                0x000122a8                vs_write_patch
 .text.vs_set_volume
                0x000122f4       0x3c ./VS1053/vs1053.o
                0x000122f4                vs_set_volume
 .text.vs_init  0x00012330      0x144 ./VS1053/vs1053.o
                0x00012330                vs_init
 .text.EINT3_IRQHandler
                0x00012474       0x40 ./VS1053/vs1053.o
                0x00012474                EINT3_IRQHandler
 .text.VS_feed  0x000124b4       0xc8 ./VS1053/vs1053.o
                0x000124b4                VS_feed
 .text.InitTaskContext
                0x0001257c       0x5c ./CoOS/portable/arch.o
                0x0001257c                InitTaskContext
 .text.SysTick_Handler
                0x000125d8       0xe8 ./CoOS/portable/arch.o
                0x000125d8                SysTick_Handler
 .text.Inc8     0x000126c0       0x34 ./CoOS/portable/GCC/port.o
                0x000126c0                Inc8
 .text.Dec8     0x000126f4       0x30 ./CoOS/portable/GCC/port.o
                0x000126f4                Dec8
 .text.IRQ_ENABLE_RESTORE
                0x00012724        0xc ./CoOS/portable/GCC/port.o
                0x00012724                IRQ_ENABLE_RESTORE
 .text.IRQ_DISABLE_SAVE
                0x00012730        0xc ./CoOS/portable/GCC/port.o
                0x00012730                IRQ_DISABLE_SAVE
 .text.SetEnvironment
                0x0001273c        0xc ./CoOS/portable/GCC/port.o
                0x0001273c                SetEnvironment
 .text.SwitchContext
                0x00012748       0x14 ./CoOS/portable/GCC/port.o
                0x00012748                SwitchContext
 .text.PendSV_Handler
                0x0001275c       0x3c ./CoOS/portable/GCC/port.o
                0x0001275c                PendSV_Handler
 .text.CoEnterISR
                0x00012798       0x14 ./CoOS/kernel/core.o
                0x00012798                CoEnterISR
 .text.CoExitISR
                0x000127ac       0x70 ./CoOS/kernel/core.o
                0x000127ac                CoExitISR
 .text.OsSchedUnlock
                0x0001281c       0x68 ./CoOS/kernel/core.o
                0x0001281c                OsSchedUnlock
 .text.CoSchedLock
                0x00012884       0x28 ./CoOS/kernel/core.o
                0x00012884                CoSchedLock
 .text.CoSchedUnlock
                0x000128ac        0xc ./CoOS/kernel/core.o
                0x000128ac                CoSchedUnlock
 .text.CoInitOS
                0x000128b8       0xa4 ./CoOS/kernel/core.o
                0x000128b8                CoInitOS
 .text.CoStartOS
                0x0001295c       0x50 ./CoOS/kernel/core.o
                0x0001295c                CoStartOS
 .text.CreateEventList
                0x000129ac       0x90 ./CoOS/kernel/event.o
                0x000129ac                CreateEventList
 .text.ReleaseECB
                0x00012a3c       0x58 ./CoOS/kernel/event.o
 .text.CreatEvent
                0x00012a94       0xac ./CoOS/kernel/event.o
                0x00012a94                CreatEvent
 .text.DeleteEvent
                0x00012b40       0xa0 ./CoOS/kernel/event.o
                0x00012b40                DeleteEvent
 .text.EventTaskToWait
                0x00012be0      0x114 ./CoOS/kernel/event.o
                0x00012be0                EventTaskToWait
 .text.EventTaskToRdy
                0x00012cf4      0x128 ./CoOS/kernel/event.o
                0x00012cf4                EventTaskToRdy
 .text.RemoveEventWaittingList
                0x00012e1c       0xac ./CoOS/kernel/event.o
                0x00012e1c                RemoveEventWaittingList
 .text.CoSetFlag
                0x00012ec8      0x120 ./CoOS/kernel/flag.o
                0x00012ec8                CoSetFlag
 .text.RemoveFromLink
                0x00012fe8       0x5c ./CoOS/kernel/flag.o
 .text.RemoveLinkNode
                0x00013044       0xa4 ./CoOS/kernel/flag.o
                0x00013044                RemoveLinkNode
 .text.CoIdleTask
                0x000130e8       0x18 ./CoOS/kernel/hook.o
                0x000130e8                CoIdleTask
 .text.CoStkOverflowHook
                0x00013100        0xc ./CoOS/kernel/hook.o
                0x00013100                CoStkOverflowHook
 .text.CoCreateKheap
                0x0001310c       0x74 ./CoOS/kernel/kernelHeap.o
                0x0001310c                CoCreateKheap
 .text.CoPostMail
                0x00013180       0x90 ./CoOS/kernel/mbox.o
                0x00013180                CoPostMail
 .text.CoCreateMemPartition
                0x00013210      0x168 ./CoOS/kernel/mm.o
                0x00013210                CoCreateMemPartition
 .text.CoGetMemoryBuffer
                0x00013378       0x9c ./CoOS/kernel/mm.o
                0x00013378                CoGetMemoryBuffer
 .text.CoFreeMemoryBuffer
                0x00013414       0xec ./CoOS/kernel/mm.o
                0x00013414                CoFreeMemoryBuffer
 .text.CoCreateMutex
                0x00013500       0xa4 ./CoOS/kernel/mutex.o
                0x00013500                CoCreateMutex
 .text.CoEnterMutexSection
                0x000135a4      0x1b4 ./CoOS/kernel/mutex.o
                0x000135a4                CoEnterMutexSection
 .text.CoLeaveMutexSection
                0x00013758      0x160 ./CoOS/kernel/mutex.o
                0x00013758                CoLeaveMutexSection
 .text.CoCreateQueue
                0x000138b8      0x168 ./CoOS/kernel/queue.o
                0x000138b8                CoCreateQueue
 .text.CoDelQueue
                0x00013a20       0xbc ./CoOS/kernel/queue.o
                0x00013a20                CoDelQueue
 .text.CoAcceptQueueMail
                0x00013adc       0xe4 ./CoOS/kernel/queue.o
                0x00013adc                CoAcceptQueueMail
 .text.CoPendQueueMail
                0x00013bc0      0x1a8 ./CoOS/kernel/queue.o
                0x00013bc0                CoPendQueueMail
 .text.CoPostQueueMail
                0x00013d68       0xcc ./CoOS/kernel/queue.o
                0x00013d68                CoPostQueueMail
 .text.CoCreateSem
                0x00013e34       0x6c ./CoOS/kernel/sem.o
                0x00013e34                CoCreateSem
 .text.CoDelSem
                0x00013ea0       0x58 ./CoOS/kernel/sem.o
                0x00013ea0                CoDelSem
 .text.CoPendSem
                0x00013ef8      0x128 ./CoOS/kernel/sem.o
                0x00013ef8                CoPendSem
 .text.CoPostSem
                0x00014020       0x90 ./CoOS/kernel/sem.o
                0x00014020                CoPostSem
 .text.isr_PostSem
                0x000140b0       0x50 ./CoOS/kernel/sem.o
                0x000140b0                isr_PostSem
 .text.InsertInSRQ
                0x00014100       0xb0 ./CoOS/kernel/serviceReq.o
                0x00014100                InsertInSRQ
 .text.RespondSRQ
                0x000141b0      0x158 ./CoOS/kernel/serviceReq.o
                0x000141b0                RespondSRQ
 .text.CreateTCBList
                0x00014308       0x7c ./CoOS/kernel/task.o
                0x00014308                CreateTCBList
 .text.InsertToTCBRdyList
                0x00014384      0x130 ./CoOS/kernel/task.o
                0x00014384                InsertToTCBRdyList
 .text.RemoveFromTCBRdyList
                0x000144b4       0xa4 ./CoOS/kernel/task.o
                0x000144b4                RemoveFromTCBRdyList
 .text.CoSetPriority
                0x00014558      0x214 ./CoOS/kernel/task.o
                0x00014558                CoSetPriority
 .text.Schedule
                0x0001476c      0x1ac ./CoOS/kernel/task.o
                0x0001476c                Schedule
 .text.AssignTCB
                0x00014918       0x6c ./CoOS/kernel/task.o
 .text.CreateTask
                0x00014984      0x15c ./CoOS/kernel/task.o
                0x00014984                CreateTask
 .text.CoSuspendTask
                0x00014ae0       0xc8 ./CoOS/kernel/task.o
                0x00014ae0                CoSuspendTask
 .text.CoAwakeTask
                0x00014ba8       0xc4 ./CoOS/kernel/task.o
                0x00014ba8                CoAwakeTask
 .text.InsertDelayList
                0x00014c6c      0x118 ./CoOS/kernel/time.o
                0x00014c6c                InsertDelayList
 .text.RemoveDelayList
                0x00014d84       0xc8 ./CoOS/kernel/time.o
                0x00014d84                RemoveDelayList
 .text.CoGetOSTime
                0x00014e4c       0x1c ./CoOS/kernel/time.o
                0x00014e4c                CoGetOSTime
 .text.CoTickDelay
                0x00014e68       0x90 ./CoOS/kernel/time.o
                0x00014e68                CoTickDelay
 .text.TimeDispose
                0x00014ef8       0x88 ./CoOS/kernel/time.o
                0x00014ef8                TimeDispose
 .text.isr_TimeDispose
                0x00014f80       0x38 ./CoOS/kernel/time.o
                0x00014f80                isr_TimeDispose
 .text.InsertTmrList
                0x00014fb8      0x2d4 ./CoOS/kernel/timer.o
 .text.RemoveTmrList
                0x0001528c      0x104 ./CoOS/kernel/timer.o
 .text.CoCreateTmr
                0x00015390      0x1b8 ./CoOS/kernel/timer.o
                0x00015390                CoCreateTmr
 .text.CoStartTmr
                0x00015548       0x94 ./CoOS/kernel/timer.o
                0x00015548                CoStartTmr
 .text.TmrDispose
                0x000155dc       0x84 ./CoOS/kernel/timer.o
                0x000155dc                TmrDispose
 .text.isr_TmrDispose
                0x00015660       0x38 ./CoOS/kernel/timer.o
                0x00015660                isr_TmrDispose
 .text.SystemInit
                0x00015698       0xe4 D:\MyDesigns\LPCXpresso\CMSISv2p00_LPC17xx\Debug\libCMSISv2p00_LPC17xx.a(system_LPC17xx.o)
                0x00015698                SystemInit
 .text.__main   0x0001577c       0x14 f:/nxp/lpcxpresso_4.1.5_219/lpcxpresso/tools/bin/../lib/gcc/arm-none-eabi/4.5.1/../../../../arm-none-eabi/lib/thumb2\libcr_nohost.a(_cr__main.o)
                0x0001577c                __main
 .text._initio  0x00015790       0x9c f:/nxp/lpcxpresso_4.1.5_219/lpcxpresso/tools/bin/../lib/gcc/arm-none-eabi/4.5.1/../../../../arm-none-eabi/lib/thumb2\libcr_c.a(initio.o)
                0x00015790                _initio
 .text.ch_val   0x0001582c       0x38 f:/nxp/lpcxpresso_4.1.5_219/lpcxpresso/tools/bin/../lib/gcc/arm-none-eabi/4.5.1/../../../../arm-none-eabi/lib/thumb2\libcr_c.a(scanf.o)
 .text._strtoul
                0x00015864       0xc0 f:/nxp/lpcxpresso_4.1.5_219/lpcxpresso/tools/bin/../lib/gcc/arm-none-eabi/4.5.1/../../../../arm-none-eabi/lib/thumb2\libcr_c.a(scanf.o)
 .text.strtol   0x00015924       0x78 f:/nxp/lpcxpresso_4.1.5_219/lpcxpresso/tools/bin/../lib/gcc/arm-none-eabi/4.5.1/../../../../arm-none-eabi/lib/thumb2\libcr_c.a(scanf.o)
                0x00015924                strtol
 .text.atoi     0x0001599c       0x18 f:/nxp/lpcxpresso_4.1.5_219/lpcxpresso/tools/bin/../lib/gcc/arm-none-eabi/4.5.1/../../../../arm-none-eabi/lib/thumb2\libcr_c.a(scanf.o)
                0x0001599c                atoi
 .text.setvbuf  0x000159b4       0x48 f:/nxp/lpcxpresso_4.1.5_219/lpcxpresso/tools/bin/../lib/gcc/arm-none-eabi/4.5.1/../../../../arm-none-eabi/lib/thumb2\libcr_c.a(setvbuf.o)
                0x000159b4                setvbuf
 .text.strlen   0x000159fc       0x4e f:/nxp/lpcxpresso_4.1.5_219/lpcxpresso/tools/bin/../lib/gcc/arm-none-eabi/4.5.1/../../../../arm-none-eabi/lib/thumb2\libcr_c.a(strlen.o)
                0x000159fc                strlen
 .text.strstr   0x00015a4a       0x20 f:/nxp/lpcxpresso_4.1.5_219/lpcxpresso/tools/bin/../lib/gcc/arm-none-eabi/4.5.1/../../../../arm-none-eabi/lib/thumb2\libcr_c.a(strstr.o)
                0x00015a4a                strstr
 .text.memcpy   0x00015a6a        0x4 f:/nxp/lpcxpresso_4.1.5_219/lpcxpresso/tools/bin/../lib/gcc/arm-none-eabi/4.5.1/../../../../arm-none-eabi/lib/thumb2\libcr_c.a(memcpy.o)
                0x00015a6a                memcpy
 .text.memset   0x00015a6e        0x4 f:/nxp/lpcxpresso_4.1.5_219/lpcxpresso/tools/bin/../lib/gcc/arm-none-eabi/4.5.1/../../../../arm-none-eabi/lib/thumb2\libcr_c.a(memset.o)
                0x00015a6e                memset
 .text._deferredlazyseek
                0x00015a72       0x44 f:/nxp/lpcxpresso_4.1.5_219/lpcxpresso/tools/bin/../lib/gcc/arm-none-eabi/4.5.1/../../../../arm-none-eabi/lib/thumb2\libcr_c.a(_deferredlazyseek.o)
                0x00015a72                _deferredlazyseek
 .text._fdopen  0x00015ab6       0x6e f:/nxp/lpcxpresso_4.1.5_219/lpcxpresso/tools/bin/../lib/gcc/arm-none-eabi/4.5.1/../../../../arm-none-eabi/lib/thumb2\libcr_c.a(_fdopen.o)
                0x00015ab6                _fdopen
 .text._fflush  0x00015b24       0x58 f:/nxp/lpcxpresso_4.1.5_219/lpcxpresso/tools/bin/../lib/gcc/arm-none-eabi/4.5.1/../../../../arm-none-eabi/lib/thumb2\libcr_c.a(_fflush.o)
                0x00015b24                _fflush
 .text._Cwritebuf
                0x00015b7c       0x88 f:/nxp/lpcxpresso_4.1.5_219/lpcxpresso/tools/bin/../lib/gcc/arm-none-eabi/4.5.1/../../../../arm-none-eabi/lib/thumb2\libcr_c.a(_writebuf.o)
                0x00015b7c                _Cwritebuf
 .text.malloc   0x00015c04       0xd0 f:/nxp/lpcxpresso_4.1.5_219/lpcxpresso/tools/bin/../lib/gcc/arm-none-eabi/4.5.1/../../../../arm-none-eabi/lib/thumb2\libcr_c.a(alloc.o)
                0x00015c04                malloc
 .text.free     0x00015cd4        0xa f:/nxp/lpcxpresso_4.1.5_219/lpcxpresso/tools/bin/../lib/gcc/arm-none-eabi/4.5.1/../../../../arm-none-eabi/lib/thumb2\libcr_c.a(alloc.o)
                0x00015cd4                free
 *fill*         0x00015cde        0x2 00
 .text._Csys_alloc
                0x00015ce0       0x20 f:/nxp/lpcxpresso_4.1.5_219/lpcxpresso/tools/bin/../lib/gcc/arm-none-eabi/4.5.1/../../../../arm-none-eabi/lib/thumb2\libcr_c.a(alloc.o)
                0x00015ce0                _Csys_alloc
 .text.fclose   0x00015d00       0x72 f:/nxp/lpcxpresso_4.1.5_219/lpcxpresso/tools/bin/../lib/gcc/arm-none-eabi/4.5.1/../../../../arm-none-eabi/lib/thumb2\libcr_c.a(fclose.o)
                0x00015d00                fclose
 *fill*         0x00015d72        0x2 00
 .text.fflush   0x00015d74       0x34 f:/nxp/lpcxpresso_4.1.5_219/lpcxpresso/tools/bin/../lib/gcc/arm-none-eabi/4.5.1/../../../../arm-none-eabi/lib/thumb2\libcr_c.a(fflush.o)
                0x00015d74                fflush
 .text.fseek    0x00015da8      0x110 f:/nxp/lpcxpresso_4.1.5_219/lpcxpresso/tools/bin/../lib/gcc/arm-none-eabi/4.5.1/../../../../arm-none-eabi/lib/thumb2\libcr_c.a(fseek.o)
                0x00015da8                fseek
 .text.ftell    0x00015eb8       0x50 f:/nxp/lpcxpresso_4.1.5_219/lpcxpresso/tools/bin/../lib/gcc/arm-none-eabi/4.5.1/../../../../arm-none-eabi/lib/thumb2\libcr_c.a(ftell.o)
                0x00015eb8                ftell
 .text.remove   0x00015f08       0x14 f:/nxp/lpcxpresso_4.1.5_219/lpcxpresso/tools/bin/../lib/gcc/arm-none-eabi/4.5.1/../../../../arm-none-eabi/lib/thumb2\libcr_c.a(remove.o)
                0x00015f08                remove
 .text._do_fflush
                0x00015f1c       0x44 f:/nxp/lpcxpresso_4.1.5_219/lpcxpresso/tools/bin/../lib/gcc/arm-none-eabi/4.5.1/../../../../arm-none-eabi/lib/thumb2\libcr_c.a(_do_fflush.o)
                0x00015f1c                _do_fflush
 .text.__aeabi_memcpy
                0x00015f60       0x26 f:/nxp/lpcxpresso_4.1.5_219/lpcxpresso/tools/bin/../lib/gcc/arm-none-eabi/4.5.1/thumb2\libcr_eabihelpers.a(memcpy.o)
                0x00015f60                __aeabi_memcpy4
                0x00015f60                __aeabi_memcpy8
                0x00015f60                __aeabi_memcpy
 .text.__aeabi_memset_lowlevel
                0x00015f86       0x24 f:/nxp/lpcxpresso_4.1.5_219/lpcxpresso/tools/bin/../lib/gcc/arm-none-eabi/4.5.1/thumb2\libcr_eabihelpers.a(memcpy.o)
                0x00015f86                __aeabi_lowlevel_memset
 .text.__sys_appexit
                0x00015faa        0x2 f:/nxp/lpcxpresso_4.1.5_219/lpcxpresso/tools/bin/../lib/gcc/arm-none-eabi/4.5.1/../../../../arm-none-eabi/lib/thumb2\libcr_nohost.a(__sys_appexit.o)
                0x00015faa                __sys_appexit
                0x00015faa                __exit
 .text.__sys_close
                0x00015fac        0x6 f:/nxp/lpcxpresso_4.1.5_219/lpcxpresso/tools/bin/../lib/gcc/arm-none-eabi/4.5.1/../../../../arm-none-eabi/lib/thumb2\libcr_nohost.a(__sys_close.o)
                0x00015fac                __sys_close
 .text.__sys_flen
                0x00015fb2        0x6 f:/nxp/lpcxpresso_4.1.5_219/lpcxpresso/tools/bin/../lib/gcc/arm-none-eabi/4.5.1/../../../../arm-none-eabi/lib/thumb2\libcr_nohost.a(__sys_flen.o)
                0x00015fb2                __sys_flen
 .text.__sys_istty
                0x00015fb8        0x6 f:/nxp/lpcxpresso_4.1.5_219/lpcxpresso/tools/bin/../lib/gcc/arm-none-eabi/4.5.1/../../../../arm-none-eabi/lib/thumb2\libcr_nohost.a(__sys_istty.o)
                0x00015fb8                __sys_istty
 .text.__sys_remove
                0x00015fbe        0x6 f:/nxp/lpcxpresso_4.1.5_219/lpcxpresso/tools/bin/../lib/gcc/arm-none-eabi/4.5.1/../../../../arm-none-eabi/lib/thumb2\libcr_nohost.a(__sys_remove.o)
                0x00015fbe                __sys_remove
 .text.__sys_seek
                0x00015fc4        0x6 f:/nxp/lpcxpresso_4.1.5_219/lpcxpresso/tools/bin/../lib/gcc/arm-none-eabi/4.5.1/../../../../arm-none-eabi/lib/thumb2\libcr_nohost.a(__sys_seek.o)
                0x00015fc4                __sys_seek
 .text.__sys_tmpnam
                0x00015fca        0x6 f:/nxp/lpcxpresso_4.1.5_219/lpcxpresso/tools/bin/../lib/gcc/arm-none-eabi/4.5.1/../../../../arm-none-eabi/lib/thumb2\libcr_nohost.a(__sys_tmpnam.o)
                0x00015fca                __sys_tmpnam
 .text.__sys_write
                0x00015fd0        0x4 f:/nxp/lpcxpresso_4.1.5_219/lpcxpresso/tools/bin/../lib/gcc/arm-none-eabi/4.5.1/../../../../arm-none-eabi/lib/thumb2\libcr_nohost.a(__sys_write.o)
                0x00015fd0                __sys_write
                0x00015fd0                __write
 .text._sbrk    0x00015fd4       0x40 f:/nxp/lpcxpresso_4.1.5_219/lpcxpresso/tools/bin/../lib/gcc/arm-none-eabi/4.5.1/../../../../arm-none-eabi/lib/thumb2\libcr_nohost.a(_cr_sbrk.o)
                0x00015fd4                _sbrk
 .text.__check_heap_overflow
                0x00016014       0x2c f:/nxp/lpcxpresso_4.1.5_219/lpcxpresso/tools/bin/../lib/gcc/arm-none-eabi/4.5.1/../../../../arm-none-eabi/lib/thumb2\libcr_nohost.a(_cr_check_heap.o)
                0x00016014                __check_heap_overflow
 *(.rodata .rodata.*)
 .rodata.str1.1
                0x00016040       0x2b ./src/cr_startup_lpc176x.o
 *fill*         0x0001606b        0x1 00
 .rodata.http_html_hdr
                0x0001606c       0x30 ./src/httpserver.o
 .rodata.http_index_html
                0x0001609c       0x50 ./src/httpserver.o
 .rodata.http_index_html_2
                0x000160ec       0xcc ./src/httpserver.o
 .rodata        0x000161b8       0x28 ./src/httpserver.o
 .rodata        0x000161e0      0x184 ./src/shoutcast.o
 .rodata.ethbroadcast
                0x00016364        0x8 ./lwip-1.4.0/src/netif/etharp.o
                0x00016364                ethbroadcast
 .rodata.ethzero
                0x0001636c        0x8 ./lwip-1.4.0/src/netif/etharp.o
                0x0001636c                ethzero
 .rodata.memp_sizes
                0x00016374       0x1c ./lwip-1.4.0/src/core/memp.o
 .rodata.memp_num
                0x00016390       0x1c ./lwip-1.4.0/src/core/memp.o
 .rodata        0x000163ac       0x94 ./lwip-1.4.0/src/core/stats.o
 .rodata.C.0.2001
                0x00016440       0x34 ./lwip-1.4.0/src/core/stats.o
 .rodata.C.1.2005
                0x00016474       0x34 ./lwip-1.4.0/src/core/stats.o
 .rodata.tcp_backoff
                0x000164a8       0x10 ./lwip-1.4.0/src/core/tcp.o
                0x000164a8                tcp_backoff
 .rodata.tcp_persist_backoff
                0x000164b8        0x8 ./lwip-1.4.0/src/core/tcp.o
                0x000164b8                tcp_persist_backoff
 .rodata.tcp_pcb_lists
                0x000164c0       0x10 ./lwip-1.4.0/src/core/tcp.o
                0x000164c0                tcp_pcb_lists
 .rodata.ip_addr_any
                0x000164d0        0x4 ./lwip-1.4.0/src/core/ipv4/ip_addr.o
                0x000164d0                ip_addr_any
 .rodata.ip_addr_broadcast
                0x000164d4        0x4 ./lwip-1.4.0/src/core/ipv4/ip_addr.o
                0x000164d4                ip_addr_broadcast
 .rodata        0x000164d8       0x10 ./lwip-1.4.0/src/api/tcpip.o
 .rodata.sample
                0x000164e8     0x4000 ./VS1053/vs1053.o
                0x000164e8                sample
 .rodata.dpatch
                0x0001a4e8     0x35dc ./VS1053/vs_patch.o
                0x0001a4e8                dpatch
 .rodata.apatch
                0x0001dac4     0x1af0 ./VS1053/vs_patch.o
                0x0001dac4                apatch
 .rodata        0x0001f5b4        0x8 ./CoOS/kernel/hook.o
 .rodata.str1.1
                0x0001f5bc        0x4 f:/nxp/lpcxpresso_4.1.5_219/lpcxpresso/tools/bin/../lib/gcc/arm-none-eabi/4.5.1/../../../../arm-none-eabi/lib/thumb2\libcr_c.a(initio.o)
 .rodata.str1.1
                0x0001f5c0       0x18 f:/nxp/lpcxpresso_4.1.5_219/lpcxpresso/tools/bin/../lib/gcc/arm-none-eabi/4.5.1/../../../../arm-none-eabi/lib/thumb2\libcr_c.a(alloc.o)
 .rodata.__ctype
                0x0001f5d8      0x180 f:/nxp/lpcxpresso_4.1.5_219/lpcxpresso/tools/bin/../lib/gcc/arm-none-eabi/4.5.1/../../../../arm-none-eabi/lib/thumb2\libcr_c.a(ctype.o)
                0x0001f5d8                __ctype
                0x0001f758                . = ALIGN (0x4)

.glue_7         0x0001f758        0x0
 .glue_7        0x00000000        0x0 linker stubs

.glue_7t        0x0001f758        0x0
 .glue_7t       0x00000000        0x0 linker stubs

.vfp11_veneer   0x0001f758        0x0
 .vfp11_veneer  0x00000000        0x0 linker stubs

.v4_bx          0x0001f758        0x0
 .v4_bx         0x00000000        0x0 linker stubs

.ARM.extab
 *(.ARM.extab* .gnu.linkonce.armextab.*)
                0x0001f758                __exidx_start = .

.ARM.exidx
 *(.ARM.exidx* .gnu.linkonce.armexidx.*)
                0x0001f758                __exidx_end = .
                0x0001f758                _etext = .

.data_RAM2      0x2007c000        0x0 load address 0x0001f758
 FILL mask 0xff
 *(.data.$RAM2*)
 *(.data.$RamAHB32*)
                0x2007c000                . = ALIGN (0x4)

.uninit_RESERVED
 *(.bss.$RESERVED*)

.data           0x10000000       0x14 load address 0x0001f758
 FILL mask 0xff
                0x10000000                _data = .
 *(vtable)
 *(.data*)
 .data.xid.2228
                0x10000000        0x4 ./lwip-1.4.0/src/core/dhcp.o
 .data.iss.2296
                0x10000004        0x4 ./lwip-1.4.0/src/core/tcp.o
 .data.port.2136
                0x10000008        0x2 ./lwip-1.4.0/src/core/tcp.o
 *fill*         0x1000000a        0x2 00
 .data.NVIC_INT_CTRL
                0x1000000c        0x4 ./CoOS/portable/GCC/port.o
                0x1000000c                NVIC_INT_CTRL
 .data.NVIC_PENDSVSET
                0x10000010        0x4 ./CoOS/portable/GCC/port.o
                0x10000010                NVIC_PENDSVSET
                0x10000014                . = ALIGN (0x4)
                0x10000014                _edata = .

.bss_RAM2       0x2007c000     0x1800
 *(.bss.$RAM2*)
 .bss.$RAM2     0x2007c000     0x1800 ./src/shoutcast.o
                0x2007c000                mybuf
 *(.bss.$RamAHB32*)
                0x2007d800                . = ALIGN (0x4)

.bss            0x10000018     0x4bdc
                0x10000018                _bss = .
 *(.bss*)
 .bss.RAM_bufhead
                0x10000018        0x4 ./src/external_RAM.o
                0x10000018                RAM_bufhead
 .bss.RAM_buftail
                0x1000001c        0x4 ./src/external_RAM.o
                0x1000001c                RAM_buftail
 .bss.dhcpcnt   0x10000020        0x2 ./src/main.o
                0x10000020                dhcpcnt
 .bss.dhcpflag  0x10000022        0x1 ./src/main.o
                0x10000022                dhcpflag
 .bss.last_vol.3616
                0x10000023        0x1 ./src/main.o
 .bss.arp_table
                0x10000024       0xa0 ./lwip-1.4.0/src/netif/etharp.o
 .bss.etharp_cached_entry
                0x100000c4        0x1 ./lwip-1.4.0/src/netif/etharp.o
 *fill*         0x100000c5        0x3 00
 .bss.ram       0x100000c8        0x4 ./lwip-1.4.0/src/core/mem.o
 .bss.ram_end   0x100000cc        0x4 ./lwip-1.4.0/src/core/mem.o
 .bss.lfree     0x100000d0        0x4 ./lwip-1.4.0/src/core/mem.o
 .bss.mem_mutex
                0x100000d4        0x1 ./lwip-1.4.0/src/core/mem.o
 *fill*         0x100000d5        0x3 00
 .bss.memp_tab  0x100000d8       0x34 ./lwip-1.4.0/src/core/memp.o
 .bss.memp_memory
                0x1000010c     0x1f78 ./lwip-1.4.0/src/core/memp.o
 .bss.netifnum.1982
                0x10002084        0x1 ./lwip-1.4.0/src/core/netif.o
 .bss.pbuf_free_ooseq_queued
                0x10002085        0x1 ./lwip-1.4.0/src/core/pbuf.o
 *fill*         0x10002086        0x2 00
 .bss.raw_pcbs  0x10002088        0x4 ./lwip-1.4.0/src/core/raw.o
 .bss.tcp_timer
                0x1000208c        0x1 ./lwip-1.4.0/src/core/tcp.o
 *fill*         0x1000208d        0x3 00
 .bss.inseg     0x10002090       0x14 ./lwip-1.4.0/src/core/tcp_in.o
 .bss.tcphdr    0x100020a4        0x4 ./lwip-1.4.0/src/core/tcp_in.o
 .bss.iphdr     0x100020a8        0x4 ./lwip-1.4.0/src/core/tcp_in.o
 .bss.seqno     0x100020ac        0x4 ./lwip-1.4.0/src/core/tcp_in.o
 .bss.ackno     0x100020b0        0x4 ./lwip-1.4.0/src/core/tcp_in.o
 .bss.flags     0x100020b4        0x1 ./lwip-1.4.0/src/core/tcp_in.o
 *fill*         0x100020b5        0x1 00
 .bss.tcplen    0x100020b6        0x2 ./lwip-1.4.0/src/core/tcp_in.o
 .bss.recv_flags
                0x100020b8        0x1 ./lwip-1.4.0/src/core/tcp_in.o
 *fill*         0x100020b9        0x3 00
 .bss.recv_data
                0x100020bc        0x4 ./lwip-1.4.0/src/core/tcp_in.o
 .bss.next_timeout
                0x100020c0        0x4 ./lwip-1.4.0/src/core/timers.o
 .bss.tcpip_tcp_timer_active
                0x100020c4        0x4 ./lwip-1.4.0/src/core/timers.o
 .bss.ip_id     0x100020c8        0x2 ./lwip-1.4.0/src/core/ipv4/ip.o
 *fill*         0x100020ca        0x2 00
 .bss.tcpip_init_done
                0x100020cc        0x4 ./lwip-1.4.0/src/api/tcpip.o
 .bss.tcpip_init_done_arg
                0x100020d0        0x4 ./lwip-1.4.0/src/api/tcpip.o
 .bss.mbox      0x100020d4        0x1 ./lwip-1.4.0/src/api/tcpip.o
 *fill*         0x100020d5        0x3 00
 .bss.rptr      0x100020d8        0x4 ./lwip-1.4.0/port/CoOS/ethernetif/LPC17xx/EMAC.o
 .bss.tptr      0x100020dc        0x4 ./lwip-1.4.0/port/CoOS/ethernetif/LPC17xx/EMAC.o
 .bss.cnt       0x100020e0        0x4 ./lwip-1.4.0/port/CoOS/ethernetif/LPC17xx/EMAC.o
                0x100020e0                cnt
 .bss.LastRxProd.2684
                0x100020e4        0x1 ./lwip-1.4.0/port/CoOS/ethernetif/LPC17xx/EMAC.o
 *fill*         0x100020e5        0x3 00
 .bss.queue_memory_pool
                0x100020e8      0x190 ./lwip-1.4.0/port/CoOS/arch/sys_arch.o
 .bss.queue_pool
                0x10002278        0x1 ./lwip-1.4.0/port/CoOS/arch/sys_arch.o
 .bss.current_task
                0x10002279        0x1 ./lwip-1.4.0/port/CoOS/arch/sys_arch.o
 *fill*         0x1000227a        0x6 00
 .bss.OSTickCnt
                0x10002280        0x8 ./CoOS/portable/arch.o
                0x10002280                OSTickCnt
 .bss.OSIntNesting
                0x10002288        0x1 ./CoOS/kernel/core.o
                0x10002288                OSIntNesting
 .bss.OSSchedLock
                0x10002289        0x1 ./CoOS/kernel/core.o
                0x10002289                OSSchedLock
 .bss.TaskSchedReq
                0x1000228a        0x1 ./CoOS/kernel/core.o
                0x1000228a                TaskSchedReq
 *fill*         0x1000228b        0x1 00
 .bss.EventTbl  0x1000228c      0x140 ./CoOS/kernel/event.o
                0x1000228c                EventTbl
 .bss.FreeEventList
                0x100023cc        0x4 ./CoOS/kernel/event.o
                0x100023cc                FreeEventList
 .bss.FlagCrl   0x100023d0       0x14 ./CoOS/kernel/flag.o
                0x100023d0                FlagCrl
 .bss.KernelHeap
                0x100023e4       0xc8 ./CoOS/kernel/kernelHeap.o
                0x100023e4                KernelHeap
 .bss.FMBlist   0x100024ac        0x4 ./CoOS/kernel/kernelHeap.o
                0x100024ac                FMBlist
 .bss.Kheap     0x100024b0        0x8 ./CoOS/kernel/kernelHeap.o
                0x100024b0                Kheap
 .bss.MemoryTbl
                0x100024b8       0x20 ./CoOS/kernel/mm.o
                0x100024b8                MemoryTbl
 .bss.MemoryIDVessel
                0x100024d8        0x4 ./CoOS/kernel/mm.o
                0x100024d8                MemoryIDVessel
 .bss.MutexFreeID
                0x100024dc        0x1 ./CoOS/kernel/mutex.o
                0x100024dc                MutexFreeID
 *fill*         0x100024dd        0x3 00
 .bss.MutexTbl  0x100024e0       0x50 ./CoOS/kernel/mutex.o
                0x100024e0                MutexTbl
 .bss.QueueTbl  0x10002530       0x50 ./CoOS/kernel/queue.o
                0x10002530                QueueTbl
 .bss.QueueIDVessel
                0x10002580        0x4 ./CoOS/kernel/queue.o
                0x10002580                QueueIDVessel
 .bss.ServiceReq
                0x10002584       0x1c ./CoOS/kernel/serviceReq.o
                0x10002584                ServiceReq
 .bss.IsrReq    0x100025a0        0x1 ./CoOS/kernel/serviceReq.o
                0x100025a0                IsrReq
 .bss.TimeReq   0x100025a1        0x1 ./CoOS/kernel/serviceReq.o
                0x100025a1                TimeReq
 .bss.TimerReq  0x100025a2        0x1 ./CoOS/kernel/serviceReq.o
                0x100025a2                TimerReq
 *fill*         0x100025a3        0x1 00
 .bss.TCBTbl    0x100025a4      0x160 ./CoOS/kernel/task.o
                0x100025a4                TCBTbl
 .bss.idle_stk  0x10002704      0x190 ./CoOS/kernel/task.o
                0x10002704                idle_stk
 .bss.FreeTCB   0x10002894        0x4 ./CoOS/kernel/task.o
                0x10002894                FreeTCB
 .bss.TCBRdy    0x10002898        0x4 ./CoOS/kernel/task.o
                0x10002898                TCBRdy
 .bss.TCBNext   0x1000289c        0x4 ./CoOS/kernel/task.o
                0x1000289c                TCBNext
 .bss.TCBRunning
                0x100028a0        0x4 ./CoOS/kernel/task.o
                0x100028a0                TCBRunning
 *fill*         0x100028a4        0x4 00
 .bss.OSCheckTime
                0x100028a8        0x8 ./CoOS/kernel/task.o
                0x100028a8                OSCheckTime
 .bss.DlyList   0x100028b0        0x4 ./CoOS/kernel/time.o
                0x100028b0                DlyList
 .bss.TmrTbl    0x100028b4       0x30 ./CoOS/kernel/timer.o
                0x100028b4                TmrTbl
 .bss.TmrList   0x100028e4        0x4 ./CoOS/kernel/timer.o
                0x100028e4                TmrList
 .bss.TmrIDVessel
                0x100028e8        0x4 ./CoOS/kernel/timer.o
                0x100028e8                TmrIDVessel
 .bss.errno     0x100028ec        0x4 f:/nxp/lpcxpresso_4.1.5_219/lpcxpresso/tools/bin/../lib/gcc/arm-none-eabi/4.5.1/../../../../arm-none-eabi/lib/thumb2\libcr_c.a(errno.o)
                0x100028ec                errno
 *(COMMON)
 COMMON         0x100028f0      0x320 ./src/httpserver.o
                0x100028f0                stkHttp
 COMMON         0x10002c10      0x348 ./src/main.o
                0x10002c10                VS_TSK_ID
                0x10002c11                timer
                0x10002c12                SPI_Mutex
                0x10002c14                lpc17xx_netif
                0x10002c18                SPI0_Mutex
                0x10002c1c                ipadres
                0x10002c2c                semDhcpCmpl
                0x10002c2d                LIVE_TSK_ID
                0x10002c30                vs_task_stk
                0x10002dc0                semDhcpCmpl_2
                0x10002dc4                loop_netif
                0x10002dc8                IamLive_stk
 COMMON         0x10002f58      0x70c ./src/shoutcast.o
                0x10002f58                Title
                0x10002fbc                stkScast
                0x100035fc                RadioInf
 COMMON         0x10003664       0x34 ./lwip-1.4.0/src/core/dhcp.o
                0x10003664                dhcp_rx_options_given
                0x10003670                dhcp_rx_options_val
 COMMON         0x10003698      0x814 ./lwip-1.4.0/src/core/mem.o
                0x10003698                ram_heap
 COMMON         0x10003eac        0x8 ./lwip-1.4.0/src/core/netif.o
                0x10003eac                netif_list
                0x10003eb0                netif_default
 COMMON         0x10003eb4       0xd0 ./lwip-1.4.0/src/core/stats.o
                0x10003eb4                lwip_stats
 COMMON         0x10003f84       0x18 ./lwip-1.4.0/src/core/tcp.o
                0x10003f84                tcp_active_pcbs
                0x10003f88                tcp_ticks
                0x10003f8c                tcp_listen_pcbs
                0x10003f90                tcp_tmp_pcb
                0x10003f94                tcp_bound_pcbs
                0x10003f98                tcp_tw_pcbs
 COMMON         0x10003f9c        0x4 ./lwip-1.4.0/src/core/tcp_in.o
                0x10003f9c                tcp_input_pcb
 COMMON         0x10003fa0        0x4 ./lwip-1.4.0/src/core/udp.o
                0x10003fa0                udp_pcbs
 COMMON         0x10003fa4       0x10 ./lwip-1.4.0/src/core/ipv4/ip.o
                0x10003fa4                current_iphdr_src
                0x10003fa8                current_netif
                0x10003fac                current_iphdr_dest
                0x10003fb0                current_header
 COMMON         0x10003fb4      0x4b0 ./lwip-1.4.0/src/api/tcpip.o
                0x10003fb4                stkTcpipThread
 COMMON         0x10004464      0x642 ./lwip-1.4.0/port/CoOS/ethernetif/LPC17xx/ethernetif.o
                0x10004464                stkEthif
                0x10004aa4                semEthRx
                0x10004aa5                semEthTx
 *fill*         0x10004aa6        0x2 00
 COMMON         0x10004aa8        0x4 f:/nxp/lpcxpresso_4.1.5_219/lpcxpresso/tools/bin/../lib/gcc/arm-none-eabi/4.5.1/../../../../arm-none-eabi/lib/thumb2\libcr_c.a(initio.o)
                0x10004aa8                _extra
 COMMON         0x10004aac      0x140 f:/nxp/lpcxpresso_4.1.5_219/lpcxpresso/tools/bin/../lib/gcc/arm-none-eabi/4.5.1/../../../../arm-none-eabi/lib/thumb2\libcr_c.a(stdio.o)
                0x10004aac                __Ciob
 COMMON         0x10004bec        0x8 f:/nxp/lpcxpresso_4.1.5_219/lpcxpresso/tools/bin/../lib/gcc/arm-none-eabi/4.5.1/../../../../arm-none-eabi/lib/thumb2\libcr_c.a(__init_alloc.o)
                0x10004bec                __heaps
                0x10004bf0                __end_of_heap
                0x10004bf4                . = ALIGN (0x4)
                0x10004bf4                _ebss = .
                0x10004bf4                PROVIDE (end, .)
                0x10004bf4                PROVIDE (_pvHeapStart, .)
                0x10008000                PROVIDE (_vStackTop, (__top_RamLoc32 - 0x0))
OUTPUT(TCPv2.axf elf32-littlearm)

.debug_abbrev   0x00000000     0x5853
 .debug_abbrev  0x00000000       0xd2 ./stdio/printuart.o
 .debug_abbrev  0x000000d2      0x15f ./src/cr_startup_lpc176x.o
 .debug_abbrev  0x00000231      0x20f ./src/external_RAM.o
 .debug_abbrev  0x00000440      0x185 ./src/httpserver.o
 .debug_abbrev  0x000005c5      0x1af ./src/main.o
 .debug_abbrev  0x00000774      0x1bd ./src/shoutcast.o
 .debug_abbrev  0x00000931      0x1f2 ./lwip-1.4.0/src/netif/etharp.o
 .debug_abbrev  0x00000b23       0x21 ./lwip-1.4.0/src/netif/ethernetif.o
 .debug_abbrev  0x00000b44       0x21 ./lwip-1.4.0/src/netif/slipif.o
 .debug_abbrev  0x00000b65       0x21 ./lwip-1.4.0/src/netif/ppp/auth.o
 .debug_abbrev  0x00000b86       0x21 ./lwip-1.4.0/src/netif/ppp/chap.o
 .debug_abbrev  0x00000ba7       0x21 ./lwip-1.4.0/src/netif/ppp/chpms.o
 .debug_abbrev  0x00000bc8       0x21 ./lwip-1.4.0/src/netif/ppp/fsm.o
 .debug_abbrev  0x00000be9       0x21 ./lwip-1.4.0/src/netif/ppp/ipcp.o
 .debug_abbrev  0x00000c0a       0x21 ./lwip-1.4.0/src/netif/ppp/lcp.o
 .debug_abbrev  0x00000c2b       0x21 ./lwip-1.4.0/src/netif/ppp/magic.o
 .debug_abbrev  0x00000c4c       0x21 ./lwip-1.4.0/src/netif/ppp/md5.o
 .debug_abbrev  0x00000c6d       0x21 ./lwip-1.4.0/src/netif/ppp/pap.o
 .debug_abbrev  0x00000c8e       0x21 ./lwip-1.4.0/src/netif/ppp/ppp.o
 .debug_abbrev  0x00000caf       0x21 ./lwip-1.4.0/src/netif/ppp/ppp_oe.o
 .debug_abbrev  0x00000cd0       0x21 ./lwip-1.4.0/src/netif/ppp/randm.o
 .debug_abbrev  0x00000cf1       0x21 ./lwip-1.4.0/src/netif/ppp/vj.o
 .debug_abbrev  0x00000d12       0x6f ./lwip-1.4.0/src/core/def.o
 .debug_abbrev  0x00000d81      0x1df ./lwip-1.4.0/src/core/dhcp.o
 .debug_abbrev  0x00000f60       0x21 ./lwip-1.4.0/src/core/dns.o
 .debug_abbrev  0x00000f81       0x56 ./lwip-1.4.0/src/core/init.o
 .debug_abbrev  0x00000fd7      0x173 ./lwip-1.4.0/src/core/mem.o
 .debug_abbrev  0x0000114a      0x162 ./lwip-1.4.0/src/core/memp.o
 .debug_abbrev  0x000012ac      0x243 ./lwip-1.4.0/src/core/netif.o
 .debug_abbrev  0x000014ef      0x1e1 ./lwip-1.4.0/src/core/pbuf.o
 .debug_abbrev  0x000016d0      0x1a4 ./lwip-1.4.0/src/core/raw.o
 .debug_abbrev  0x00001874      0x115 ./lwip-1.4.0/src/core/stats.o
 .debug_abbrev  0x00001989       0x93 ./lwip-1.4.0/src/core/sys.o
 .debug_abbrev  0x00001a1c      0x2a7 ./lwip-1.4.0/src/core/tcp.o
 .debug_abbrev  0x00001cc3      0x21c ./lwip-1.4.0/src/core/tcp_in.o
 .debug_abbrev  0x00001edf      0x240 ./lwip-1.4.0/src/core/tcp_out.o
 .debug_abbrev  0x0000211f      0x1ab ./lwip-1.4.0/src/core/timers.o
 .debug_abbrev  0x000022ca      0x1c1 ./lwip-1.4.0/src/core/udp.o
 .debug_abbrev  0x0000248b       0x21 ./lwip-1.4.0/src/core/snmp/asn1_dec.o
 .debug_abbrev  0x000024ac       0x21 ./lwip-1.4.0/src/core/snmp/asn1_enc.o
 .debug_abbrev  0x000024cd       0x21 ./lwip-1.4.0/src/core/snmp/mib2.o
 .debug_abbrev  0x000024ee       0x21 ./lwip-1.4.0/src/core/snmp/mib_structs.o
 .debug_abbrev  0x0000250f       0x21 ./lwip-1.4.0/src/core/snmp/msg_in.o
 .debug_abbrev  0x00002530       0x21 ./lwip-1.4.0/src/core/snmp/msg_out.o
 .debug_abbrev  0x00002551       0x21 ./lwip-1.4.0/src/core/ipv4/autoip.o
 .debug_abbrev  0x00002572      0x1b1 ./lwip-1.4.0/src/core/ipv4/icmp.o
 .debug_abbrev  0x00002723       0x21 ./lwip-1.4.0/src/core/ipv4/igmp.o
 .debug_abbrev  0x00002744       0x21 ./lwip-1.4.0/src/core/ipv4/inet.o
 .debug_abbrev  0x00002765      0x128 ./lwip-1.4.0/src/core/ipv4/inet_chksum.o
 .debug_abbrev  0x0000288d      0x1a2 ./lwip-1.4.0/src/core/ipv4/ip.o
 .debug_abbrev  0x00002a2f      0x167 ./lwip-1.4.0/src/core/ipv4/ip_addr.o
 .debug_abbrev  0x00002b96       0x2c ./lwip-1.4.0/src/core/ipv4/ip_frag.o
 .debug_abbrev  0x00002bc2      0x20c ./lwip-1.4.0/src/api/api_lib.o
 .debug_abbrev  0x00002dce      0x22a ./lwip-1.4.0/src/api/api_msg.o
 .debug_abbrev  0x00002ff8       0x89 ./lwip-1.4.0/src/api/err.o
 .debug_abbrev  0x00003081      0x105 ./lwip-1.4.0/src/api/netbuf.o
 .debug_abbrev  0x00003186       0x21 ./lwip-1.4.0/src/api/netdb.o
 .debug_abbrev  0x000031a7       0x21 ./lwip-1.4.0/src/api/netifapi.o
 .debug_abbrev  0x000031c8       0x21 ./lwip-1.4.0/src/api/sockets.o
 .debug_abbrev  0x000031e9      0x220 ./lwip-1.4.0/src/api/tcpip.o
 .debug_abbrev  0x00003409      0x233 ./lwip-1.4.0/port/CoOS/ethernetif/LPC17xx/EMAC.o
 .debug_abbrev  0x0000363c      0x1ca ./lwip-1.4.0/port/CoOS/ethernetif/LPC17xx/ethernetif.o
 .debug_abbrev  0x00003806      0x205 ./lwip-1.4.0/port/CoOS/arch/sys_arch.o
 .debug_abbrev  0x00003a0b       0xe2 ./lpc17xx_lib/source/adc.o
 .debug_abbrev  0x00003aed      0x177 ./lpc17xx_lib/source/gpio.o
 .debug_abbrev  0x00003c64      0x14e ./lpc17xx_lib/source/lpc17xx_clkpwr.o
 .debug_abbrev  0x00003db2      0x10a ./lpc17xx_lib/source/timer.o
 .debug_abbrev  0x00003ebc      0x16c ./lpc17xx_lib/source/uart.o
 .debug_abbrev  0x00004028      0x1c5 ./VS1053/vs1053.o
 .debug_abbrev  0x000041ed       0x8c ./VS1053/vs_patch.o
 .debug_abbrev  0x00004279      0x111 ./CoOS/portable/arch.o
 .debug_abbrev  0x0000438a       0xf6 ./CoOS/portable/GCC/port.o
 .debug_abbrev  0x00004480       0xdd ./CoOS/kernel/core.o
 .debug_abbrev  0x0000455d      0x19a ./CoOS/kernel/event.o
 .debug_abbrev  0x000046f7      0x18c ./CoOS/kernel/flag.o
 .debug_abbrev  0x00004883       0x8d ./CoOS/kernel/hook.o
 .debug_abbrev  0x00004910      0x149 ./CoOS/kernel/kernelHeap.o
 .debug_abbrev  0x00004a59      0x15f ./CoOS/kernel/mbox.o
 .debug_abbrev  0x00004bb8      0x106 ./CoOS/kernel/mm.o
 .debug_abbrev  0x00004cbe      0x15f ./CoOS/kernel/mutex.o
 .debug_abbrev  0x00004e1d      0x17f ./CoOS/kernel/queue.o
 .debug_abbrev  0x00004f9c      0x141 ./CoOS/kernel/sem.o
 .debug_abbrev  0x000050dd      0x125 ./CoOS/kernel/serviceReq.o
 .debug_abbrev  0x00005202      0x1c9 ./CoOS/kernel/task.o
 .debug_abbrev  0x000053cb      0x188 ./CoOS/kernel/time.o
 .debug_abbrev  0x00005553      0x16f ./CoOS/kernel/timer.o
 .debug_abbrev  0x000056c2       0xae ./CoOS/kernel/utility.o
 .debug_abbrev  0x00005770       0xe3 D:\MyDesigns\LPCXpresso\CMSISv2p00_LPC17xx\Debug\libCMSISv2p00_LPC17xx.a(system_LPC17xx.o)

.debug_info     0x00000000    0x1c87e
 .debug_info    0x00000000      0x144 ./stdio/printuart.o
 .debug_info    0x00000144      0x352 ./src/cr_startup_lpc176x.o
 .debug_info    0x00000496      0xb29 ./src/external_RAM.o
 .debug_info    0x00000fbf      0x5b5 ./src/httpserver.o
 .debug_info    0x00001574      0xa7c ./src/main.o
 .debug_info    0x00001ff0      0xb22 ./src/shoutcast.o
 .debug_info    0x00002b12     0x1026 ./lwip-1.4.0/src/netif/etharp.o
 .debug_info    0x00003b38       0x54 ./lwip-1.4.0/src/netif/ethernetif.o
 .debug_info    0x00003b8c       0x62 ./lwip-1.4.0/src/netif/slipif.o
 .debug_info    0x00003bee       0x54 ./lwip-1.4.0/src/netif/ppp/auth.o
 .debug_info    0x00003c42       0x54 ./lwip-1.4.0/src/netif/ppp/chap.o
 .debug_info    0x00003c96       0x54 ./lwip-1.4.0/src/netif/ppp/chpms.o
 .debug_info    0x00003cea       0x54 ./lwip-1.4.0/src/netif/ppp/fsm.o
 .debug_info    0x00003d3e       0x54 ./lwip-1.4.0/src/netif/ppp/ipcp.o
 .debug_info    0x00003d92       0x54 ./lwip-1.4.0/src/netif/ppp/lcp.o
 .debug_info    0x00003de6       0x54 ./lwip-1.4.0/src/netif/ppp/magic.o
 .debug_info    0x00003e3a       0x54 ./lwip-1.4.0/src/netif/ppp/md5.o
 .debug_info    0x00003e8e       0x54 ./lwip-1.4.0/src/netif/ppp/pap.o
 .debug_info    0x00003ee2       0x54 ./lwip-1.4.0/src/netif/ppp/ppp.o
 .debug_info    0x00003f36       0x54 ./lwip-1.4.0/src/netif/ppp/ppp_oe.o
 .debug_info    0x00003f8a       0x54 ./lwip-1.4.0/src/netif/ppp/randm.o
 .debug_info    0x00003fde       0x54 ./lwip-1.4.0/src/netif/ppp/vj.o
 .debug_info    0x00004032      0x112 ./lwip-1.4.0/src/core/def.o
 .debug_info    0x00004144     0x1222 ./lwip-1.4.0/src/core/dhcp.o
 .debug_info    0x00005366       0x54 ./lwip-1.4.0/src/core/dns.o
 .debug_info    0x000053ba       0xa5 ./lwip-1.4.0/src/core/init.o
 .debug_info    0x0000545f      0x436 ./lwip-1.4.0/src/core/mem.o
 .debug_info    0x00005895      0x3df ./lwip-1.4.0/src/core/memp.o
 .debug_info    0x00005c74     0x1088 ./lwip-1.4.0/src/core/netif.o
 .debug_info    0x00006cfc      0xeff ./lwip-1.4.0/src/core/pbuf.o
 .debug_info    0x00007bfb      0x79f ./lwip-1.4.0/src/core/raw.o
 .debug_info    0x0000839a      0x39c ./lwip-1.4.0/src/core/stats.o
 .debug_info    0x00008736       0xfe ./lwip-1.4.0/src/core/sys.o
 .debug_info    0x00008834     0x16f5 ./lwip-1.4.0/src/core/tcp.o
 .debug_info    0x00009f29      0xecc ./lwip-1.4.0/src/core/tcp_in.o
 .debug_info    0x0000adf5     0x111d ./lwip-1.4.0/src/core/tcp_out.o
 .debug_info    0x0000bf12      0x9f6 ./lwip-1.4.0/src/core/timers.o
 .debug_info    0x0000c908      0xbfc ./lwip-1.4.0/src/core/udp.o
 .debug_info    0x0000d504       0x54 ./lwip-1.4.0/src/core/snmp/asn1_dec.o
 .debug_info    0x0000d558       0x54 ./lwip-1.4.0/src/core/snmp/asn1_enc.o
 .debug_info    0x0000d5ac       0x54 ./lwip-1.4.0/src/core/snmp/mib2.o
 .debug_info    0x0000d600       0x54 ./lwip-1.4.0/src/core/snmp/mib_structs.o
 .debug_info    0x0000d654       0x54 ./lwip-1.4.0/src/core/snmp/msg_in.o
 .debug_info    0x0000d6a8       0x54 ./lwip-1.4.0/src/core/snmp/msg_out.o
 .debug_info    0x0000d6fc       0x54 ./lwip-1.4.0/src/core/ipv4/autoip.o
 .debug_info    0x0000d750      0x624 ./lwip-1.4.0/src/core/ipv4/icmp.o
 .debug_info    0x0000dd74       0x54 ./lwip-1.4.0/src/core/ipv4/igmp.o
 .debug_info    0x0000ddc8       0x5b ./lwip-1.4.0/src/core/ipv4/inet.o
 .debug_info    0x0000de23      0x3c0 ./lwip-1.4.0/src/core/ipv4/inet_chksum.o
 .debug_info    0x0000e1e3      0xaae ./lwip-1.4.0/src/core/ipv4/ip.o
 .debug_info    0x0000ec91      0x598 ./lwip-1.4.0/src/core/ipv4/ip_addr.o
 .debug_info    0x0000f229       0x70 ./lwip-1.4.0/src/core/ipv4/ip_frag.o
 .debug_info    0x0000f299     0x1395 ./lwip-1.4.0/src/api/api_lib.o
 .debug_info    0x0001062e     0x1446 ./lwip-1.4.0/src/api/api_msg.o
 .debug_info    0x00011a74       0xd4 ./lwip-1.4.0/src/api/err.o
 .debug_info    0x00011b48      0x408 ./lwip-1.4.0/src/api/netbuf.o
 .debug_info    0x00011f50       0x54 ./lwip-1.4.0/src/api/netdb.o
 .debug_info    0x00011fa4       0x54 ./lwip-1.4.0/src/api/netifapi.o
 .debug_info    0x00011ff8       0x54 ./lwip-1.4.0/src/api/sockets.o
 .debug_info    0x0001204c      0xbba ./lwip-1.4.0/src/api/tcpip.o
 .debug_info    0x00012c06      0xf6e ./lwip-1.4.0/port/CoOS/ethernetif/LPC17xx/EMAC.o
 .debug_info    0x00013b74      0x654 ./lwip-1.4.0/port/CoOS/ethernetif/LPC17xx/ethernetif.o
 .debug_info    0x000141c8      0xa2e ./lwip-1.4.0/port/CoOS/arch/sys_arch.o
 .debug_info    0x00014bf6      0x5ed ./lpc17xx_lib/source/adc.o
 .debug_info    0x000151e3      0xa45 ./lpc17xx_lib/source/gpio.o
 .debug_info    0x00015c28      0x52e ./lpc17xx_lib/source/lpc17xx_clkpwr.o
 .debug_info    0x00016156      0x4ad ./lpc17xx_lib/source/timer.o
 .debug_info    0x00016603      0x7ff ./lpc17xx_lib/source/uart.o
 .debug_info    0x00016e02     0x1101 ./VS1053/vs1053.o
 .debug_info    0x00017f03      0x103 ./VS1053/vs_patch.o
 .debug_info    0x00018006      0x385 ./CoOS/portable/arch.o
 .debug_info    0x0001838b      0x1b8 ./CoOS/portable/GCC/port.o
 .debug_info    0x00018543      0x380 ./CoOS/kernel/core.o
 .debug_info    0x000188c3      0x547 ./CoOS/kernel/event.o
 .debug_info    0x00018e0a      0x6e8 ./CoOS/kernel/flag.o
 .debug_info    0x000194f2      0x107 ./CoOS/kernel/hook.o
 .debug_info    0x000195f9      0x32e ./CoOS/kernel/kernelHeap.o
 .debug_info    0x00019927      0x493 ./CoOS/kernel/mbox.o
 .debug_info    0x00019dba      0x350 ./CoOS/kernel/mm.o