Archive member included because of file (symbol)

D:\MyDesigns\LPCXpresso\CMSISv2p00_LPC17xx\Release\libCMSISv2p00_LPC17xx.a(system_LPC17xx.o)
                              ./src/cr_startup_lpc176x.o (SystemInit)
f:/nxp/lpcxpresso_4.1.5_219/lpcxpresso/tools/bin/../lib/gcc/arm-none-eabi/4.5.1/../../../../arm-none-eabi/lib/thumb2\libcr_nohost.a(_cr__main.o)
                              ./src/cr_startup_lpc176x.o (__main)
f:/nxp/lpcxpresso_4.1.5_219/lpcxpresso/tools/bin/../lib/gcc/arm-none-eabi/4.5.1/../../../../arm-none-eabi/lib/thumb2\libcr_c.a(fpprintf.o)
                              ./FreeRTOS/tasks.o (sprintf)
f:/nxp/lpcxpresso_4.1.5_219/lpcxpresso/tools/bin/../lib/gcc/arm-none-eabi/4.5.1/../../../../arm-none-eabi/lib/thumb2\libcr_c.a(initio.o)
                              f:/nxp/lpcxpresso_4.1.5_219/lpcxpresso/tools/bin/../lib/gcc/arm-none-eabi/4.5.1/../../../../arm-none-eabi/lib/thumb2\libcr_nohost.a(_cr__main.o) (_initio)
f:/nxp/lpcxpresso_4.1.5_219/lpcxpresso/tools/bin/../lib/gcc/arm-none-eabi/4.5.1/../../../../arm-none-eabi/lib/thumb2\libcr_c.a(itoa.o)
                              ./LPC1768_lib/source/uart.o (itoa)
f:/nxp/lpcxpresso_4.1.5_219/lpcxpresso/tools/bin/../lib/gcc/arm-none-eabi/4.5.1/../../../../arm-none-eabi/lib/thumb2\libcr_c.a(printf.o)
                              f:/nxp/lpcxpresso_4.1.5_219/lpcxpresso/tools/bin/../lib/gcc/arm-none-eabi/4.5.1/../../../../arm-none-eabi/lib/thumb2\libcr_c.a(fpprintf.o) (__vfprintf)
f:/nxp/lpcxpresso_4.1.5_219/lpcxpresso/tools/bin/../lib/gcc/arm-none-eabi/4.5.1/../../../../arm-none-eabi/lib/thumb2\libcr_c.a(scanf.o)
                              ./src/shoutcast.o (atoi)
f:/nxp/lpcxpresso_4.1.5_219/lpcxpresso/tools/bin/../lib/gcc/arm-none-eabi/4.5.1/../../../../arm-none-eabi/lib/thumb2\libcr_c.a(setvbuf.o)
                              f:/nxp/lpcxpresso_4.1.5_219/lpcxpresso/tools/bin/../lib/gcc/arm-none-eabi/4.5.1/../../../../arm-none-eabi/lib/thumb2\libcr_c.a(initio.o) (setvbuf)
f:/nxp/lpcxpresso_4.1.5_219/lpcxpresso/tools/bin/../lib/gcc/arm-none-eabi/4.5.1/../../../../arm-none-eabi/lib/thumb2\libcr_c.a(stdio.o)
                              f:/nxp/lpcxpresso_4.1.5_219/lpcxpresso/tools/bin/../lib/gcc/arm-none-eabi/4.5.1/../../../../arm-none-eabi/lib/thumb2\libcr_c.a(fpprintf.o) (__Ciob)
f:/nxp/lpcxpresso_4.1.5_219/lpcxpresso/tools/bin/../lib/gcc/arm-none-eabi/4.5.1/../../../../arm-none-eabi/lib/thumb2\libcr_c.a(strcat.o)
                              ./FreeRTOS/tasks.o (strcat)
f:/nxp/lpcxpresso_4.1.5_219/lpcxpresso/tools/bin/../lib/gcc/arm-none-eabi/4.5.1/../../../../arm-none-eabi/lib/thumb2\libcr_c.a(strlen.o)
                              ./src/httpserver.o (strlen)
f:/nxp/lpcxpresso_4.1.5_219/lpcxpresso/tools/bin/../lib/gcc/arm-none-eabi/4.5.1/../../../../arm-none-eabi/lib/thumb2\libcr_c.a(strncpy.o)
                              ./FreeRTOS/tasks.o (strncpy)
f:/nxp/lpcxpresso_4.1.5_219/lpcxpresso/tools/bin/../lib/gcc/arm-none-eabi/4.5.1/../../../../arm-none-eabi/lib/thumb2\libcr_c.a(strstr.o)
                              ./src/httpserver.o (strstr)
f:/nxp/lpcxpresso_4.1.5_219/lpcxpresso/tools/bin/../lib/gcc/arm-none-eabi/4.5.1/../../../../arm-none-eabi/lib/thumb2\libcr_c.a(ungetc.o)
                              f:/nxp/lpcxpresso_4.1.5_219/lpcxpresso/tools/bin/../lib/gcc/arm-none-eabi/4.5.1/../../../../arm-none-eabi/lib/thumb2\libcr_c.a(scanf.o) (ungetc)
f:/nxp/lpcxpresso_4.1.5_219/lpcxpresso/tools/bin/../lib/gcc/arm-none-eabi/4.5.1/../../../../arm-none-eabi/lib/thumb2\libcr_c.a(memcpy.o)
                              ./src/shoutcast.o (memcpy)
f:/nxp/lpcxpresso_4.1.5_219/lpcxpresso/tools/bin/../lib/gcc/arm-none-eabi/4.5.1/../../../../arm-none-eabi/lib/thumb2\libcr_c.a(memset.o)
                              ./lwip-1.4.0/src/core/dhcp.o (memset)
f:/nxp/lpcxpresso_4.1.5_219/lpcxpresso/tools/bin/../lib/gcc/arm-none-eabi/4.5.1/../../../../arm-none-eabi/lib/thumb2\libcr_c.a(__fillbuf.o)
                              f:/nxp/lpcxpresso_4.1.5_219/lpcxpresso/tools/bin/../lib/gcc/arm-none-eabi/4.5.1/../../../../arm-none-eabi/lib/thumb2\libcr_c.a(scanf.o) (__filbuf)
f:/nxp/lpcxpresso_4.1.5_219/lpcxpresso/tools/bin/../lib/gcc/arm-none-eabi/4.5.1/../../../../arm-none-eabi/lib/thumb2\libcr_c.a(_deferredlazyseek.o)
                              f:/nxp/lpcxpresso_4.1.5_219/lpcxpresso/tools/bin/../lib/gcc/arm-none-eabi/4.5.1/../../../../arm-none-eabi/lib/thumb2\libcr_c.a(__fillbuf.o) (_deferredlazyseek)
f:/nxp/lpcxpresso_4.1.5_219/lpcxpresso/tools/bin/../lib/gcc/arm-none-eabi/4.5.1/../../../../arm-none-eabi/lib/thumb2\libcr_c.a(_fdopen.o)
                              f:/nxp/lpcxpresso_4.1.5_219/lpcxpresso/tools/bin/../lib/gcc/arm-none-eabi/4.5.1/../../../../arm-none-eabi/lib/thumb2\libcr_c.a(initio.o) (_fdopen)
f:/nxp/lpcxpresso_4.1.5_219/lpcxpresso/tools/bin/../lib/gcc/arm-none-eabi/4.5.1/../../../../arm-none-eabi/lib/thumb2\libcr_c.a(_fflush.o)
[...]
Memory Configuration

Name             Origin             Length             Attributes
MFlash512        0x00000000         0x00080000         xr
RamLoc32         0x10000000         0x00008000         xrw
RamAHB32         0x2007c000         0x00008000         xrw
*default*        0x00000000         0xffffffff

Linker script and memory map

LOAD ./stdio/printuart.o
LOAD ./src/cr_startup_lpc176x.o
LOAD ./src/external_RAM.o
LOAD ./src/httpserver.o
LOAD ./src/main.o
LOAD ./src/shoutcast.o
LOAD ./lwip-1.4.0/src/netif/etharp.o
LOAD ./lwip-1.4.0/src/netif/ethernetif.o
LOAD ./lwip-1.4.0/src/netif/slipif.o
LOAD ./lwip-1.4.0/src/netif/ppp/auth.o
LOAD ./lwip-1.4.0/src/netif/ppp/chap.o
LOAD ./lwip-1.4.0/src/netif/ppp/chpms.o
LOAD ./lwip-1.4.0/src/netif/ppp/fsm.o
LOAD ./lwip-1.4.0/src/netif/ppp/ipcp.o
LOAD ./lwip-1.4.0/src/netif/ppp/lcp.o
LOAD ./lwip-1.4.0/src/netif/ppp/magic.o
LOAD ./lwip-1.4.0/src/netif/ppp/md5.o
LOAD ./lwip-1.4.0/src/netif/ppp/pap.o
LOAD ./lwip-1.4.0/src/netif/ppp/ppp.o
LOAD ./lwip-1.4.0/src/netif/ppp/ppp_oe.o
LOAD ./lwip-1.4.0/src/netif/ppp/randm.o
LOAD ./lwip-1.4.0/src/netif/ppp/vj.o
LOAD ./lwip-1.4.0/src/core/def.o
LOAD ./lwip-1.4.0/src/core/dhcp.o
LOAD ./lwip-1.4.0/src/core/dns.o
LOAD ./lwip-1.4.0/src/core/init.o
LOAD ./lwip-1.4.0/src/core/mem.o
LOAD ./lwip-1.4.0/src/core/memp.o
LOAD ./lwip-1.4.0/src/core/netif.o
LOAD ./lwip-1.4.0/src/core/pbuf.o
LOAD ./lwip-1.4.0/src/core/raw.o
LOAD ./lwip-1.4.0/src/core/stats.o
LOAD ./lwip-1.4.0/src/core/sys.o
LOAD ./lwip-1.4.0/src/core/tcp.o
LOAD ./lwip-1.4.0/src/core/tcp_in.o
LOAD ./lwip-1.4.0/src/core/tcp_out.o
LOAD ./lwip-1.4.0/src/core/timers.o
LOAD ./lwip-1.4.0/src/core/udp.o
LOAD ./lwip-1.4.0/src/core/snmp/asn1_dec.o
LOAD ./lwip-1.4.0/src/core/snmp/asn1_enc.o
LOAD ./lwip-1.4.0/src/core/snmp/mib2.o
LOAD ./lwip-1.4.0/src/core/snmp/mib_structs.o
LOAD ./lwip-1.4.0/src/core/snmp/msg_in.o
LOAD ./lwip-1.4.0/src/core/snmp/msg_out.o
LOAD ./lwip-1.4.0/src/core/ipv4/autoip.o
LOAD ./lwip-1.4.0/src/core/ipv4/icmp.o
LOAD ./lwip-1.4.0/src/core/ipv4/igmp.o
LOAD ./lwip-1.4.0/src/core/ipv4/inet.o
LOAD ./lwip-1.4.0/src/core/ipv4/inet_chksum.o
LOAD ./lwip-1.4.0/src/core/ipv4/ip.o
LOAD ./lwip-1.4.0/src/core/ipv4/ip_addr.o
LOAD ./lwip-1.4.0/src/core/ipv4/ip_frag.o
LOAD ./lwip-1.4.0/src/api/api_lib.o
LOAD ./lwip-1.4.0/src/api/api_msg.o
LOAD ./lwip-1.4.0/src/api/err.o
LOAD ./lwip-1.4.0/src/api/netbuf.o
LOAD ./lwip-1.4.0/src/api/netdb.o
LOAD ./lwip-1.4.0/src/api/netifapi.o
LOAD ./lwip-1.4.0/src/api/sockets.o
LOAD ./lwip-1.4.0/src/api/tcpip.o
LOAD ./lwip-1.4.0/port/FreeRTOS/ethernetif/LPC17xx/EMAC.o
LOAD ./lwip-1.4.0/port/FreeRTOS/ethernetif/LPC17xx/ethernetif.o
LOAD ./lwip-1.4.0/port/FreeRTOS/arch/sys_arch.o
LOAD ./VS1053/vs1053.o
LOAD ./VS1053/vs_patch.o
LOAD ./LPC1768_lib/source/adc.o
LOAD ./LPC1768_lib/source/gpio.o
LOAD ./LPC1768_lib/source/lpc17xx_clkpwr.o
LOAD ./LPC1768_lib/source/timer.o
LOAD ./LPC1768_lib/source/uart.o
LOAD ./FreeRTOS/croutine.o
LOAD ./FreeRTOS/list.o
LOAD ./FreeRTOS/queue.o
LOAD ./FreeRTOS/tasks.o
LOAD ./FreeRTOS/timers.o
LOAD ./FreeRTOS/portable/MemMang/heap_2.o
LOAD ./FreeRTOS/portable/GCC/ARM_CM3/port.o
LOAD D:\MyDesigns\LPCXpresso\CMSISv2p00_LPC17xx\Release\libCMSISv2p00_LPC17xx.a
START GROUP
LOAD f:/nxp/lpcxpresso_4.1.5_219/lpcxpresso/tools/bin/../lib/gcc/arm-none-eabi/4.5.1/../../../../arm-none-eabi/lib/thumb2\libcr_nohost.a
LOAD f:/nxp/lpcxpresso_4.1.5_219/lpcxpresso/tools/bin/../lib/gcc/arm-none-eabi/4.5.1/../../../../arm-none-eabi/lib/thumb2\libcr_c.a
LOAD f:/nxp/lpcxpresso_4.1.5_219/lpcxpresso/tools/bin/../lib/gcc/arm-none-eabi/4.5.1/thumb2\libcr_eabihelpers.a
END GROUP
                0x00080000                __top_MFlash512 = 0x80000
                0x10008000                __top_RamLoc32 = 0x10008000
                0x20084000                __top_RamAHB32 = 0x20084000

.text           0x00000000    0x20998
 FILL mask 0xff
 *(.isr_vector)
 .isr_vector    0x00000000       0xcc ./src/cr_startup_lpc176x.o
                0x00000000                g_pfnVectors
                0x000000cc                . = ALIGN (0x4)
                0x000000cc                __section_table_start = .
                0x000000cc                __data_section_table = .
                0x000000cc        0x4 LONG 0x20998 LOADADDR (.data)
                0x000000d0        0x4 LONG 0x10000000 ADDR (.data)
                0x000000d4        0x4 LONG 0x18 SIZEOF (.data)
                0x000000d8        0x4 LONG 0x20998 LOADADDR (.data_RAM2)
                0x000000dc        0x4 LONG 0x2007c000 ADDR (.data_RAM2)
                0x000000e0        0x4 LONG 0x0 SIZEOF (.data_RAM2)
                0x000000e4                __data_section_table_end = .
                0x000000e4                __bss_section_table = .
                0x000000e4        0x4 LONG 0x10000018 ADDR (.bss)
                0x000000e8        0x4 LONG 0x5ebc SIZEOF (.bss)
                0x000000ec        0x4 LONG 0x2007c000 ADDR (.bss_RAM2)
                0x000000f0        0x4 LONG 0x1800 SIZEOF (.bss_RAM2)
                0x000000f4                __bss_section_table_end = .
                0x000000f4                __section_table_end = .
 *(.after_vectors*)
 .after_vectors
                0x000000f4      0x17c ./src/cr_startup_lpc176x.o
                0x000000f4                data_init
                0x00000144                bss_init
                0x00000184                ResetISR
                0x00000218                NMI_Handler
                0x00000220                HardFault_Handler
                0x0000023c                MemManage_Handler
                0x00000244                BusFault_Handler
                0x0000024c                UsageFault_Handler
                0x00000254                DebugMon_Handler
                0x0000025c                UART1_IRQHandler
                0x0000025c                I2C1_IRQHandler
                0x0000025c                TIMER3_IRQHandler
                0x0000025c                UART0_IRQHandler
                0x0000025c                USBActivity_IRQHandler
                0x0000025c                CANActivity_IRQHandler
                0x0000025c                EINT2_IRQHandler
                0x0000025c                IntDefaultHandler
                0x0000025c                PLL0_IRQHandler
                0x0000025c                CAN_IRQHandler
                0x0000025c                I2C0_IRQHandler
                0x0000025c                SSP0_IRQHandler
                0x0000025c                I2S_IRQHandler
                0x0000025c                I2C2_IRQHandler
                0x0000025c                RTC_IRQHandler
                0x0000025c                TIMER0_IRQHandler
                0x0000025c                SPI_IRQHandler
                0x0000025c                RIT_IRQHandler
                0x0000025c                EINT1_IRQHandler
                0x0000025c                TIMER1_IRQHandler
                0x0000025c                ADC_IRQHandler
                0x0000025c                SSP1_IRQHandler
                0x0000025c                USB_IRQHandler
                0x0000025c                BOD_IRQHandler
                0x0000025c                PWM1_IRQHandler
                0x0000025c                WDT_IRQHandler
                0x0000025c                QEI_IRQHandler
                0x0000025c                EINT0_IRQHandler
                0x0000025c                PLL1_IRQHandler
                0x0000025c                DMA_IRQHandler
                0x0000025c                TIMER2_IRQHandler
                0x0000025c                UART3_IRQHandler
                0x0000025c                MCPWM_IRQHandler
 *(.text*)
 .text.SPI1_Config
                0x00000270      0x1b0 ./src/external_RAM.o
                0x00000270                SPI1_Config
 .text.SPI1_Write
                0x00000420       0x6c ./src/external_RAM.o
                0x00000420                SPI1_Write
 .text.SPI1_SetSpeed
                0x0000048c       0x34 ./src/external_RAM.o
                0x0000048c                SPI1_SetSpeed
 .text.RAM_init
                0x000004c0      0x24c ./src/external_RAM.o
                0x000004c0                RAM_init
 .text.RAM_test
                0x0000070c      0x1dc ./src/external_RAM.o
                0x0000070c                RAM_test
 .text.RAM_bufputs
                0x000008e8      0xf20 ./src/external_RAM.o
                0x000008e8                RAM_bufputs
 .text.RAM_bufget
                0x00001808      0xf80 ./src/external_RAM.o
                0x00001808                RAM_bufget
 .text.RAM_buflen
                0x00002788       0x54 ./src/external_RAM.o
                0x00002788                RAM_buflen
 .text.RAM_buffree
                0x000027dc       0x18 ./src/external_RAM.o
                0x000027dc                RAM_buffree
 .text.main     0x000027f4      0x13c ./src/main.o
                0x000027f4                main
 .text.eth_lwip_init
                0x00002930      0x180 ./src/main.o
                0x00002930                eth_lwip_init
 .text.vDHCP_TimerCallback
                0x00002ab0       0xa0 ./src/main.o
                0x00002ab0                vDHCP_TimerCallback
 .text.vIamLiveTask
                0x00002b50       0x40 ./src/main.o
                0x00002b50                vIamLiveTask
 .text.vVsTask  0x00002b90       0x54 ./src/main.o
                0x00002b90                vVsTask
 .text.vApplicationStackOverflowHook
                0x00002be4        0xc ./src/main.o
                0x00002be4                vApplicationStackOverflowHook
 .text.IPradio_init
                0x00002bf0       0x44 ./src/shoutcast.o
                0x00002bf0                IPradio_init
 .text.shoutcast
                0x00002c34      0x63c ./src/shoutcast.o
                0x00002c34                shoutcast
 .text.free_etharp_q
                0x00003270       0x38 ./lwip-1.4.0/src/netif/etharp.o
 .text.free_entry
                0x000032a8      0x140 ./lwip-1.4.0/src/netif/etharp.o
 .text.etharp_tmr
                0x000033e8       0xcc ./lwip-1.4.0/src/netif/etharp.o
                0x000033e8                etharp_tmr
 .text.find_entry
                0x000034b4      0x22c ./lwip-1.4.0/src/netif/etharp.o
 .text.etharp_send_ip
                0x000036e0       0x60 ./lwip-1.4.0/src/netif/etharp.o
 .text.update_arp_entry
                0x00003740      0x134 ./lwip-1.4.0/src/netif/etharp.o
 .text.etharp_ip_input
                0x00003874       0x78 ./lwip-1.4.0/src/netif/etharp.o
 .text.etharp_arp_input
                0x000038ec      0x200 ./lwip-1.4.0/src/netif/etharp.o
 .text.etharp_output
                0x00003aec      0x188 ./lwip-1.4.0/src/netif/etharp.o
                0x00003aec                etharp_output
 .text.etharp_query
                0x00003c74      0x290 ./lwip-1.4.0/src/netif/etharp.o
                0x00003c74                etharp_query
 .text.etharp_raw
                0x00003f04      0x14c ./lwip-1.4.0/src/netif/etharp.o
 .text.etharp_request
                0x00004050       0x54 ./lwip-1.4.0/src/netif/etharp.o
                0x00004050                etharp_request
 .text.ethernet_input
                0x000040a4       0xbc ./lwip-1.4.0/src/netif/etharp.o
                0x000040a4                ethernet_input
 .text.lwip_htons
                0x00004160       0x30 ./lwip-1.4.0/src/core/def.o
                0x00004160                lwip_htons
 .text.lwip_ntohs
                0x00004190       0x20 ./lwip-1.4.0/src/core/def.o
                0x00004190                lwip_ntohs
 .text.lwip_htonl
                0x000041b0       0x3c ./lwip-1.4.0/src/core/def.o
                0x000041b0                lwip_htonl
 .text.lwip_ntohl
                0x000041ec       0x1c ./lwip-1.4.0/src/core/def.o
                0x000041ec                lwip_ntohl
 .text.dhcp_handle_nak
                0x00004208       0x58 ./lwip-1.4.0/src/core/dhcp.o
 .text.dhcp_check
                0x00004260       0x70 ./lwip-1.4.0/src/core/dhcp.o
 .text.dhcp_handle_offer
                0x000042d0       0x68 ./lwip-1.4.0/src/core/dhcp.o
 .text.dhcp_select
                0x00004338      0x168 ./lwip-1.4.0/src/core/dhcp.o
 .text.dhcp_coarse_tmr
                0x000044a0       0x78 ./lwip-1.4.0/src/core/dhcp.o
                0x000044a0                dhcp_coarse_tmr
 .text.dhcp_fine_tmr
                0x00004518       0x68 ./lwip-1.4.0/src/core/dhcp.o
                0x00004518                dhcp_fine_tmr
 .text.dhcp_timeout
                0x00004580       0xc8 ./lwip-1.4.0/src/core/dhcp.o
 .text.dhcp_t1_timeout
                0x00004648       0x34 ./lwip-1.4.0/src/core/dhcp.o
 .text.dhcp_t2_timeout
                0x0000467c       0x34 ./lwip-1.4.0/src/core/dhcp.o
 .text.dhcp_handle_ack
                0x000046b0      0x114 ./lwip-1.4.0/src/core/dhcp.o
 .text.dhcp_start
                0x000047c4      0x148 ./lwip-1.4.0/src/core/dhcp.o
                0x000047c4                dhcp_start
 .text.dhcp_arp_reply
                0x0000490c       0x40 ./lwip-1.4.0/src/core/dhcp.o
                0x0000490c                dhcp_arp_reply
 .text.dhcp_decline
                0x0000494c       0xe4 ./lwip-1.4.0/src/core/dhcp.o
 .text.dhcp_discover
                0x00004a30      0x130 ./lwip-1.4.0/src/core/dhcp.o
 .text.dhcp_bind
                0x00004b60      0x154 ./lwip-1.4.0/src/core/dhcp.o
 .text.dhcp_renew
                0x00004cb4       0xf8 ./lwip-1.4.0/src/core/dhcp.o
                0x00004cb4                dhcp_renew
 .text.dhcp_rebind
                0x00004dac       0xf8 ./lwip-1.4.0/src/core/dhcp.o
 .text.dhcp_reboot
                0x00004ea4      0x118 ./lwip-1.4.0/src/core/dhcp.o
 .text.dhcp_release
                0x00004fbc      0x144 ./lwip-1.4.0/src/core/dhcp.o
                0x00004fbc                dhcp_release
 .text.dhcp_stop
                0x00005100       0x58 ./lwip-1.4.0/src/core/dhcp.o
                0x00005100                dhcp_stop
 .text.dhcp_set_state
                0x00005158       0x38 ./lwip-1.4.0/src/core/dhcp.o
 .text.dhcp_option
                0x00005190       0x54 ./lwip-1.4.0/src/core/dhcp.o
 .text.dhcp_option_byte
                0x000051e4       0x34 ./lwip-1.4.0/src/core/dhcp.o
 .text.dhcp_option_short
                0x00005218       0x58 ./lwip-1.4.0/src/core/dhcp.o
 .text.dhcp_option_long
                0x00005270       0xa0 ./lwip-1.4.0/src/core/dhcp.o
 .text.dhcp_parse_reply
                0x00005310      0x408 ./lwip-1.4.0/src/core/dhcp.o
 .text.dhcp_recv
                0x00005718      0x180 ./lwip-1.4.0/src/core/dhcp.o
 .text.dhcp_create_msg
                0x00005898      0x30c ./lwip-1.4.0/src/core/dhcp.o
 .text.dhcp_delete_msg
                0x00005ba4       0x38 ./lwip-1.4.0/src/core/dhcp.o
 .text.dhcp_option_trailer
                0x00005bdc       0x6c ./lwip-1.4.0/src/core/dhcp.o
 .text.lwip_sanity_check
                0x00005c48        0xc ./lwip-1.4.0/src/core/init.o
 .text.lwip_init
                0x00005c54       0x24 ./lwip-1.4.0/src/core/init.o
                0x00005c54                lwip_init
 .text.plug_holes
                0x00005c78      0x104 ./lwip-1.4.0/src/core/mem.o
 .text.mem_init
                0x00005d7c       0xb8 ./lwip-1.4.0/src/core/mem.o
                0x00005d7c                mem_init
 .text.mem_free
                0x00005e34       0xa0 ./lwip-1.4.0/src/core/mem.o
                0x00005e34                mem_free
 .text.mem_trim
                0x00005ed4      0x208 ./lwip-1.4.0/src/core/mem.o
                0x00005ed4                mem_trim
 .text.mem_malloc
                0x000060dc      0x1e4 ./lwip-1.4.0/src/core/mem.o
                0x000060dc                mem_malloc
 .text.memp_sanity
                0x000062c0       0x94 ./lwip-1.4.0/src/core/memp.o
 .text.memp_init
                0x00006354      0x124 ./lwip-1.4.0/src/core/memp.o
                0x00006354                memp_init
 .text.memp_malloc
                0x00006478      0x10c ./lwip-1.4.0/src/core/memp.o
                0x00006478                memp_malloc
 .text.memp_free
                0x00006584       0x80 ./lwip-1.4.0/src/core/memp.o
                0x00006584                memp_free
 .text.netif_init
                0x00006604        0xc ./lwip-1.4.0/src/core/netif.o
                0x00006604                netif_init
 .text.netif_add
                0x00006610       0xac ./lwip-1.4.0/src/core/netif.o
                0x00006610                netif_add
 .text.netif_set_addr
                0x000066bc       0x30 ./lwip-1.4.0/src/core/netif.o
                0x000066bc                netif_set_addr
 .text.netif_set_ipaddr
                0x000066ec       0xb4 ./lwip-1.4.0/src/core/netif.o
                0x000066ec                netif_set_ipaddr
 .text.netif_set_gw
                0x000067a0       0x28 ./lwip-1.4.0/src/core/netif.o
                0x000067a0                netif_set_gw
 .text.netif_set_netmask
                0x000067c8       0x28 ./lwip-1.4.0/src/core/netif.o
                0x000067c8                netif_set_netmask
 .text.netif_set_default
                0x000067f0       0x20 ./lwip-1.4.0/src/core/netif.o
                0x000067f0                netif_set_default
 .text.netif_set_up
                0x00006810       0x5c ./lwip-1.4.0/src/core/netif.o
                0x00006810                netif_set_up
 .text.netif_set_down
                0x0000686c       0x34 ./lwip-1.4.0/src/core/netif.o
                0x0000686c                netif_set_down
 .text.pbuf_free_ooseq
                0x000068a0       0x60 ./lwip-1.4.0/src/core/pbuf.o
 .text.pbuf_pool_is_empty
                0x00006900       0x70 ./lwip-1.4.0/src/core/pbuf.o
 .text.pbuf_alloc
                0x00006970      0x240 ./lwip-1.4.0/src/core/pbuf.o
                0x00006970                pbuf_alloc
 .text.pbuf_realloc
                0x00006bb0       0xd0 ./lwip-1.4.0/src/core/pbuf.o
                0x00006bb0                pbuf_realloc
 .text.pbuf_header
                0x00006c80       0xf8 ./lwip-1.4.0/src/core/pbuf.o
                0x00006c80                pbuf_header
 .text.pbuf_free
                0x00006d78       0xbc ./lwip-1.4.0/src/core/pbuf.o
                0x00006d78                pbuf_free
 .text.pbuf_clen
                0x00006e34       0x34 ./lwip-1.4.0/src/core/pbuf.o
                0x00006e34                pbuf_clen
 .text.pbuf_ref
                0x00006e68       0x30 ./lwip-1.4.0/src/core/pbuf.o
                0x00006e68                pbuf_ref
 .text.pbuf_cat
                0x00006e98       0x5c ./lwip-1.4.0/src/core/pbuf.o
                0x00006e98                pbuf_cat
 .text.pbuf_chain
                0x00006ef4       0x20 ./lwip-1.4.0/src/core/pbuf.o
                0x00006ef4                pbuf_chain
 .text.pbuf_copy
                0x00006f14      0x110 ./lwip-1.4.0/src/core/pbuf.o
                0x00006f14                pbuf_copy
 .text.pbuf_copy_partial
                0x00007024       0xd4 ./lwip-1.4.0/src/core/pbuf.o
                0x00007024                pbuf_copy_partial
 .text.raw_input
                0x000070f8       0xdc ./lwip-1.4.0/src/core/raw.o
                0x000070f8                raw_input
 .text.raw_bind
                0x000071d4       0x30 ./lwip-1.4.0/src/core/raw.o
                0x000071d4                raw_bind
 .text.raw_connect
                0x00007204       0x30 ./lwip-1.4.0/src/core/raw.o
                0x00007204                raw_connect
 .text.raw_recv
                0x00007234       0x24 ./lwip-1.4.0/src/core/raw.o
                0x00007234                raw_recv
 .text.raw_remove
                0x00007258       0x78 ./lwip-1.4.0/src/core/raw.o
                0x00007258                raw_remove
 .text.raw_new  0x000072d0       0x60 ./lwip-1.4.0/src/core/raw.o
                0x000072d0                raw_new
 .text.stats_init
                0x00007330       0x64 ./lwip-1.4.0/src/core/stats.o
                0x00007330                stats_init
 .text.tcp_tmr  0x00007394       0x3c ./lwip-1.4.0/src/core/tcp.o
                0x00007394                tcp_tmr
 .text.tcp_close_shutdown
                0x000073d0      0x2c8 ./lwip-1.4.0/src/core/tcp.o
 .text.tcp_close
                0x00007698       0x38 ./lwip-1.4.0/src/core/tcp.o
                0x00007698                tcp_close
 .text.tcp_shutdown
                0x000076d0       0x94 ./lwip-1.4.0/src/core/tcp.o
                0x000076d0                tcp_shutdown
 .text.tcp_abandon
                0x00007764       0xe4 ./lwip-1.4.0/src/core/tcp.o
                0x00007764                tcp_abandon
 .text.tcp_abort
                0x00007848       0x1c ./lwip-1.4.0/src/core/tcp.o
                0x00007848                tcp_abort
 .text.tcp_bind
                0x00007864       0xec ./lwip-1.4.0/src/core/tcp.o
                0x00007864                tcp_bind
 .text.tcp_update_rcv_ann_wnd
                0x00007950       0x84 ./lwip-1.4.0/src/core/tcp.o
                0x00007950                tcp_update_rcv_ann_wnd
 .text.tcp_recved
                0x000079d4       0x60 ./lwip-1.4.0/src/core/tcp.o
                0x000079d4                tcp_recved
 .text.tcp_new_port
                0x00007a34       0xa4 ./lwip-1.4.0/src/core/tcp.o
 .text.tcp_connect
                0x00007ad8      0x1f8 ./lwip-1.4.0/src/core/tcp.o
                0x00007ad8                tcp_connect
 .text.tcp_slowtmr
                0x00007cd0      0x498 ./lwip-1.4.0/src/core/tcp.o
                0x00007cd0                tcp_slowtmr
 .text.tcp_fasttmr
                0x00008168       0xe0 ./lwip-1.4.0/src/core/tcp.o
                0x00008168                tcp_fasttmr
 .text.tcp_segs_free
                0x00008248       0x28 ./lwip-1.4.0/src/core/tcp.o
                0x00008248                tcp_segs_free
 .text.tcp_seg_free
                0x00008270       0x34 ./lwip-1.4.0/src/core/tcp.o
                0x00008270                tcp_seg_free
 .text.tcp_seg_copy
                0x000082a4       0x44 ./lwip-1.4.0/src/core/tcp.o
                0x000082a4                tcp_seg_copy
 .text.tcp_recv_null
                0x000082e8       0x4c ./lwip-1.4.0/src/core/tcp.o
                0x000082e8                tcp_recv_null
 .text.tcp_kill_prio
                0x00008334       0x90 ./lwip-1.4.0/src/core/tcp.o
 .text.tcp_kill_timewait
                0x000083c4       0x6c ./lwip-1.4.0/src/core/tcp.o
 .text.tcp_alloc
                0x00008430      0x18c ./lwip-1.4.0/src/core/tcp.o
                0x00008430                tcp_alloc
 .text.tcp_new  0x000085bc       0x14 ./lwip-1.4.0/src/core/tcp.o
                0x000085bc                tcp_new
 .text.tcp_arg  0x000085d0       0x1c ./lwip-1.4.0/src/core/tcp.o
                0x000085d0                tcp_arg
 .text.tcp_recv
                0x000085ec       0x1c ./lwip-1.4.0/src/core/tcp.o
                0x000085ec                tcp_recv
 .text.tcp_sent
                0x00008608       0x1c ./lwip-1.4.0/src/core/tcp.o
                0x00008608                tcp_sent
 .text.tcp_err  0x00008624       0x1c ./lwip-1.4.0/src/core/tcp.o
                0x00008624                tcp_err
 .text.tcp_accept
                0x00008640       0x1c ./lwip-1.4.0/src/core/tcp.o
                0x00008640                tcp_accept
 .text.tcp_poll
                0x0000865c       0x28 ./lwip-1.4.0/src/core/tcp.o
                0x0000865c                tcp_poll
 .text.tcp_pcb_purge
                0x00008684       0x90 ./lwip-1.4.0/src/core/tcp.o
                0x00008684                tcp_pcb_purge
 .text.tcp_pcb_remove
                0x00008714       0xd8 ./lwip-1.4.0/src/core/tcp.o
                0x00008714                tcp_pcb_remove
 .text.tcp_next_iss
                0x000087ec       0x38 ./lwip-1.4.0/src/core/tcp.o
                0x000087ec                tcp_next_iss
 .text.tcp_eff_send_mss
                0x00008824       0x44 ./lwip-1.4.0/src/core/tcp.o
                0x00008824                tcp_eff_send_mss
 .text.tcp_pcbs_sane
                0x00008868       0x4c ./lwip-1.4.0/src/core/tcp.o
                0x00008868                tcp_pcbs_sane
 .text.tcp_input
                0x000088b4      0x9c8 ./lwip-1.4.0/src/core/tcp_in.o
                0x000088b4                tcp_input
 .text.tcp_listen_input
                0x0000927c      0x1ec ./lwip-1.4.0/src/core/tcp_in.o
 .text.tcp_timewait_input
                0x00009468      0x12c ./lwip-1.4.0/src/core/tcp_in.o
 .text.tcp_process
                0x00009594      0x928 ./lwip-1.4.0/src/core/tcp_in.o
 .text.tcp_oos_insert_segment
                0x00009ebc      0x18c ./lwip-1.4.0/src/core/tcp_in.o
 .text.tcp_receive
                0x0000a048     0x1458 ./lwip-1.4.0/src/core/tcp_in.o
 .text.tcp_parseopt
                0x0000b4a0      0x148 ./lwip-1.4.0/src/core/tcp_in.o
 .text.tcp_output_alloc_header
                0x0000b5e8      0x1c4 ./lwip-1.4.0/src/core/tcp_out.o
 .text.tcp_send_fin
                0x0000b7ac       0xa8 ./lwip-1.4.0/src/core/tcp_out.o
                0x0000b7ac                tcp_send_fin
 .text.tcp_create_segment
                0x0000b854      0x1c4 ./lwip-1.4.0/src/core/tcp_out.o
 .text.tcp_pbuf_prealloc
                0x0000ba18       0xb0 ./lwip-1.4.0/src/core/tcp_out.o
 .text.tcp_write_checks
                0x0000bac8       0xbc ./lwip-1.4.0/src/core/tcp_out.o
 .text.tcp_write
                0x0000bb84      0x4d0 ./lwip-1.4.0/src/core/tcp_out.o
                0x0000bb84                tcp_write
 .text.tcp_enqueue_flags
                0x0000c054      0x1c0 ./lwip-1.4.0/src/core/tcp_out.o
                0x0000c054                tcp_enqueue_flags
 .text.tcp_send_empty_ack
                0x0000c214       0xc4 ./lwip-1.4.0/src/core/tcp_out.o
                0x0000c214                tcp_send_empty_ack
 .text.tcp_output
                0x0000c2d8      0x42c ./lwip-1.4.0/src/core/tcp_out.o
                0x0000c2d8                tcp_output
 .text.tcp_output_segment
                0x0000c704      0x208 ./lwip-1.4.0/src/core/tcp_out.o
 .text.tcp_rst  0x0000c90c      0x1d8 ./lwip-1.4.0/src/core/tcp_out.o
                0x0000c90c                tcp_rst
 .text.tcp_rexmit_rto
                0x0000cae4       0x6c ./lwip-1.4.0/src/core/tcp_out.o
                0x0000cae4                tcp_rexmit_rto
 .text.tcp_rexmit
                0x0000cb50       0xc8 ./lwip-1.4.0/src/core/tcp_out.o
                0x0000cb50                tcp_rexmit
 .text.tcp_rexmit_fast
                0x0000cc18       0xb8 ./lwip-1.4.0/src/core/tcp_out.o
                0x0000cc18                tcp_rexmit_fast
 .text.tcp_keepalive
                0x0000ccd0       0xa4 ./lwip-1.4.0/src/core/tcp_out.o
                0x0000ccd0                tcp_keepalive
 .text.tcp_zero_window_probe
                0x0000cd74      0x1b0 ./lwip-1.4.0/src/core/tcp_out.o
                0x0000cd74                tcp_zero_window_probe
 .text.tcpip_tcp_timer
                0x0000cf24       0x54 ./lwip-1.4.0/src/core/timers.o
 .text.tcp_timer_needed
                0x0000cf78       0x54 ./lwip-1.4.0/src/core/timers.o
                0x0000cf78                tcp_timer_needed
 .text.arp_timer
                0x0000cfcc       0x28 ./lwip-1.4.0/src/core/timers.o
 .text.dhcp_timer_coarse
                0x0000cff4       0x28 ./lwip-1.4.0/src/core/timers.o
 .text.dhcp_timer_fine
                0x0000d01c       0x28 ./lwip-1.4.0/src/core/timers.o
 .text.sys_timeouts_init
                0x0000d044       0x44 ./lwip-1.4.0/src/core/timers.o
                0x0000d044                sys_timeouts_init
 .text.sys_timeout
                0x0000d088      0x114 ./lwip-1.4.0/src/core/timers.o
                0x0000d088                sys_timeout
 .text.sys_untimeout
                0x0000d19c       0xa0 ./lwip-1.4.0/src/core/timers.o
                0x0000d19c                sys_untimeout
 .text.sys_timeouts_mbox_fetch
                0x0000d23c       0xec ./lwip-1.4.0/src/core/timers.o
                0x0000d23c                sys_timeouts_mbox_fetch
 .text.udp_input
                0x0000d328      0x344 ./lwip-1.4.0/src/core/udp.o
                0x0000d328                udp_input
 .text.udp_sendto_if
                0x0000d66c      0x1e8 ./lwip-1.4.0/src/core/udp.o
                0x0000d66c                udp_sendto_if
 .text.udp_bind
                0x0000d854      0x120 ./lwip-1.4.0/src/core/udp.o
                0x0000d854                udp_bind
 .text.udp_connect
                0x0000d974       0xb0 ./lwip-1.4.0/src/core/udp.o
                0x0000d974                udp_connect
 .text.udp_recv
                0x0000da24       0x24 ./lwip-1.4.0/src/core/udp.o
                0x0000da24                udp_recv
 .text.udp_remove
                0x0000da48       0x78 ./lwip-1.4.0/src/core/udp.o
                0x0000da48                udp_remove
 .text.udp_new  0x0000dac0       0x3c ./lwip-1.4.0/src/core/udp.o
                0x0000dac0                udp_new
 .text.icmp_input
                0x0000dafc      0x360 ./lwip-1.4.0/src/core/ipv4/icmp.o
                0x0000dafc                icmp_input
 .text.icmp_dest_unreach
                0x0000de5c       0x24 ./lwip-1.4.0/src/core/ipv4/icmp.o
                0x0000de5c                icmp_dest_unreach
 .text.icmp_send_response
                0x0000de80      0x108 ./lwip-1.4.0/src/core/ipv4/icmp.o
 .text.lwip_standard_chksum
                0x0000df88       0xe4 ./lwip-1.4.0/src/core/ipv4/inet_chksum.o
 .text.inet_chksum_pseudo
                0x0000e06c      0x150 ./lwip-1.4.0/src/core/ipv4/inet_chksum.o
                0x0000e06c                inet_chksum_pseudo
 .text.inet_chksum
                0x0000e1bc       0x28 ./lwip-1.4.0/src/core/ipv4/inet_chksum.o
                0x0000e1bc                inet_chksum
 .text.inet_chksum_pbuf
                0x0000e1e4       0xbc ./lwip-1.4.0/src/core/ipv4/inet_chksum.o
                0x0000e1e4                inet_chksum_pbuf
 .text.ip_route
                0x0000e2a0       0x90 ./lwip-1.4.0/src/core/ipv4/ip.o
                0x0000e2a0                ip_route
 .text.ip_input
                0x0000e330      0x34c ./lwip-1.4.0/src/core/ipv4/ip.o
                0x0000e330                ip_input
 .text.ip_output_if
                0x0000e67c      0x39c ./lwip-1.4.0/src/core/ipv4/ip.o
                0x0000e67c                ip_output_if
 .text.ip_output
                0x0000ea18       0x4c ./lwip-1.4.0/src/core/ipv4/ip.o
                0x0000ea18                ip_output
 .text.ip4_addr_isbroadcast
                0x0000ea64       0x88 ./lwip-1.4.0/src/core/ipv4/ip_addr.o
                0x0000ea64                ip4_addr_isbroadcast
 .text.netconn_new_with_proto_and_callback
                0x0000eaec       0x78 ./lwip-1.4.0/src/api/api_lib.o
                0x0000eaec                netconn_new_with_proto_and_callback
 .text.netconn_delete
                0x0000eb64       0x44 ./lwip-1.4.0/src/api/api_lib.o
                0x0000eb64                netconn_delete
 .text.netconn_bind
                0x0000eba8       0x70 ./lwip-1.4.0/src/api/api_lib.o
                0x0000eba8                netconn_bind
 .text.netconn_connect
                0x0000ec18       0x70 ./lwip-1.4.0/src/api/api_lib.o
                0x0000ec18                netconn_connect
 .text.netconn_recv_data
                0x0000ec88      0x164 ./lwip-1.4.0/src/api/api_lib.o
 .text.netconn_recv
                0x0000edec       0xec ./lwip-1.4.0/src/api/api_lib.o
                0x0000edec                netconn_recv
 .text.netconn_write
                0x0000eed8       0x90 ./lwip-1.4.0/src/api/api_lib.o
                0x0000eed8                netconn_write
 .text.netconn_close_shutdown
                0x0000ef68       0x6c ./lwip-1.4.0/src/api/api_lib.o
 .text.netconn_close
                0x0000efd4       0x20 ./lwip-1.4.0/src/api/api_lib.o
                0x0000efd4                netconn_close
 .text.recv_raw
                0x0000eff4       0xe8 ./lwip-1.4.0/src/api/api_msg.o
 .text.recv_udp
                0x0000f0dc       0xa8 ./lwip-1.4.0/src/api/api_msg.o
 .text.recv_tcp
                0x0000f184       0xb8 ./lwip-1.4.0/src/api/api_msg.o
 .text.poll_tcp
                0x0000f23c       0x94 ./lwip-1.4.0/src/api/api_msg.o
 .text.sent_tcp
                0x0000f2d0       0x90 ./lwip-1.4.0/src/api/api_msg.o
 .text.err_tcp  0x0000f360      0x110 ./lwip-1.4.0/src/api/api_msg.o
 .text.setup_tcp
                0x0000f470       0x5c ./lwip-1.4.0/src/api/api_msg.o
 .text.pcb_new  0x0000f4cc       0xf4 ./lwip-1.4.0/src/api/api_msg.o
 .text.do_newconn
                0x0000f5c0       0x38 ./lwip-1.4.0/src/api/api_msg.o
                0x0000f5c0                do_newconn
 .text.netconn_alloc
                0x0000f5f8       0xd8 ./lwip-1.4.0/src/api/api_msg.o
                0x0000f5f8                netconn_alloc
 .text.netconn_free
                0x0000f6d0       0x30 ./lwip-1.4.0/src/api/api_msg.o
                0x0000f6d0                netconn_free
 .text.netconn_drain
                0x0000f700       0xec ./lwip-1.4.0/src/api/api_msg.o
 .text.do_close_internal
                0x0000f7ec      0x1cc ./lwip-1.4.0/src/api/api_msg.o
 .text.do_delconn
                0x0000f9b8      0x124 ./lwip-1.4.0/src/api/api_msg.o
                0x0000f9b8                do_delconn
 .text.do_bind  0x0000fadc       0xc4 ./lwip-1.4.0/src/api/api_msg.o
                0x0000fadc                do_bind
 .text.do_connected
                0x0000fba0       0xdc ./lwip-1.4.0/src/api/api_msg.o
 .text.do_connect
                0x0000fc7c      0x148 ./lwip-1.4.0/src/api/api_msg.o
                0x0000fc7c                do_connect
 .text.do_recv  0x0000fdc4       0x74 ./lwip-1.4.0/src/api/api_msg.o
                0x0000fdc4                do_recv
 .text.do_writemore
                0x0000fe38      0x1e8 ./lwip-1.4.0/src/api/api_msg.o
 .text.do_write
                0x00010020       0xa4 ./lwip-1.4.0/src/api/api_msg.o
                0x00010020                do_write
 .text.do_close
                0x000100c4       0xb4 ./lwip-1.4.0/src/api/api_msg.o
                0x000100c4                do_close
 .text.netbuf_delete
                0x00010178       0x44 ./lwip-1.4.0/src/api/netbuf.o
                0x00010178                netbuf_delete
 .text.tcpip_thread
                0x000101bc      0x118 ./lwip-1.4.0/src/api/tcpip.o
 .text.tcpip_input
                0x000102d4       0x80 ./lwip-1.4.0/src/api/tcpip.o
                0x000102d4                tcpip_input
 .text.tcpip_callback_with_block
                0x00010354       0x98 ./lwip-1.4.0/src/api/tcpip.o
                0x00010354                tcpip_callback_with_block
 .text.tcpip_apimsg
                0x000103ec       0x64 ./lwip-1.4.0/src/api/tcpip.o
                0x000103ec                tcpip_apimsg
 .text.tcpip_init
                0x00010450       0x60 ./lwip-1.4.0/src/api/tcpip.o
                0x00010450                tcpip_init
 .text.NVIC_EnableIRQ
                0x000104b0       0x38 ./lwip-1.4.0/port/FreeRTOS/ethernetif/LPC17xx/EMAC.o
 .text.NVIC_SetPriority
                0x000104e8       0x5c ./lwip-1.4.0/port/FreeRTOS/ethernetif/LPC17xx/EMAC.o
 .text.ENET_IRQHandler
                0x00010544      0x134 ./lwip-1.4.0/port/FreeRTOS/ethernetif/LPC17xx/EMAC.o
                0x00010544                ENET_IRQHandler
 .text.write_PHY
                0x00010678       0x60 ./lwip-1.4.0/port/FreeRTOS/ethernetif/LPC17xx/EMAC.o
                0x00010678                write_PHY
 .text.read_PHY
                0x000106d8       0x74 ./lwip-1.4.0/port/FreeRTOS/ethernetif/LPC17xx/EMAC.o
                0x000106d8                read_PHY
 .text.rx_descr_init
                0x0001074c       0xd4 ./lwip-1.4.0/port/FreeRTOS/ethernetif/LPC17xx/EMAC.o
                0x0001074c                rx_descr_init
 .text.tx_descr_init
                0x00010820       0xb8 ./lwip-1.4.0/port/FreeRTOS/ethernetif/LPC17xx/EMAC.o
                0x00010820                tx_descr_init
 .text.Init_EMAC
                0x000108d8      0x29c ./lwip-1.4.0/port/FreeRTOS/ethernetif/LPC17xx/EMAC.o
                0x000108d8                Init_EMAC
 .text.ReadFrame_EMAC
                0x00010b74       0x28 ./lwip-1.4.0/port/FreeRTOS/ethernetif/LPC17xx/EMAC.o
                0x00010b74                ReadFrame_EMAC
 .text.CopyFromFrame_EMAC
                0x00010b9c       0x50 ./lwip-1.4.0/port/FreeRTOS/ethernetif/LPC17xx/EMAC.o
                0x00010b9c                CopyFromFrame_EMAC
 .text.StartReadFrame
                0x00010bec       0x60 ./lwip-1.4.0/port/FreeRTOS/ethernetif/LPC17xx/EMAC.o
                0x00010bec                StartReadFrame
 .text.EndReadFrame
                0x00010c4c       0x38 ./lwip-1.4.0/port/FreeRTOS/ethernetif/LPC17xx/EMAC.o
                0x00010c4c                EndReadFrame
 .text.RequestSend
                0x00010c84       0x54 ./lwip-1.4.0/port/FreeRTOS/ethernetif/LPC17xx/EMAC.o
                0x00010c84                RequestSend
 .text.WriteFrame_EMAC
                0x00010cd8       0x30 ./lwip-1.4.0/port/FreeRTOS/ethernetif/LPC17xx/EMAC.o
                0x00010cd8                WriteFrame_EMAC
 .text.CopyToFrame_EMAC_Start
                0x00010d08       0x48 ./lwip-1.4.0/port/FreeRTOS/ethernetif/LPC17xx/EMAC.o
                0x00010d08                CopyToFrame_EMAC_Start
 .text.CopyToFrame_EMAC_End
                0x00010d50       0x38 ./lwip-1.4.0/port/FreeRTOS/ethernetif/LPC17xx/EMAC.o
                0x00010d50                CopyToFrame_EMAC_End
 .text.low_level_init
                0x00010d88       0xd4 ./lwip-1.4.0/port/FreeRTOS/ethernetif/LPC17xx/ethernetif.o
 .text.low_level_output
                0x00010e5c       0x88 ./lwip-1.4.0/port/FreeRTOS/ethernetif/LPC17xx/ethernetif.o
 .text.low_level_input
                0x00010ee4       0x7c ./lwip-1.4.0/port/FreeRTOS/ethernetif/LPC17xx/ethernetif.o
 .text.ethernetif_input
                0x00010f60       0x9c ./lwip-1.4.0/port/FreeRTOS/ethernetif/LPC17xx/ethernetif.o
                0x00010f60                ethernetif_input
 .text.ethernetif_init
                0x00010ffc       0x74 ./lwip-1.4.0/port/FreeRTOS/ethernetif/LPC17xx/ethernetif.o
                0x00010ffc                ethernetif_init
 .text.sys_mbox_new
                0x00011070       0x40 ./lwip-1.4.0/port/FreeRTOS/arch/sys_arch.o
                0x00011070                sys_mbox_new
 .text.sys_mbox_free
                0x000110b0       0x24 ./lwip-1.4.0/port/FreeRTOS/arch/sys_arch.o
                0x000110b0                sys_mbox_free
 .text.sys_mbox_post
                0x000110d4       0x28 ./lwip-1.4.0/port/FreeRTOS/arch/sys_arch.o
                0x000110d4                sys_mbox_post
 .text.sys_mbox_trypost
                0x000110fc       0x3c ./lwip-1.4.0/port/FreeRTOS/arch/sys_arch.o
                0x000110fc                sys_mbox_trypost
 .text.sys_arch_mbox_fetch
                0x00011138       0xa0 ./lwip-1.4.0/port/FreeRTOS/arch/sys_arch.o
                0x00011138                sys_arch_mbox_fetch
 .text.sys_arch_mbox_tryfetch
                0x000111d8       0x44 ./lwip-1.4.0/port/FreeRTOS/arch/sys_arch.o
                0x000111d8                sys_arch_mbox_tryfetch
 .text.sys_sem_new
                0x0001121c       0x84 ./lwip-1.4.0/port/FreeRTOS/arch/sys_arch.o
                0x0001121c                sys_sem_new
 .text.sys_arch_sem_wait
                0x000112a0       0x90 ./lwip-1.4.0/port/FreeRTOS/arch/sys_arch.o
                0x000112a0                sys_arch_sem_wait
 .text.sys_mutex_new
                0x00011330       0x34 ./lwip-1.4.0/port/FreeRTOS/arch/sys_arch.o
                0x00011330                sys_mutex_new
 .text.sys_mutex_lock
                0x00011364       0x28 ./lwip-1.4.0/port/FreeRTOS/arch/sys_arch.o
                0x00011364                sys_mutex_lock
 .text.sys_mutex_unlock
                0x0001138c       0x28 ./lwip-1.4.0/port/FreeRTOS/arch/sys_arch.o
                0x0001138c                sys_mutex_unlock
 .text.sys_sem_signal
                0x000113b4       0x28 ./lwip-1.4.0/port/FreeRTOS/arch/sys_arch.o
                0x000113b4                sys_sem_signal
 .text.sys_sem_free
                0x000113dc       0x1c ./lwip-1.4.0/port/FreeRTOS/arch/sys_arch.o
                0x000113dc                sys_sem_free
 .text.sys_init
                0x000113f8        0xc ./lwip-1.4.0/port/FreeRTOS/arch/sys_arch.o
                0x000113f8                sys_init
 .text.sys_thread_new
                0x00011404       0x5c ./lwip-1.4.0/port/FreeRTOS/arch/sys_arch.o
                0x00011404                sys_thread_new
 .text.sys_arch_protect
                0x00011460       0x10 ./lwip-1.4.0/port/FreeRTOS/arch/sys_arch.o
                0x00011460                sys_arch_protect
 .text.sys_arch_unprotect
                0x00011470       0x14 ./lwip-1.4.0/port/FreeRTOS/arch/sys_arch.o
                0x00011470                sys_arch_unprotect
 .text.SPI_Config
                0x00011484      0x1c8 ./VS1053/vs1053.o
                0x00011484                SPI_Config
 .text.spi_write
                0x0001164c       0x6c ./VS1053/vs1053.o
                0x0001164c                spi_write
 .text.SPI_SetSpeed
                0x000116b8       0x34 ./VS1053/vs1053.o
                0x000116b8                SPI_SetSpeed
 .text.vs_write_reg
                0x000116ec       0xa0 ./VS1053/vs1053.o
                0x000116ec                vs_write_reg
 .text.vs_read_reg
                0x0001178c       0xa8 ./VS1053/vs1053.o
                0x0001178c                vs_read_reg
 .text.vs_write_patch
                0x00011834       0x4c ./VS1053/vs1053.o
                0x00011834                vs_write_patch
 .text.vs_init  0x00011880      0x144 ./VS1053/vs1053.o
                0x00011880                vs_init
 .text.EINT3_IRQHandler
                0x000119c4       0x40 ./VS1053/vs1053.o
                0x000119c4                EINT3_IRQHandler
 .text.VS_feed  0x00011a04       0xc8 ./VS1053/vs1053.o
                0x00011a04                VS_feed
 .text.ADC_Config
                0x00011acc       0x74 ./LPC1768_lib/source/adc.o
                0x00011acc                ADC_Config
 .text.NVIC_EnableIRQ
                0x00011b40       0x38 ./LPC1768_lib/source/gpio.o
 .text.LED_Config
                0x00011b78       0x64 ./LPC1768_lib/source/gpio.o
                0x00011b78                LED_Config
 .text.LED_On   0x00011bdc       0x38 ./LPC1768_lib/source/gpio.o
                0x00011bdc                LED_On
 .text.LED_Off  0x00011c14       0x3c ./LPC1768_lib/source/gpio.o
                0x00011c14                LED_Off
 .text.LED_Toggle
                0x00011c50       0x38 ./LPC1768_lib/source/gpio.o
                0x00011c50                LED_Toggle
 .text.BUTTON_Config
                0x00011c88       0x40 ./LPC1768_lib/source/gpio.o
                0x00011c88                BUTTON_Config
 .text.DelayTimer_Config
                0x00011cc8       0x50 ./LPC1768_lib/source/timer.o
                0x00011cc8                DelayTimer_Config
 .text.delay_ms
                0x00011d18       0x5c ./LPC1768_lib/source/timer.o
                0x00011d18                delay_ms
 .text.ConfigTimer1
                0x00011d74       0x94 ./LPC1768_lib/source/timer.o
                0x00011d74                ConfigTimer1
 .text.GetTimTimer1
                0x00011e08       0x18 ./LPC1768_lib/source/timer.o
                0x00011e08                GetTimTimer1
 .text.UART2_Config
                0x00011e20      0x180 ./LPC1768_lib/source/uart.o
                0x00011e20                UART2_Config
 .text.UART_PrintChar
                0x00011fa0       0x38 ./LPC1768_lib/source/uart.o
                0x00011fa0                UART_PrintChar
 .text.UART_PrintStr
                0x00011fd8       0x50 ./LPC1768_lib/source/uart.o
                0x00011fd8                UART_PrintStr
 .text.UART_PrintBuf
                0x00012028       0x50 ./LPC1768_lib/source/uart.o
                0x00012028                UART_PrintBuf
 .text.UART2_IRQHandler
                0x00012078       0x2c ./LPC1768_lib/source/uart.o
                0x00012078                UART2_IRQHandler
 .text.vListInitialise
                0x000120a4       0x48 ./FreeRTOS/list.o
                0x000120a4                vListInitialise
 .text.vListInitialiseItem
                0x000120ec       0x1c ./FreeRTOS/list.o
                0x000120ec                vListInitialiseItem
 .text.vListInsertEnd
                0x00012108       0x54 ./FreeRTOS/list.o
                0x00012108                vListInsertEnd
 .text.vListInsert
                0x0001215c       0x78 ./FreeRTOS/list.o
                0x0001215c                vListInsert
 .text.vListRemove
                0x000121d4       0x54 ./FreeRTOS/list.o
                0x000121d4                vListRemove
 .text.xQueueGenericCreate
                0x00012228       0xe4 ./FreeRTOS/queue.o
                0x00012228                xQueueGenericCreate
 .text.xQueueCreateMutex
                0x0001230c       0xac ./FreeRTOS/queue.o
                0x0001230c                xQueueCreateMutex
 .text.xQueueCreateCountingSemaphore
                0x000123b8       0x44 ./FreeRTOS/queue.o
                0x000123b8                xQueueCreateCountingSemaphore
 .text.xQueueGenericSend
                0x000123fc      0x158 ./FreeRTOS/queue.o
                0x000123fc                xQueueGenericSend
 .text.xQueueGenericSendFromISR
                0x00012554       0xd8 ./FreeRTOS/queue.o
                0x00012554                xQueueGenericSendFromISR
 .text.xQueueGenericReceive
                0x0001262c      0x1bc ./FreeRTOS/queue.o
                0x0001262c                xQueueGenericReceive
 .text.uxQueueMessagesWaiting
                0x000127e8       0x34 ./FreeRTOS/queue.o
                0x000127e8                uxQueueMessagesWaiting
 .text.vQueueDelete
                0x0001281c       0x38 ./FreeRTOS/queue.o
                0x0001281c                vQueueDelete
 .text.prvCopyDataToQueue
                0x00012854       0xc4 ./FreeRTOS/queue.o
 .text.prvCopyDataFromQueue
                0x00012918       0x50 ./FreeRTOS/queue.o
 .text.prvUnlockQueue
                0x00012968       0xa0 ./FreeRTOS/queue.o
 .text.prvIsQueueEmpty
                0x00012a08       0x2c ./FreeRTOS/queue.o
 .text.prvIsQueueFull
                0x00012a34       0x30 ./FreeRTOS/queue.o
 .text.vQueueUnregisterQueue
                0x00012a64       0x54 ./FreeRTOS/queue.o
 .text.vQueueWaitForMessageRestricted
                0x00012ab8       0x5c ./FreeRTOS/queue.o
                0x00012ab8                vQueueWaitForMessageRestricted
 .text.xTaskGenericCreate
                0x00012b14      0x1f8 ./FreeRTOS/tasks.o
                0x00012b14                xTaskGenericCreate
 .text.vTaskDelay
                0x00012d0c       0x5c ./FreeRTOS/tasks.o
                0x00012d0c                vTaskDelay
 .text.vTaskSuspend
                0x00012d68       0xc0 ./FreeRTOS/tasks.o
                0x00012d68                vTaskSuspend
 .text.xTaskIsTaskSuspended
                0x00012e28       0x60 ./FreeRTOS/tasks.o
                0x00012e28                xTaskIsTaskSuspended
 .text.vTaskResume
                0x00012e88       0xbc ./FreeRTOS/tasks.o
                0x00012e88                vTaskResume
 .text.vTaskStartScheduler
                0x00012f44       0x94 ./FreeRTOS/tasks.o
                0x00012f44                vTaskStartScheduler
 .text.vTaskSuspendAll
                0x00012fd8       0x24 ./FreeRTOS/tasks.o
                0x00012fd8                vTaskSuspendAll
 .text.xTaskResumeAll
                0x00012ffc      0x16c ./FreeRTOS/tasks.o
                0x00012ffc                xTaskResumeAll
 .text.xTaskGetTickCount
                0x00013168       0x28 ./FreeRTOS/tasks.o
                0x00013168                xTaskGetTickCount
 .text.vTaskGetRunTimeStats
                0x00013190      0x130 ./FreeRTOS/tasks.o
                0x00013190                vTaskGetRunTimeStats
 .text.vTaskIncrementTick
                0x000132c0      0x1d0 ./FreeRTOS/tasks.o
                0x000132c0                vTaskIncrementTick
 .text.vTaskSwitchContext
                0x00013490      0x154 ./FreeRTOS/tasks.o
                0x00013490                vTaskSwitchContext
 .text.vTaskPlaceOnEventList
                0x000135e4       0x88 ./FreeRTOS/tasks.o
                0x000135e4                vTaskPlaceOnEventList
 .text.vTaskPlaceOnEventListRestricted
                0x0001366c       0x64 ./FreeRTOS/tasks.o
                0x0001366c                vTaskPlaceOnEventListRestricted
 .text.xTaskRemoveFromEventList
                0x000136d0       0xd4 ./FreeRTOS/tasks.o
                0x000136d0                xTaskRemoveFromEventList
 .text.vTaskSetTimeOutState
                0x000137a4       0x40 ./FreeRTOS/tasks.o
                0x000137a4                vTaskSetTimeOutState
 .text.xTaskCheckForTimeOut
                0x000137e4       0xc4 ./FreeRTOS/tasks.o
                0x000137e4                xTaskCheckForTimeOut
 .text.vTaskMissedYield
                0x000138a8       0x18 ./FreeRTOS/tasks.o
                0x000138a8                vTaskMissedYield
 .text.prvIdleTask
                0x000138c0       0x24 ./FreeRTOS/tasks.o
 .text.prvInitialiseTCBVariables
                0x000138e4       0x84 ./FreeRTOS/tasks.o
 .text.prvInitialiseTaskLists
                0x00013968       0xa4 ./FreeRTOS/tasks.o
 .text.prvCheckTasksWaitingTermination
                0x00013a0c       0x98 ./FreeRTOS/tasks.o
 .text.prvAddCurrentTaskToDelayedList
                0x00013aa4       0x8c ./FreeRTOS/tasks.o
 .text.prvAllocateTCBAndStack
                0x00013b30       0x74 ./FreeRTOS/tasks.o
 .text.prvGenerateRunTimeStatsForTasksInList
                0x00013ba4      0x120 ./FreeRTOS/tasks.o
 .text.prvDeleteTCB
                0x00013cc4       0x20 ./FreeRTOS/tasks.o
 .text.xTaskGetCurrentTaskHandle
                0x00013ce4       0x20 ./FreeRTOS/tasks.o
                0x00013ce4                xTaskGetCurrentTaskHandle
 .text.xTaskGetSchedulerState
                0x00013d04       0x48 ./FreeRTOS/tasks.o
                0x00013d04                xTaskGetSchedulerState
 .text.vTaskPriorityInherit
                0x00013d4c       0xe8 ./FreeRTOS/tasks.o
                0x00013d4c                vTaskPriorityInherit
 .text.vTaskPriorityDisinherit
                0x00013e34       0x90 ./FreeRTOS/tasks.o
                0x00013e34                vTaskPriorityDisinherit
 .text.xTimerCreateTimerTask
                0x00013ec4       0x74 ./FreeRTOS/timers.o
                0x00013ec4                xTimerCreateTimerTask
 .text.xTimerCreate
                0x00013f38       0x78 ./FreeRTOS/timers.o
                0x00013f38                xTimerCreate
 .text.xTimerGenericCommand
                0x00013fb0       0xac ./FreeRTOS/timers.o
                0x00013fb0                xTimerGenericCommand
 .text.prvProcessExpiredTimer
                0x0001405c       0x80 ./FreeRTOS/timers.o
 .text.prvTimerTask
                0x000140dc       0x24 ./FreeRTOS/timers.o
 .text.prvProcessTimerOrBlockTask
                0x00014100       0x74 ./FreeRTOS/timers.o
 .text.prvGetNextExpireTime
                0x00014174       0x50 ./FreeRTOS/timers.o
 .text.prvSampleTimeNow
                0x000141c4       0x58 ./FreeRTOS/timers.o
 .text.prvInsertTimerInActiveList
                0x0001421c       0x94 ./FreeRTOS/timers.o
 .text.prvProcessReceivedCommands
                0x000142b0      0x11c ./FreeRTOS/timers.o
 .text.prvSwitchTimerLists
                0x000143cc       0xec ./FreeRTOS/timers.o
 .text.prvCheckForValidListAndQueue
                0x000144b8       0x74 ./FreeRTOS/timers.o
 .text.pvPortMalloc
                0x0001452c      0x1b0 ./FreeRTOS/portable/MemMang/heap_2.o
                0x0001452c                pvPortMalloc
 .text.vPortFree
                0x000146dc       0x88 ./FreeRTOS/portable/MemMang/heap_2.o
                0x000146dc                vPortFree
 .text.pxPortInitialiseStack
                0x00014764       0x60 ./FreeRTOS/portable/GCC/ARM_CM3/port.o
                0x00014764                pxPortInitialiseStack
 .text.SVCall_Handler
                0x000147c4       0x20 ./FreeRTOS/portable/GCC/ARM_CM3/port.o
                0x000147c4                SVCall_Handler
 .text.vPortStartFirstTask
                0x000147e4       0x14 ./FreeRTOS/portable/GCC/ARM_CM3/port.o
                0x000147e4                vPortStartFirstTask
 .text.xPortStartScheduler
                0x000147f8       0x54 ./FreeRTOS/portable/GCC/ARM_CM3/port.o
                0x000147f8                xPortStartScheduler
 .text.vPortYieldFromISR
                0x0001484c       0x18 ./FreeRTOS/portable/GCC/ARM_CM3/port.o
                0x0001484c                vPortYieldFromISR
 .text.vPortEnterCritical
                0x00014864       0x2c ./FreeRTOS/portable/GCC/ARM_CM3/port.o
                0x00014864                vPortEnterCritical
 .text.vPortExitCritical
                0x00014890       0x38 ./FreeRTOS/portable/GCC/ARM_CM3/port.o
                0x00014890                vPortExitCritical
 .text.PendSV_Handler
                0x000148c8       0x3c ./FreeRTOS/portable/GCC/ARM_CM3/port.o
                0x000148c8                PendSV_Handler
 .text.SysTick_Handler
                0x00014904       0x38 ./FreeRTOS/portable/GCC/ARM_CM3/port.o
                0x00014904                SysTick_Handler
 .text.prvSetupTimerInterrupt
                0x0001493c       0x2c ./FreeRTOS/portable/GCC/ARM_CM3/port.o
 .text.SystemInit
                0x00014968       0xe4 D:\MyDesigns\LPCXpresso\CMSISv2p00_LPC17xx\Release\libCMSISv2p00_LPC17xx.a(system_LPC17xx.o)
                0x00014968                SystemInit
 .text.__main   0x00014a4c       0x14 f:/nxp/lpcxpresso_4.1.5_219/lpcxpresso/tools/bin/../lib/gcc/arm-none-eabi/4.5.1/../../../../arm-none-eabi/lib/thumb2\libcr_nohost.a(_cr__main.o)
                0x00014a4c                __main
 .text.fp_round
                0x00014a60       0x56 f:/nxp/lpcxpresso_4.1.5_219/lpcxpresso/tools/bin/../lib/gcc/arm-none-eabi/4.5.1/../../../../arm-none-eabi/lib/thumb2\libcr_c.a(fpprintf.o)
 .text.lose_trailing_zeros
                0x00014ab6       0x1e f:/nxp/lpcxpresso_4.1.5_219/lpcxpresso/tools/bin/../lib/gcc/arm-none-eabi/4.5.1/../../../../arm-none-eabi/lib/thumb2\libcr_c.a(fpprintf.o)
 .text.pr_dec.clone.0
                0x00014ad4       0x24 f:/nxp/lpcxpresso_4.1.5_219/lpcxpresso/tools/bin/../lib/gcc/arm-none-eabi/4.5.1/../../../../arm-none-eabi/lib/thumb2\libcr_c.a(fpprintf.o)
 .text.sprintf  0x00014af8       0x70 f:/nxp/lpcxpresso_4.1.5_219/lpcxpresso/tools/bin/../lib/gcc/arm-none-eabi/4.5.1/../../../../arm-none-eabi/lib/thumb2\libcr_c.a(fpprintf.o)
                0x00014af8                sprintf
 .text.fp_display
                0x00014b68      0x918 f:/nxp/lpcxpresso_4.1.5_219/lpcxpresso/tools/bin/../lib/gcc/arm-none-eabi/4.5.1/../../../../arm-none-eabi/lib/thumb2\libcr_c.a(fpprintf.o)
 .text._initio  0x00015480       0x9c f:/nxp/lpcxpresso_4.1.5_219/lpcxpresso/tools/bin/../lib/gcc/arm-none-eabi/4.5.1/../../../../arm-none-eabi/lib/thumb2\libcr_c.a(initio.o)
                0x00015480                _initio
 .text.__vfprintf
                0x0001551c      0xc3c f:/nxp/lpcxpresso_4.1.5_219/lpcxpresso/tools/bin/../lib/gcc/arm-none-eabi/4.5.1/../../../../arm-none-eabi/lib/thumb2\libcr_c.a(printf.o)
                0x0001551c                __vfprintf
 .text.ch_val   0x00016158       0x38 f:/nxp/lpcxpresso_4.1.5_219/lpcxpresso/tools/bin/../lib/gcc/arm-none-eabi/4.5.1/../../../../arm-none-eabi/lib/thumb2\libcr_c.a(scanf.o)
 .text._strtoul
                0x00016190       0xc0 f:/nxp/lpcxpresso_4.1.5_219/lpcxpresso/tools/bin/../lib/gcc/arm-none-eabi/4.5.1/../../../../arm-none-eabi/lib/thumb2\libcr_c.a(scanf.o)
 .text.strtol   0x00016250       0x78 f:/nxp/lpcxpresso_4.1.5_219/lpcxpresso/tools/bin/../lib/gcc/arm-none-eabi/4.5.1/../../../../arm-none-eabi/lib/thumb2\libcr_c.a(scanf.o)
                0x00016250                strtol
 .text.atoi     0x000162c8       0x18 f:/nxp/lpcxpresso_4.1.5_219/lpcxpresso/tools/bin/../lib/gcc/arm-none-eabi/4.5.1/../../../../arm-none-eabi/lib/thumb2\libcr_c.a(scanf.o)
                0x000162c8                atoi
 .text.setvbuf  0x000162e0       0x48 f:/nxp/lpcxpresso_4.1.5_219/lpcxpresso/tools/bin/../lib/gcc/arm-none-eabi/4.5.1/../../../../arm-none-eabi/lib/thumb2\libcr_c.a(setvbuf.o)
                0x000162e0                setvbuf
 .text.strcat   0x00016328       0x1c f:/nxp/lpcxpresso_4.1.5_219/lpcxpresso/tools/bin/../lib/gcc/arm-none-eabi/4.5.1/../../../../arm-none-eabi/lib/thumb2\libcr_c.a(strcat.o)
                0x00016328                strcat
 .text.strlen   0x00016344       0x4e f:/nxp/lpcxpresso_4.1.5_219/lpcxpresso/tools/bin/../lib/gcc/arm-none-eabi/4.5.1/../../../../arm-none-eabi/lib/thumb2\libcr_c.a(strlen.o)
                0x00016344                strlen
 .text.strncpy  0x00016392       0x58 f:/nxp/lpcxpresso_4.1.5_219/lpcxpresso/tools/bin/../lib/gcc/arm-none-eabi/4.5.1/../../../../arm-none-eabi/lib/thumb2\libcr_c.a(strncpy.o)
                0x00016392                strncpy
 .text.strstr   0x000163ea       0x20 f:/nxp/lpcxpresso_4.1.5_219/lpcxpresso/tools/bin/../lib/gcc/arm-none-eabi/4.5.1/../../../../arm-none-eabi/lib/thumb2\libcr_c.a(strstr.o)
                0x000163ea                strstr
 .text.memcpy   0x0001640a        0x4 f:/nxp/lpcxpresso_4.1.5_219/lpcxpresso/tools/bin/../lib/gcc/arm-none-eabi/4.5.1/../../../../arm-none-eabi/lib/thumb2\libcr_c.a(memcpy.o)
                0x0001640a                memcpy
 .text.memset   0x0001640e        0x4 f:/nxp/lpcxpresso_4.1.5_219/lpcxpresso/tools/bin/../lib/gcc/arm-none-eabi/4.5.1/../../../../arm-none-eabi/lib/thumb2\libcr_c.a(memset.o)
                0x0001640e                memset
 .text._deferredlazyseek
                0x00016412       0x44 f:/nxp/lpcxpresso_4.1.5_219/lpcxpresso/tools/bin/../lib/gcc/arm-none-eabi/4.5.1/../../../../arm-none-eabi/lib/thumb2\libcr_c.a(_deferredlazyseek.o)
                0x00016412                _deferredlazyseek
 .text.__flsbuf
                0x00016456      0x15e f:/nxp/lpcxpresso_4.1.5_219/lpcxpresso/tools/bin/../lib/gcc/arm-none-eabi/4.5.1/../../../../arm-none-eabi/lib/thumb2\libcr_c.a(_deferredlazyseek.o)
                0x00016456                __flsbuf
 .text._fdopen  0x000165b4       0x6e f:/nxp/lpcxpresso_4.1.5_219/lpcxpresso/tools/bin/../lib/gcc/arm-none-eabi/4.5.1/../../../../arm-none-eabi/lib/thumb2\libcr_c.a(_fdopen.o)
                0x000165b4                _fdopen
 .text._fflush  0x00016622       0x58 f:/nxp/lpcxpresso_4.1.5_219/lpcxpresso/tools/bin/../lib/gcc/arm-none-eabi/4.5.1/../../../../arm-none-eabi/lib/thumb2\libcr_c.a(_fflush.o)
                0x00016622                _fflush
 .text._frexpl  0x0001667a       0x62 f:/nxp/lpcxpresso_4.1.5_219/lpcxpresso/tools/bin/../lib/gcc/arm-none-eabi/4.5.1/../../../../arm-none-eabi/lib/thumb2\libcr_c.a(_frexpl.o)
                0x0001667a                _frexpl
 .text._ldexpl  0x000166dc       0x50 f:/nxp/lpcxpresso_4.1.5_219/lpcxpresso/tools/bin/../lib/gcc/arm-none-eabi/4.5.1/../../../../arm-none-eabi/lib/thumb2\libcr_c.a(_ldexpl.o)
                0x000166dc                _ldexpl
 .text._Cwritebuf
                0x0001672c       0x88 f:/nxp/lpcxpresso_4.1.5_219/lpcxpresso/tools/bin/../lib/gcc/arm-none-eabi/4.5.1/../../../../arm-none-eabi/lib/thumb2\libcr_c.a(_writebuf.o)
                0x0001672c                _Cwritebuf
 .text.malloc   0x000167b4       0xd0 f:/nxp/lpcxpresso_4.1.5_219/lpcxpresso/tools/bin/../lib/gcc/arm-none-eabi/4.5.1/../../../../arm-none-eabi/lib/thumb2\libcr_c.a(alloc.o)
                0x000167b4                malloc
 .text.free     0x00016884        0xa f:/nxp/lpcxpresso_4.1.5_219/lpcxpresso/tools/bin/../lib/gcc/arm-none-eabi/4.5.1/../../../../arm-none-eabi/lib/thumb2\libcr_c.a(alloc.o)
                0x00016884                free
 *fill*         0x0001688e        0x2 00
 .text._Csys_alloc
                0x00016890       0x20 f:/nxp/lpcxpresso_4.1.5_219/lpcxpresso/tools/bin/../lib/gcc/arm-none-eabi/4.5.1/../../../../arm-none-eabi/lib/thumb2\libcr_c.a(alloc.o)
                0x00016890                _Csys_alloc
 .text.fclose   0x000168b0       0x72 f:/nxp/lpcxpresso_4.1.5_219/lpcxpresso/tools/bin/../lib/gcc/arm-none-eabi/4.5.1/../../../../arm-none-eabi/lib/thumb2\libcr_c.a(fclose.o)
                0x000168b0                fclose
 *fill*         0x00016922        0x2 00
 .text.fflush   0x00016924       0x34 f:/nxp/lpcxpresso_4.1.5_219/lpcxpresso/tools/bin/../lib/gcc/arm-none-eabi/4.5.1/../../../../arm-none-eabi/lib/thumb2\libcr_c.a(fflush.o)
                0x00016924                fflush
 .text.fseek    0x00016958      0x110 f:/nxp/lpcxpresso_4.1.5_219/lpcxpresso/tools/bin/../lib/gcc/arm-none-eabi/4.5.1/../../../../arm-none-eabi/lib/thumb2\libcr_c.a(fseek.o)
                0x00016958                fseek
 .text.ftell    0x00016a68       0x50 f:/nxp/lpcxpresso_4.1.5_219/lpcxpresso/tools/bin/../lib/gcc/arm-none-eabi/4.5.1/../../../../arm-none-eabi/lib/thumb2\libcr_c.a(ftell.o)
                0x00016a68                ftell
 .text.remove   0x00016ab8       0x14 f:/nxp/lpcxpresso_4.1.5_219/lpcxpresso/tools/bin/../lib/gcc/arm-none-eabi/4.5.1/../../../../arm-none-eabi/lib/thumb2\libcr_c.a(remove.o)
                0x00016ab8                remove
 .text._do_fflush
                0x00016acc       0x44 f:/nxp/lpcxpresso_4.1.5_219/lpcxpresso/tools/bin/../lib/gcc/arm-none-eabi/4.5.1/../../../../arm-none-eabi/lib/thumb2\libcr_c.a(_do_fflush.o)
                0x00016acc                _do_fflush
 .text.__aeabi_dmul
                0x00016b10      0x128 f:/nxp/lpcxpresso_4.1.5_219/lpcxpresso/tools/bin/../lib/gcc/arm-none-eabi/4.5.1/thumb2\libcr_eabihelpers.a(double.o)
                0x00016b10                __aeabi_dmul
 .text.__aeabi_ddiv
                0x00016c38      0x144 f:/nxp/lpcxpresso_4.1.5_219/lpcxpresso/tools/bin/../lib/gcc/arm-none-eabi/4.5.1/thumb2\libcr_eabihelpers.a(double.o)
                0x00016c38                __aeabi_ddiv
 .text.__aeabi_dsub
                0x00016d7c      0x1d8 f:/nxp/lpcxpresso_4.1.5_219/lpcxpresso/tools/bin/../lib/gcc/arm-none-eabi/4.5.1/thumb2\libcr_eabihelpers.a(double.o)
                0x00016d7c                __aeabi_dsub
 .text.__aeabi_dadd
                0x00016f54      0x13c f:/nxp/lpcxpresso_4.1.5_219/lpcxpresso/tools/bin/../lib/gcc/arm-none-eabi/4.5.1/thumb2\libcr_eabihelpers.a(double.o)
                0x00016f54                __aeabi_dadd
 .text.__aeabi_d2iz
                0x00017090       0x3e f:/nxp/lpcxpresso_4.1.5_219/lpcxpresso/tools/bin/../lib/gcc/arm-none-eabi/4.5.1/thumb2\libcr_eabihelpers.a(double.o)
                0x00017090                __aeabi_d2iz
 .text.__bhs_ui2d
                0x000170ce       0x50 f:/nxp/lpcxpresso_4.1.5_219/lpcxpresso/tools/bin/../lib/gcc/arm-none-eabi/4.5.1/thumb2\libcr_eabihelpers.a(double.o)
                0x000170ce                __bhs_ui2d
 .text.__aeabi_i2d
                0x0001711e       0x10 f:/nxp/lpcxpresso_4.1.5_219/lpcxpresso/tools/bin/../lib/gcc/arm-none-eabi/4.5.1/thumb2\libcr_eabihelpers.a(double.o)
                0x0001711e                __aeabi_i2d
 .text.__aeabi_dcmpeq
                0x0001712e       0x36 f:/nxp/lpcxpresso_4.1.5_219/lpcxpresso/tools/bin/../lib/gcc/arm-none-eabi/4.5.1/thumb2\libcr_eabihelpers.a(double.o)
                0x0001712e                __aeabi_dcmpeq
 .text.__aeabi_dcmplt
                0x00017164       0x5a f:/nxp/lpcxpresso_4.1.5_219/lpcxpresso/tools/bin/../lib/gcc/arm-none-eabi/4.5.1/thumb2\libcr_eabihelpers.a(double.o)
                0x00017164                __aeabi_dcmplt
 .text.__aeabi_dcmple
                0x000171be       0x5a f:/nxp/lpcxpresso_4.1.5_219/lpcxpresso/tools/bin/../lib/gcc/arm-none-eabi/4.5.1/thumb2\libcr_eabihelpers.a(double.o)
                0x000171be                __aeabi_dcmple
 .text.__aeabi_dcmpge
                0x00017218       0x5a f:/nxp/lpcxpresso_4.1.5_219/lpcxpresso/tools/bin/../lib/gcc/arm-none-eabi/4.5.1/thumb2\libcr_eabihelpers.a(double.o)
                0x00017218                __aeabi_dcmpge
 .text.__aeabi_memcpy
                0x00017272       0x26 f:/nxp/lpcxpresso_4.1.5_219/lpcxpresso/tools/bin/../lib/gcc/arm-none-eabi/4.5.1/thumb2\libcr_eabihelpers.a(memcpy.o)
                0x00017272                __aeabi_memcpy4
                0x00017272                __aeabi_memcpy8
                0x00017272                __aeabi_memcpy
 .text.__aeabi_memset_lowlevel
                0x00017298       0x24 f:/nxp/lpcxpresso_4.1.5_219/lpcxpresso/tools/bin/../lib/gcc/arm-none-eabi/4.5.1/thumb2\libcr_eabihelpers.a(memcpy.o)
                0x00017298                __aeabi_lowlevel_memset
 .text.__sys_appexit
                0x000172bc        0x2 f:/nxp/lpcxpresso_4.1.5_219/lpcxpresso/tools/bin/../lib/gcc/arm-none-eabi/4.5.1/../../../../arm-none-eabi/lib/thumb2\libcr_nohost.a(__sys_appexit.o)
                0x000172bc                __sys_appexit
                0x000172bc                __exit
 .text.__sys_close
                0x000172be        0x6 f:/nxp/lpcxpresso_4.1.5_219/lpcxpresso/tools/bin/../lib/gcc/arm-none-eabi/4.5.1/../../../../arm-none-eabi/lib/thumb2\libcr_nohost.a(__sys_close.o)
                0x000172be                __sys_close
 .text.__sys_flen
                0x000172c4        0x6 f:/nxp/lpcxpresso_4.1.5_219/lpcxpresso/tools/bin/../lib/gcc/arm-none-eabi/4.5.1/../../../../arm-none-eabi/lib/thumb2\libcr_nohost.a(__sys_flen.o)
                0x000172c4                __sys_flen
 .text.__sys_istty
                0x000172ca        0x6 f:/nxp/lpcxpresso_4.1.5_219/lpcxpresso/tools/bin/../lib/gcc/arm-none-eabi/4.5.1/../../../../arm-none-eabi/lib/thumb2\libcr_nohost.a(__sys_istty.o)
                0x000172ca                __sys_istty
 .text.__sys_remove
                0x000172d0        0x6 f:/nxp/lpcxpresso_4.1.5_219/lpcxpresso/tools/bin/../lib/gcc/arm-none-eabi/4.5.1/../../../../arm-none-eabi/lib/thumb2\libcr_nohost.a(__sys_remove.o)
                0x000172d0                __sys_remove
 .text.__sys_seek
                0x000172d6        0x6 f:/nxp/lpcxpresso_4.1.5_219/lpcxpresso/tools/bin/../lib/gcc/arm-none-eabi/4.5.1/../../../../arm-none-eabi/lib/thumb2\libcr_nohost.a(__sys_seek.o)
                0x000172d6                __sys_seek
 .text.__sys_tmpnam
                0x000172dc        0x6 f:/nxp/lpcxpresso_4.1.5_219/lpcxpresso/tools/bin/../lib/gcc/arm-none-eabi/4.5.1/../../../../arm-none-eabi/lib/thumb2\libcr_nohost.a(__sys_tmpnam.o)
                0x000172dc                __sys_tmpnam
 .text.__sys_write
                0x000172e2        0x4 f:/nxp/lpcxpresso_4.1.5_219/lpcxpresso/tools/bin/../lib/gcc/arm-none-eabi/4.5.1/../../../../arm-none-eabi/lib/thumb2\libcr_nohost.a(__sys_write.o)
                0x000172e2                __sys_write
                0x000172e2                __write
 *fill*         0x000172e6        0x2 00
 .text._sbrk    0x000172e8       0x40 f:/nxp/lpcxpresso_4.1.5_219/lpcxpresso/tools/bin/../lib/gcc/arm-none-eabi/4.5.1/../../../../arm-none-eabi/lib/thumb2\libcr_nohost.a(_cr_sbrk.o)
                0x000172e8                _sbrk
 .text.__check_heap_overflow
                0x00017328       0x2c f:/nxp/lpcxpresso_4.1.5_219/lpcxpresso/tools/bin/../lib/gcc/arm-none-eabi/4.5.1/../../../../arm-none-eabi/lib/thumb2\libcr_nohost.a(_cr_check_heap.o)
                0x00017328                __check_heap_overflow
 *(.rodata .rodata.*)
 .rodata        0x00017354       0x2c ./src/cr_startup_lpc176x.o
 .rodata        0x00017380       0x1c ./src/main.o
 .rodata        0x0001739c      0x18c ./src/shoutcast.o
 .rodata.ethbroadcast
                0x00017528        0x8 ./lwip-1.4.0/src/netif/etharp.o
                0x00017528                ethbroadcast
 .rodata.ethzero
                0x00017530        0x8 ./lwip-1.4.0/src/netif/etharp.o
                0x00017530                ethzero
 .rodata.memp_sizes
                0x00017538       0x1c ./lwip-1.4.0/src/core/memp.o
 .rodata.memp_num
                0x00017554       0x1c ./lwip-1.4.0/src/core/memp.o
 .rodata        0x00017570       0x94 ./lwip-1.4.0/src/core/stats.o
 .rodata.C.1.2005
                0x00017604       0x34 ./lwip-1.4.0/src/core/stats.o
 .rodata.tcp_backoff
                0x00017638       0x10 ./lwip-1.4.0/src/core/tcp.o
                0x00017638                tcp_backoff
 .rodata.tcp_persist_backoff
                0x00017648        0x8 ./lwip-1.4.0/src/core/tcp.o
                0x00017648                tcp_persist_backoff
 .rodata.tcp_pcb_lists
                0x00017650       0x10 ./lwip-1.4.0/src/core/tcp.o
                0x00017650                tcp_pcb_lists
 .rodata.ip_addr_any
                0x00017660        0x4 ./lwip-1.4.0/src/core/ipv4/ip_addr.o
                0x00017660                ip_addr_any
 .rodata.ip_addr_broadcast
                0x00017664        0x4 ./lwip-1.4.0/src/core/ipv4/ip_addr.o
                0x00017664                ip_addr_broadcast
 .rodata        0x00017668        0xc ./lwip-1.4.0/src/api/tcpip.o
 .rodata        0x00017674        0x8 ./lwip-1.4.0/port/FreeRTOS/ethernetif/LPC17xx/ethernetif.o
 .rodata.sample
                0x0001767c     0x4000 ./VS1053/vs1053.o
                0x0001767c                sample
 .rodata.dpatch
                0x0001b67c     0x35dc ./VS1053/vs_patch.o
                0x0001b67c                dpatch
 .rodata.apatch
                0x0001ec58     0x1af0 ./VS1053/vs_patch.o
                0x0001ec58                apatch
 .rodata        0x00020748       0x3c ./FreeRTOS/tasks.o
 .rodata        0x00020784        0x8 ./FreeRTOS/timers.o
 .rodata.heapSTRUCT_SIZE
                0x0002078c        0x2 ./FreeRTOS/portable/MemMang/heap_2.o
 .rodata.str1.1
                0x0002078e       0x34 f:/nxp/lpcxpresso_4.1.5_219/lpcxpresso/tools/bin/../lib/gcc/arm-none-eabi/4.5.1/../../../../arm-none-eabi/lib/thumb2\libcr_c.a(fpprintf.o)
                                 0x35 (size before relaxing)
 .rodata.str1.1
                0x000207c2        0x4 f:/nxp/lpcxpresso_4.1.5_219/lpcxpresso/tools/bin/../lib/gcc/arm-none-eabi/4.5.1/../../../../arm-none-eabi/lib/thumb2\libcr_c.a(initio.o)
 .rodata.str1.1
                0x000207c6       0x31 f:/nxp/lpcxpresso_4.1.5_219/lpcxpresso/tools/bin/../lib/gcc/arm-none-eabi/4.5.1/../../../../arm-none-eabi/lib/thumb2\libcr_c.a(printf.o)
                                 0x38 (size before relaxing)
 *fill*         0x000207f7        0x1 00
 .rodata.__huge_vall
                0x000207f8        0x8 f:/nxp/lpcxpresso_4.1.5_219/lpcxpresso/tools/bin/../lib/gcc/arm-none-eabi/4.5.1/../../../../arm-none-eabi/lib/thumb2\libcr_c.a(_hugeval.o)
                0x000207f8                __huge_vall
 .rodata.str1.1
                0x00020800       0x18 f:/nxp/lpcxpresso_4.1.5_219/lpcxpresso/tools/bin/../lib/gcc/arm-none-eabi/4.5.1/../../../../arm-none-eabi/lib/thumb2\libcr_c.a(alloc.o)
 .rodata.__ctype
                0x00020818      0x180 f:/nxp/lpcxpresso_4.1.5_219/lpcxpresso/tools/bin/../lib/gcc/arm-none-eabi/4.5.1/../../../../arm-none-eabi/lib/thumb2\libcr_c.a(ctype.o)
                0x00020818                __ctype
                0x00020998                . = ALIGN (0x4)

.glue_7         0x00020998        0x0
 .glue_7        0x00000000        0x0 linker stubs

.glue_7t        0x00020998        0x0
 .glue_7t       0x00000000        0x0 linker stubs

.vfp11_veneer   0x00020998        0x0
 .vfp11_veneer  0x00000000        0x0 linker stubs

.v4_bx          0x00020998        0x0
 .v4_bx         0x00000000        0x0 linker stubs

.ARM.extab
 *(.ARM.extab* .gnu.linkonce.armextab.*)
                0x00020998                __exidx_start = .

.ARM.exidx
 *(.ARM.exidx* .gnu.linkonce.armexidx.*)
                0x00020998                __exidx_end = .
                0x00020998                _etext = .

.data_RAM2      0x2007c000        0x0 load address 0x00020998
 FILL mask 0xff
 *(.data.$RAM2*)
 *(.data.$RamAHB32*)
                0x2007c000                . = ALIGN (0x4)

.uninit_RESERVED
 *(.bss.$RESERVED*)

.data           0x10000000       0x18 load address 0x00020998
 FILL mask 0xff
                0x10000000                _data = .
 *(vtable)
 *(.data*)
 .data.xid.3355
                0x10000000        0x4 ./lwip-1.4.0/src/core/dhcp.o
 .data.iss.3423
                0x10000004        0x4 ./lwip-1.4.0/src/core/tcp.o
 .data.port.3263
                0x10000008        0x2 ./lwip-1.4.0/src/core/tcp.o
 *fill*         0x1000000a        0x2 00
 .data.xNextTaskUnblockTime
                0x1000000c        0x4 ./FreeRTOS/tasks.o
 .data.xFreeBytesRemaining
                0x10000010        0x4 ./FreeRTOS/portable/MemMang/heap_2.o
 .data.uxCriticalNesting
                0x10000014        0x4 ./FreeRTOS/portable/GCC/ARM_CM3/port.o
                0x10000018                . = ALIGN (0x4)
                0x10000018                _edata = .

.bss_RAM2       0x2007c000     0x1800
 *(.bss.$RAM2*)
 .bss.$RAM2     0x2007c000     0x1800 ./src/shoutcast.o
                0x2007c000                mybuf
 *(.bss.$RamAHB32*)
                0x2007d800                . = ALIGN (0x4)

.bss            0x10000018     0x5ebc
                0x10000018                _bss = .
 *(.bss*)
 .bss.RAM_bufhead
                0x10000018        0x4 ./src/external_RAM.o
                0x10000018                RAM_bufhead
 .bss.RAM_buftail
                0x1000001c        0x4 ./src/external_RAM.o
                0x1000001c                RAM_buftail
 .bss.xSPI0_Mutex
                0x10000020        0x4 ./src/main.o
                0x10000020                xSPI0_Mutex
 .bss.xSPI1_Mutex
                0x10000024        0x4 ./src/main.o
                0x10000024                xSPI1_Mutex
 .bss.dhcpcnt   0x10000028        0x2 ./src/main.o
                0x10000028                dhcpcnt
 .bss.dhcpflag  0x1000002a        0x1 ./src/main.o
                0x1000002a                dhcpflag
 *fill*         0x1000002b        0x1 00
 .bss.xDhcpCmplSemaphore_1
                0x1000002c        0x4 ./src/main.o
                0x1000002c                xDhcpCmplSemaphore_1
 .bss.xDhcpCmplSemaphore_2
                0x10000030        0x4 ./src/main.o
                0x10000030                xDhcpCmplSemaphore_2
 .bss.arp_table
                0x10000034       0xa0 ./lwip-1.4.0/src/netif/etharp.o
 .bss.etharp_cached_entry
                0x100000d4        0x1 ./lwip-1.4.0/src/netif/etharp.o
 *fill*         0x100000d5        0x3 00
 .bss.ram       0x100000d8        0x4 ./lwip-1.4.0/src/core/mem.o
 .bss.ram_end   0x100000dc        0x4 ./lwip-1.4.0/src/core/mem.o
 .bss.lfree     0x100000e0        0x4 ./lwip-1.4.0/src/core/mem.o
 .bss.mem_mutex
                0x100000e4        0x4 ./lwip-1.4.0/src/core/mem.o
 .bss.memp_tab  0x100000e8       0x34 ./lwip-1.4.0/src/core/memp.o
 .bss.memp_memory
                0x1000011c     0x1fa8 ./lwip-1.4.0/src/core/memp.o
 .bss.netifnum.3257
                0x100020c4        0x1 ./lwip-1.4.0/src/core/netif.o
 .bss.pbuf_free_ooseq_queued
                0x100020c5        0x1 ./lwip-1.4.0/src/core/pbuf.o
 *fill*         0x100020c6        0x2 00
 .bss.raw_pcbs  0x100020c8        0x4 ./lwip-1.4.0/src/core/raw.o
 .bss.tcp_timer
                0x100020cc        0x1 ./lwip-1.4.0/src/core/tcp.o
 *fill*         0x100020cd        0x3 00
 .bss.inseg     0x100020d0       0x14 ./lwip-1.4.0/src/core/tcp_in.o
 .bss.tcphdr    0x100020e4        0x4 ./lwip-1.4.0/src/core/tcp_in.o
 .bss.iphdr     0x100020e8        0x4 ./lwip-1.4.0/src/core/tcp_in.o
 .bss.seqno     0x100020ec        0x4 ./lwip-1.4.0/src/core/tcp_in.o
 .bss.ackno     0x100020f0        0x4 ./lwip-1.4.0/src/core/tcp_in.o
 .bss.flags     0x100020f4        0x1 ./lwip-1.4.0/src/core/tcp_in.o
 *fill*         0x100020f5        0x1 00
 .bss.tcplen    0x100020f6        0x2 ./lwip-1.4.0/src/core/tcp_in.o
 .bss.recv_flags
                0x100020f8        0x1 ./lwip-1.4.0/src/core/tcp_in.o
 *fill*         0x100020f9        0x3 00
 .bss.recv_data
                0x100020fc        0x4 ./lwip-1.4.0/src/core/tcp_in.o
 .bss.next_timeout
                0x10002100        0x4 ./lwip-1.4.0/src/core/timers.o
 .bss.tcpip_tcp_timer_active
                0x10002104        0x4 ./lwip-1.4.0/src/core/timers.o
 .bss.ip_id     0x10002108        0x2 ./lwip-1.4.0/src/core/ipv4/ip.o
 *fill*         0x1000210a        0x2 00
 .bss.tcpip_init_done
                0x1000210c        0x4 ./lwip-1.4.0/src/api/tcpip.o
 .bss.tcpip_init_done_arg
                0x10002110        0x4 ./lwip-1.4.0/src/api/tcpip.o
 .bss.mbox      0x10002114        0x4 ./lwip-1.4.0/src/api/tcpip.o
 .bss.rptr      0x10002118        0x4 ./lwip-1.4.0/port/FreeRTOS/ethernetif/LPC17xx/EMAC.o
 .bss.tptr      0x1000211c        0x4 ./lwip-1.4.0/port/FreeRTOS/ethernetif/LPC17xx/EMAC.o
 .bss.cnt       0x10002120        0x4 ./lwip-1.4.0/port/FreeRTOS/ethernetif/LPC17xx/EMAC.o
                0x10002120                cnt
 .bss.LastRxProd.2671
                0x10002124        0x1 ./lwip-1.4.0/port/FreeRTOS/ethernetif/LPC17xx/EMAC.o
 *fill*         0x10002125        0x3 00
 .bss.xHigherPriorityTaskWoken.2672
                0x10002128        0x4 ./lwip-1.4.0/port/FreeRTOS/ethernetif/LPC17xx/EMAC.o
 .bss.pxCurrentTCB
                0x1000212c        0x4 ./FreeRTOS/tasks.o
                0x1000212c                pxCurrentTCB
 .bss.pxReadyTasksLists
                0x10002130       0xa0 ./FreeRTOS/tasks.o
 .bss.xDelayedTaskList1
                0x100021d0       0x14 ./FreeRTOS/tasks.o
 .bss.xDelayedTaskList2
                0x100021e4       0x14 ./FreeRTOS/tasks.o
 .bss.pxDelayedTaskList
                0x100021f8        0x4 ./FreeRTOS/tasks.o
 .bss.pxOverflowDelayedTaskList
                0x100021fc        0x4 ./FreeRTOS/tasks.o
 .bss.xPendingReadyList
                0x10002200       0x14 ./FreeRTOS/tasks.o
 .bss.xTasksWaitingTermination
                0x10002214       0x14 ./FreeRTOS/tasks.o
 .bss.uxTasksDeleted
                0x10002228        0x4 ./FreeRTOS/tasks.o
 .bss.xSuspendedTaskList
                0x1000222c       0x14 ./FreeRTOS/tasks.o
 .bss.uxCurrentNumberOfTasks
                0x10002240        0x4 ./FreeRTOS/tasks.o
 .bss.xTickCount
                0x10002244        0x4 ./FreeRTOS/tasks.o
 .bss.uxTopUsedPriority
                0x10002248        0x4 ./FreeRTOS/tasks.o
 .bss.uxTopReadyPriority
                0x1000224c        0x4 ./FreeRTOS/tasks.o
 .bss.xSchedulerRunning
                0x10002250        0x4 ./FreeRTOS/tasks.o
 .bss.uxSchedulerSuspended
                0x10002254        0x4 ./FreeRTOS/tasks.o
 .bss.uxMissedTicks
                0x10002258        0x4 ./FreeRTOS/tasks.o
 .bss.xMissedYield
                0x1000225c        0x4 ./FreeRTOS/tasks.o
 .bss.xNumOfOverflows
                0x10002260        0x4 ./FreeRTOS/tasks.o
 .bss.uxTCBNumber
                0x10002264        0x4 ./FreeRTOS/tasks.o
 .bss.pcStatsString
                0x10002268       0x34 ./FreeRTOS/tasks.o
 .bss.ulTaskSwitchedInTime
                0x1000229c        0x4 ./FreeRTOS/tasks.o
 .bss.xActiveTimerList1
                0x100022a0       0x14 ./FreeRTOS/timers.o
 .bss.xActiveTimerList2
                0x100022b4       0x14 ./FreeRTOS/timers.o
 .bss.pxCurrentTimerList
                0x100022c8        0x4 ./FreeRTOS/timers.o
 .bss.pxOverflowTimerList
                0x100022cc        0x4 ./FreeRTOS/timers.o
 .bss.xTimerQueue
                0x100022d0        0x4 ./FreeRTOS/timers.o
 .bss.xLastTime.2474
                0x100022d4        0x4 ./FreeRTOS/timers.o
 .bss.xHeap     0x100022d8     0x3000 ./FreeRTOS/portable/MemMang/heap_2.o
 .bss.xStart    0x100052d8        0x8 ./FreeRTOS/portable/MemMang/heap_2.o
 .bss.xEnd      0x100052e0        0x8 ./FreeRTOS/portable/MemMang/heap_2.o
 .bss.xHeapHasBeenInitialised.2426
                0x100052e8        0x4 ./FreeRTOS/portable/MemMang/heap_2.o
 .bss.errno     0x100052ec        0x4 f:/nxp/lpcxpresso_4.1.5_219/lpcxpresso/tools/bin/../lib/gcc/arm-none-eabi/4.5.1/../../../../arm-none-eabi/lib/thumb2\libcr_c.a(errno.o)
                0x100052ec                errno
 *(COMMON)
 COMMON         0x100052f0       0x24 ./src/main.o
                0x100052f0                xDHCP_Timer
                0x100052f4                xIamLiveHandle
                0x100052f8                xVsTskHandle
                0x100052fc                lpc17xx_netif
                0x10005300                ipadres
                0x10005310                loop_netif
 COMMON         0x10005314       0xcc ./src/shoutcast.o
                0x10005314                Title
                0x10005378                RadioInf
 COMMON         0x100053e0       0x34 ./lwip-1.4.0/src/core/dhcp.o
                0x100053e0                dhcp_rx_options_given
                0x100053ec                dhcp_rx_options_val
 COMMON         0x10005414      0x814 ./lwip-1.4.0/src/core/mem.o
                0x10005414                ram_heap
 COMMON         0x10005c28        0x8 ./lwip-1.4.0/src/core/netif.o
                0x10005c28                netif_list
                0x10005c2c                netif_default
 COMMON         0x10005c30       0xd0 ./lwip-1.4.0/src/core/stats.o
                0x10005c30                lwip_stats
 COMMON         0x10005d00       0x18 ./lwip-1.4.0/src/core/tcp.o
                0x10005d00                tcp_active_pcbs
                0x10005d04                tcp_ticks
                0x10005d08                tcp_listen_pcbs
                0x10005d0c                tcp_tmp_pcb
                0x10005d10                tcp_bound_pcbs
                0x10005d14                tcp_tw_pcbs
 COMMON         0x10005d18        0x4 ./lwip-1.4.0/src/core/tcp_in.o
                0x10005d18                tcp_input_pcb
 COMMON         0x10005d1c        0x4 ./lwip-1.4.0/src/core/udp.o
                0x10005d1c                udp_pcbs
 COMMON         0x10005d20       0x10 ./lwip-1.4.0/src/core/ipv4/ip.o
                0x10005d20                current_iphdr_src
                0x10005d24                current_netif
                0x10005d28                current_iphdr_dest
                0x10005d2c                current_header
 COMMON         0x10005d30        0x8 ./lwip-1.4.0/port/FreeRTOS/ethernetif/LPC17xx/ethernetif.o
                0x10005d30                semEthRx
                0x10005d34                semEthTx
 COMMON         0x10005d38       0x50 ./FreeRTOS/queue.o
                0x10005d38                xQueueRegistry
 COMMON         0x10005d88        0x4 f:/nxp/lpcxpresso_4.1.5_219/lpcxpresso/tools/bin/../lib/gcc/arm-none-eabi/4.5.1/../../../../arm-none-eabi/lib/thumb2\libcr_c.a(initio.o)
                0x10005d88                _extra
 COMMON         0x10005d8c      0x140 f:/nxp/lpcxpresso_4.1.5_219/lpcxpresso/tools/bin/../lib/gcc/arm-none-eabi/4.5.1/../../../../arm-none-eabi/lib/thumb2\libcr_c.a(stdio.o)
                0x10005d8c                __Ciob
 COMMON         0x10005ecc        0x8 f:/nxp/lpcxpresso_4.1.5_219/lpcxpresso/tools/bin/../lib/gcc/arm-none-eabi/4.5.1/../../../../arm-none-eabi/lib/thumb2\libcr_c.a(__init_alloc.o)
                0x10005ecc                __heaps
                0x10005ed0                __end_of_heap
                0x10005ed4                . = ALIGN (0x4)
                0x10005ed4                _ebss = .
                0x10005ed4                PROVIDE (end, .)
                0x10005ed4                PROVIDE (_pvHeapStart, .)
                0x10008000                PROVIDE (_vStackTop, (__top_RamLoc32 - 0x0))
OUTPUT(TCPv3.axf elf32-littlearm)

.debug_abbrev   0x00000000     0x4b78
 .debug_abbrev  0x00000000       0xd2 ./stdio/printuart.o
 .debug_abbrev  0x000000d2      0x11d ./src/cr_startup_lpc176x.o
 .debug_abbrev  0x000001ef      0x209 ./src/external_RAM.o
 .debug_abbrev  0x000003f8      0x167 ./src/httpserver.o
 .debug_abbrev  0x0000055f      0x15d ./src/main.o
 .debug_abbrev  0x000006bc      0x1b0 ./src/shoutcast.o
 .debug_abbrev  0x0000086c      0x1f2 ./lwip-1.4.0/src/netif/etharp.o
 .debug_abbrev  0x00000a5e       0x21 ./lwip-1.4.0/src/netif/ethernetif.o
 .debug_abbrev  0x00000a7f       0x21 ./lwip-1.4.0/src/netif/slipif.o
 .debug_abbrev  0x00000aa0       0x21 ./lwip-1.4.0/src/netif/ppp/auth.o
 .debug_abbrev  0x00000ac1       0x21 ./lwip-1.4.0/src/netif/ppp/chap.o
 .debug_abbrev  0x00000ae2       0x21 ./lwip-1.4.0/src/netif/ppp/chpms.o
 .debug_abbrev  0x00000b03       0x21 ./lwip-1.4.0/src/netif/ppp/fsm.o
 .debug_abbrev  0x00000b24       0x21 ./lwip-1.4.0/src/netif/ppp/ipcp.o
 .debug_abbrev  0x00000b45       0x21 ./lwip-1.4.0/src/netif/ppp/lcp.o
 .debug_abbrev  0x00000b66       0x21 ./lwip-1.4.0/src/netif/ppp/magic.o
 .debug_abbrev  0x00000b87       0x21 ./lwip-1.4.0/src/netif/ppp/md5.o
 .debug_abbrev  0x00000ba8       0x21 ./lwip-1.4.0/src/netif/ppp/pap.o
 .debug_abbrev  0x00000bc9       0x21 ./lwip-1.4.0/src/netif/ppp/ppp.o
 .debug_abbrev  0x00000bea       0x21 ./lwip-1.4.0/src/netif/ppp/ppp_oe.o
 .debug_abbrev  0x00000c0b       0x21 ./lwip-1.4.0/src/netif/ppp/randm.o
 .debug_abbrev  0x00000c2c       0x21 ./lwip-1.4.0/src/netif/ppp/vj.o
 .debug_abbrev  0x00000c4d       0x6f ./lwip-1.4.0/src/core/def.o
 .debug_abbrev  0x00000cbc      0x1f7 ./lwip-1.4.0/src/core/dhcp.o
 .debug_abbrev  0x00000eb3       0x21 ./lwip-1.4.0/src/core/dns.o
 .debug_abbrev  0x00000ed4       0x7b ./lwip-1.4.0/src/core/init.o
 .debug_abbrev  0x00000f4f      0x17e ./lwip-1.4.0/src/core/mem.o
 .debug_abbrev  0x000010cd      0x17a ./lwip-1.4.0/src/core/memp.o
 .debug_abbrev  0x00001247      0x24a ./lwip-1.4.0/src/core/netif.o
 .debug_abbrev  0x00001491      0x1e8 ./lwip-1.4.0/src/core/pbuf.o
 .debug_abbrev  0x00001679      0x1a4 ./lwip-1.4.0/src/core/raw.o
 .debug_abbrev  0x0000181d      0x115 ./lwip-1.4.0/src/core/stats.o
 .debug_abbrev  0x00001932       0xa7 ./lwip-1.4.0/src/core/sys.o
 .debug_abbrev  0x000019d9      0x2ae ./lwip-1.4.0/src/core/tcp.o
 .debug_abbrev  0x00001c87      0x223 ./lwip-1.4.0/src/core/tcp_in.o
 .debug_abbrev  0x00001eaa      0x247 ./lwip-1.4.0/src/core/tcp_out.o
 .debug_abbrev  0x000020f1      0x1a5 ./lwip-1.4.0/src/core/timers.o
 .debug_abbrev  0x00002296      0x1c1 ./lwip-1.4.0/src/core/udp.o
 .debug_abbrev  0x00002457       0x21 ./lwip-1.4.0/src/core/snmp/asn1_dec.o
 .debug_abbrev  0x00002478       0x21 ./lwip-1.4.0/src/core/snmp/asn1_enc.o
 .debug_abbrev  0x00002499       0x21 ./lwip-1.4.0/src/core/snmp/mib2.o
 .debug_abbrev  0x000024ba       0x21 ./lwip-1.4.0/src/core/snmp/mib_structs.o
 .debug_abbrev  0x000024db       0x21 ./lwip-1.4.0/src/core/snmp/msg_in.o
 .debug_abbrev  0x000024fc       0x21 ./lwip-1.4.0/src/core/snmp/msg_out.o
 .debug_abbrev  0x0000251d       0x21 ./lwip-1.4.0/src/core/ipv4/autoip.o
 .debug_abbrev  0x0000253e      0x1b1 ./lwip-1.4.0/src/core/ipv4/icmp.o
 .debug_abbrev  0x000026ef       0x21 ./lwip-1.4.0/src/core/ipv4/igmp.o
 .debug_abbrev  0x00002710       0x21 ./lwip-1.4.0/src/core/ipv4/inet.o
 .debug_abbrev  0x00002731      0x128 ./lwip-1.4.0/src/core/ipv4/inet_chksum.o
 .debug_abbrev  0x00002859      0x1ba ./lwip-1.4.0/src/core/ipv4/ip.o
 .debug_abbrev  0x00002a13      0x167 ./lwip-1.4.0/src/core/ipv4/ip_addr.o
 .debug_abbrev  0x00002b7a       0x2c ./lwip-1.4.0/src/core/ipv4/ip_frag.o
 .debug_abbrev  0x00002ba6      0x200 ./lwip-1.4.0/src/api/api_lib.o
 .debug_abbrev  0x00002da6      0x235 ./lwip-1.4.0/src/api/api_msg.o
 .debug_abbrev  0x00002fdb       0x89 ./lwip-1.4.0/src/api/err.o
 .debug_abbrev  0x00003064      0x105 ./lwip-1.4.0/src/api/netbuf.o
 .debug_abbrev  0x00003169       0x21 ./lwip-1.4.0/src/api/netdb.o
 .debug_abbrev  0x0000318a       0x21 ./lwip-1.4.0/src/api/netifapi.o
 .debug_abbrev  0x000031ab       0x21 ./lwip-1.4.0/src/api/sockets.o
 .debug_abbrev  0x000031cc      0x200 ./lwip-1.4.0/src/api/tcpip.o
 .debug_abbrev  0x000033cc      0x226 ./lwip-1.4.0/port/FreeRTOS/ethernetif/LPC17xx/EMAC.o
 .debug_abbrev  0x000035f2      0x1ab ./lwip-1.4.0/port/FreeRTOS/ethernetif/LPC17xx/ethernetif.o
 .debug_abbrev  0x0000379d      0x160 ./lwip-1.4.0/port/FreeRTOS/arch/sys_arch.o
 .debug_abbrev  0x000038fd      0x1b8 ./VS1053/vs1053.o
 .debug_abbrev  0x00003ab5       0x8c ./VS1053/vs_patch.o
 .debug_abbrev  0x00003b41       0xe2 ./LPC1768_lib/source/adc.o
 .debug_abbrev  0x00003c23      0x177 ./LPC1768_lib/source/gpio.o
 .debug_abbrev  0x00003d9a      0x14e ./LPC1768_lib/source/lpc17xx_clkpwr.o
 .debug_abbrev  0x00003ee8      0x121 ./LPC1768_lib/source/timer.o
 .debug_abbrev  0x00004009      0x16c ./LPC1768_lib/source/uart.o
 .debug_abbrev  0x00004175      0x19b ./FreeRTOS/croutine.o
 .debug_abbrev  0x00004310       0xb6 ./FreeRTOS/list.o
 .debug_abbrev  0x000043c6      0x14a ./FreeRTOS/queue.o
 .debug_abbrev  0x00004510      0x195 ./FreeRTOS/tasks.o
 .debug_abbrev  0x000046a5      0x145 ./FreeRTOS/timers.o
 .debug_abbrev  0x000047ea      0x171 ./FreeRTOS/portable/MemMang/heap_2.o
 .debug_abbrev  0x0000495b      0x13c ./FreeRTOS/portable/GCC/ARM_CM3/port.o
 .debug_abbrev  0x00004a97       0xe1 D:\MyDesigns\LPCXpresso\CMSISv2p00_LPC17xx\Release\libCMSISv2p00_LPC17xx.a(system_LPC17xx.o)

.debug_info     0x00000000    0x1aef8
 .debug_info    0x00000000      0x144 ./stdio/printuart.o
 .debug_info    0x00000144      0x2d4 ./src/cr_startup_lpc176x.o
 .debug_info    0x00000418      0xb3e ./src/external_RAM.o
 .debug_info    0x00000f56      0x587 ./src/httpserver.o
 .debug_info    0x000014dd      0x98c ./src/main.o
 .debug_info    0x00001e69      0xae8 ./src/shoutcast.o
 .debug_info    0x00002951     0x1026 ./lwip-1.4.0/src/netif/etharp.o
 .debug_info    0x00003977       0x54 ./lwip-1.4.0/src/netif/ethernetif.o
 .debug_info    0x000039cb       0x62 ./lwip-1.4.0/src/netif/slipif.o
 .debug_info    0x00003a2d       0x54 ./lwip-1.4.0/src/netif/ppp/auth.o
 .debug_info    0x00003a81       0x54 ./lwip-1.4.0/src/netif/ppp/chap.o
 .debug_info    0x00003ad5       0x54 ./lwip-1.4.0/src/netif/ppp/chpms.o
 .debug_info    0x00003b29       0x54 ./lwip-1.4.0/src/netif/ppp/fsm.o
 .debug_info    0x00003b7d       0x54 ./lwip-1.4.0/src/netif/ppp/ipcp.o
 .debug_info    0x00003bd1       0x54 ./lwip-1.4.0/src/netif/ppp/lcp.o
 .debug_info    0x00003c25       0x54 ./lwip-1.4.0/src/netif/ppp/magic.o
 .debug_info    0x00003c79       0x54 ./lwip-1.4.0/src/netif/ppp/md5.o
 .debug_info    0x00003ccd       0x54 ./lwip-1.4.0/src/netif/ppp/pap.o
 .debug_info    0x00003d21       0x54 ./lwip-1.4.0/src/netif/ppp/ppp.o
 .debug_info    0x00003d75       0x54 ./lwip-1.4.0/src/netif/ppp/ppp_oe.o
 .debug_info    0x00003dc9       0x54 ./lwip-1.4.0/src/netif/ppp/randm.o
 .debug_info    0x00003e1d       0x54 ./lwip-1.4.0/src/netif/ppp/vj.o
 .debug_info    0x00003e71      0x112 ./lwip-1.4.0/src/core/def.o
 .debug_info    0x00003f83     0x124e ./lwip-1.4.0/src/core/dhcp.o
 .debug_info    0x000051d1       0x54 ./lwip-1.4.0/src/core/dns.o
 .debug_info    0x00005225       0xd8 ./lwip-1.4.0/src/core/init.o
 .debug_info    0x000052fd      0x463 ./lwip-1.4.0/src/core/mem.o
 .debug_info    0x00005760      0x40b ./lwip-1.4.0/src/core/memp.o
 .debug_info    0x00005b6b     0x10bb ./lwip-1.4.0/src/core/netif.o
 .debug_info    0x00006c26      0xf2b ./lwip-1.4.0/src/core/pbuf.o
 .debug_info    0x00007b51      0x79f ./lwip-1.4.0/src/core/raw.o
 .debug_info    0x000082f0      0x39c ./lwip-1.4.0/src/core/stats.o
 .debug_info    0x0000868c      0x138 ./lwip-1.4.0/src/core/sys.o
 .debug_info    0x000087c4     0x1721 ./lwip-1.4.0/src/core/tcp.o
 .debug_info    0x00009ee5      0xeff ./lwip-1.4.0/src/core/tcp_in.o
 .debug_info    0x0000ade4     0x1149 ./lwip-1.4.0/src/core/tcp_out.o
 .debug_info    0x0000bf2d      0xa18 ./lwip-1.4.0/src/core/timers.o
 .debug_info    0x0000c945      0xbfc ./lwip-1.4.0/src/core/udp.o
 .debug_info    0x0000d541       0x54 ./lwip-1.4.0/src/core/snmp/asn1_dec.o
 .debug_info    0x0000d595       0x54 ./lwip-1.4.0/src/core/snmp/asn1_enc.o
 .debug_info    0x0000d5e9       0x54 ./lwip-1.4.0/src/core/snmp/mib2.o
 .debug_info    0x0000d63d       0x54 ./lwip-1.4.0/src/core/snmp/mib_structs.o
 .debug_info    0x0000d691       0x54 ./lwip-1.4.0/src/core/snmp/msg_in.o
 .debug_info    0x0000d6e5       0x54 ./lwip-1.4.0/src/core/snmp/msg_out.o
 .debug_info    0x0000d739       0x54 ./lwip-1.4.0/src/core/ipv4/autoip.o
 .debug_info    0x0000d78d      0x624 ./lwip-1.4.0/src/core/ipv4/icmp.o
 .debug_info    0x0000ddb1       0x54 ./lwip-1.4.0/src/core/ipv4/igmp.o
 .debug_info    0x0000de05       0x5b ./lwip-1.4.0/src/core/ipv4/inet.o
 .debug_info    0x0000de60      0x3c0 ./lwip-1.4.0/src/core/ipv4/inet_chksum.o
 .debug_info    0x0000e220      0xada ./lwip-1.4.0/src/core/ipv4/ip.o
 .debug_info    0x0000ecfa      0x598 ./lwip-1.4.0/src/core/ipv4/ip_addr.o