Archive member included because of file (symbol)

D:\MyDesigns\LPCXpresso\CMSISv2p00_LPC17xx\Release\libCMSISv2p00_LPC17xx.a(system_LPC17xx.o)
                              ./src/cr_startup_lpc176x.o (SystemInit)
f:/nxp/lpcxpresso_4.1.5_219/lpcxpresso/tools/bin/../lib/gcc/arm-none-eabi/4.5.1/../../../../arm-none-eabi/lib/thumb2\libcr_nohost.a(_cr__main.o)
                              ./src/cr_startup_lpc176x.o (__main)
f:/nxp/lpcxpresso_4.1.5_219/lpcxpresso/tools/bin/../lib/gcc/arm-none-eabi/4.5.1/../../../../arm-none-eabi/lib/thumb2\libcr_c.a(fpprintf.o)
                              ./stdio/printuart.o (vsprintf)
f:/nxp/lpcxpresso_4.1.5_219/lpcxpresso/tools/bin/../lib/gcc/arm-none-eabi/4.5.1/../../../../arm-none-eabi/lib/thumb2\libcr_c.a(initio.o)
                              f:/nxp/lpcxpresso_4.1.5_219/lpcxpresso/tools/bin/../lib/gcc/arm-none-eabi/4.5.1/../../../../arm-none-eabi/lib/thumb2\libcr_nohost.a(_cr__main.o) (_initio)
f:/nxp/lpcxpresso_4.1.5_219/lpcxpresso/tools/bin/../lib/gcc/arm-none-eabi/4.5.1/../../../../arm-none-eabi/lib/thumb2\libcr_c.a(itoa.o)
                              ./LPC1768_lib/source/uart.o (itoa)
f:/nxp/lpcxpresso_4.1.5_219/lpcxpresso/tools/bin/../lib/gcc/arm-none-eabi/4.5.1/../../../../arm-none-eabi/lib/thumb2\libcr_c.a(printf.o)
                              f:/nxp/lpcxpresso_4.1.5_219/lpcxpresso/tools/bin/../lib/gcc/arm-none-eabi/4.5.1/../../../../arm-none-eabi/lib/thumb2\libcr_c.a(fpprintf.o) (__vfprintf)
f:/nxp/lpcxpresso_4.1.5_219/lpcxpresso/tools/bin/../lib/gcc/arm-none-eabi/4.5.1/../../../../arm-none-eabi/lib/thumb2\libcr_c.a(scanf.o)
                              ./src/shoutcast.o (atoi)
f:/nxp/lpcxpresso_4.1.5_219/lpcxpresso/tools/bin/../lib/gcc/arm-none-eabi/4.5.1/../../../../arm-none-eabi/lib/thumb2\libcr_c.a(setvbuf.o)
                              f:/nxp/lpcxpresso_4.1.5_219/lpcxpresso/tools/bin/../lib/gcc/arm-none-eabi/4.5.1/../../../../arm-none-eabi/lib/thumb2\libcr_c.a(initio.o) (setvbuf)
f:/nxp/lpcxpresso_4.1.5_219/lpcxpresso/tools/bin/../lib/gcc/arm-none-eabi/4.5.1/../../../../arm-none-eabi/lib/thumb2\libcr_c.a(stdio.o)
                              f:/nxp/lpcxpresso_4.1.5_219/lpcxpresso/tools/bin/../lib/gcc/arm-none-eabi/4.5.1/../../../../arm-none-eabi/lib/thumb2\libcr_c.a(fpprintf.o) (__Ciob)
f:/nxp/lpcxpresso_4.1.5_219/lpcxpresso/tools/bin/../lib/gcc/arm-none-eabi/4.5.1/../../../../arm-none-eabi/lib/thumb2\libcr_c.a(strlen.o)
                              ./src/httpserver.o (strlen)
f:/nxp/lpcxpresso_4.1.5_219/lpcxpresso/tools/bin/../lib/gcc/arm-none-eabi/4.5.1/../../../../arm-none-eabi/lib/thumb2\libcr_c.a(strncpy.o)
                              ./FreeRTOS/tasks.o (strncpy)
f:/nxp/lpcxpresso_4.1.5_219/lpcxpresso/tools/bin/../lib/gcc/arm-none-eabi/4.5.1/../../../../arm-none-eabi/lib/thumb2\libcr_c.a(strstr.o)
                              ./src/httpserver.o (strstr)
f:/nxp/lpcxpresso_4.1.5_219/lpcxpresso/tools/bin/../lib/gcc/arm-none-eabi/4.5.1/../../../../arm-none-eabi/lib/thumb2\libcr_c.a(ungetc.o)
                              f:/nxp/lpcxpresso_4.1.5_219/lpcxpresso/tools/bin/../lib/gcc/arm-none-eabi/4.5.1/../../../../arm-none-eabi/lib/thumb2\libcr_c.a(scanf.o) (ungetc)
f:/nxp/lpcxpresso_4.1.5_219/lpcxpresso/tools/bin/../lib/gcc/arm-none-eabi/4.5.1/../../../../arm-none-eabi/lib/thumb2\libcr_c.a(memcpy.o)
                              ./src/shoutcast.o (memcpy)
f:/nxp/lpcxpresso_4.1.5_219/lpcxpresso/tools/bin/../lib/gcc/arm-none-eabi/4.5.1/../../../../arm-none-eabi/lib/thumb2\libcr_c.a(memset.o)
                              ./lwip-1.4.0/src/core/dhcp.o (memset)
f:/nxp/lpcxpresso_4.1.5_219/lpcxpresso/tools/bin/../lib/gcc/arm-none-eabi/4.5.1/../../../../arm-none-eabi/lib/thumb2\libcr_c.a(__fillbuf.o)
                              f:/nxp/lpcxpresso_4.1.5_219/lpcxpresso/tools/bin/../lib/gcc/arm-none-eabi/4.5.1/../../../../arm-none-eabi/lib/thumb2\libcr_c.a(scanf.o) (__filbuf)
f:/nxp/lpcxpresso_4.1.5_219/lpcxpresso/tools/bin/../lib/gcc/arm-none-eabi/4.5.1/../../../../arm-none-eabi/lib/thumb2\libcr_c.a(_deferredlazyseek.o)
                              f:/nxp/lpcxpresso_4.1.5_219/lpcxpresso/tools/bin/../lib/gcc/arm-none-eabi/4.5.1/../../../../arm-none-eabi/lib/thumb2\libcr_c.a(__fillbuf.o) (_deferredlazyseek)
f:/nxp/lpcxpresso_4.1.5_219/lpcxpresso/tools/bin/../lib/gcc/arm-none-eabi/4.5.1/../../../../arm-none-eabi/lib/thumb2\libcr_c.a(_fdopen.o)
                              f:/nxp/lpcxpresso_4.1.5_219/lpcxpresso/tools/bin/../lib/gcc/arm-none-eabi/4.5.1/../../../../arm-none-eabi/lib/thumb2\libcr_c.a(initio.o) (_fdopen)
f:/nxp/lpcxpresso_4.1.5_219/lpcxpresso/tools/bin/../lib/gcc/arm-none-eabi/4.5.1/../../../../arm-none-eabi/lib/thumb2\libcr_c.a(_fflush.o)
                              f:/nxp/lpcxpresso_4.1.5_219/lpcxpresso/tools/bin/../lib/gcc/arm-none-eabi/4.5.1/../../../../arm-none-eabi/lib/thumb2\libcr_c.a(__fillbuf.o) (_fflush)
[...]
Memory Configuration

Name             Origin             Length             Attributes
MFlash512        0x00000000         0x00080000         xr
RamLoc32         0x10000000         0x00008000         xrw
RamAHB32         0x2007c000         0x00008000         xrw
*default*        0x00000000         0xffffffff

Linker script and memory map

LOAD ./stdio/printuart.o
LOAD ./src/cr_startup_lpc176x.o
LOAD ./src/external_RAM.o
LOAD ./src/httpserver.o
LOAD ./src/main.o
LOAD ./src/shoutcast.o
LOAD ./lwip-1.4.0/src/netif/etharp.o
LOAD ./lwip-1.4.0/src/netif/ethernetif.o
LOAD ./lwip-1.4.0/src/netif/slipif.o
LOAD ./lwip-1.4.0/src/netif/ppp/auth.o
LOAD ./lwip-1.4.0/src/netif/ppp/chap.o
LOAD ./lwip-1.4.0/src/netif/ppp/chpms.o
LOAD ./lwip-1.4.0/src/netif/ppp/fsm.o
LOAD ./lwip-1.4.0/src/netif/ppp/ipcp.o
LOAD ./lwip-1.4.0/src/netif/ppp/lcp.o
LOAD ./lwip-1.4.0/src/netif/ppp/magic.o
LOAD ./lwip-1.4.0/src/netif/ppp/md5.o
LOAD ./lwip-1.4.0/src/netif/ppp/pap.o
LOAD ./lwip-1.4.0/src/netif/ppp/ppp.o
LOAD ./lwip-1.4.0/src/netif/ppp/ppp_oe.o
LOAD ./lwip-1.4.0/src/netif/ppp/randm.o
LOAD ./lwip-1.4.0/src/netif/ppp/vj.o
LOAD ./lwip-1.4.0/src/core/def.o
LOAD ./lwip-1.4.0/src/core/dhcp.o
LOAD ./lwip-1.4.0/src/core/dns.o
LOAD ./lwip-1.4.0/src/core/init.o
LOAD ./lwip-1.4.0/src/core/mem.o
LOAD ./lwip-1.4.0/src/core/memp.o
LOAD ./lwip-1.4.0/src/core/netif.o
LOAD ./lwip-1.4.0/src/core/pbuf.o
LOAD ./lwip-1.4.0/src/core/raw.o
LOAD ./lwip-1.4.0/src/core/stats.o
LOAD ./lwip-1.4.0/src/core/sys.o
LOAD ./lwip-1.4.0/src/core/tcp.o
LOAD ./lwip-1.4.0/src/core/tcp_in.o
LOAD ./lwip-1.4.0/src/core/tcp_out.o
LOAD ./lwip-1.4.0/src/core/timers.o
LOAD ./lwip-1.4.0/src/core/udp.o
LOAD ./lwip-1.4.0/src/core/snmp/asn1_dec.o
LOAD ./lwip-1.4.0/src/core/snmp/asn1_enc.o
LOAD ./lwip-1.4.0/src/core/snmp/mib2.o
LOAD ./lwip-1.4.0/src/core/snmp/mib_structs.o
LOAD ./lwip-1.4.0/src/core/snmp/msg_in.o
LOAD ./lwip-1.4.0/src/core/snmp/msg_out.o
LOAD ./lwip-1.4.0/src/core/ipv4/autoip.o
LOAD ./lwip-1.4.0/src/core/ipv4/icmp.o
LOAD ./lwip-1.4.0/src/core/ipv4/igmp.o
LOAD ./lwip-1.4.0/src/core/ipv4/inet.o
LOAD ./lwip-1.4.0/src/core/ipv4/inet_chksum.o
LOAD ./lwip-1.4.0/src/core/ipv4/ip.o
LOAD ./lwip-1.4.0/src/core/ipv4/ip_addr.o
LOAD ./lwip-1.4.0/src/core/ipv4/ip_frag.o
LOAD ./lwip-1.4.0/src/api/api_lib.o
LOAD ./lwip-1.4.0/src/api/api_msg.o
LOAD ./lwip-1.4.0/src/api/err.o
LOAD ./lwip-1.4.0/src/api/netbuf.o
LOAD ./lwip-1.4.0/src/api/netdb.o
LOAD ./lwip-1.4.0/src/api/netifapi.o
LOAD ./lwip-1.4.0/src/api/sockets.o
LOAD ./lwip-1.4.0/src/api/tcpip.o
LOAD ./lwip-1.4.0/port/FreeRTOS/ethernetif/LPC17xx/EMAC.o
LOAD ./lwip-1.4.0/port/FreeRTOS/ethernetif/LPC17xx/ethernetif.o
LOAD ./lwip-1.4.0/port/FreeRTOS/arch/sys_arch.o
LOAD ./VS1053/vs1053.o
LOAD ./VS1053/vs_patch.o
LOAD ./LPC1768_lib/source/adc.o
LOAD ./LPC1768_lib/source/gpio.o
LOAD ./LPC1768_lib/source/lpc17xx_clkpwr.o
LOAD ./LPC1768_lib/source/timer.o
LOAD ./LPC1768_lib/source/uart.o
LOAD ./FreeRTOS/croutine.o
LOAD ./FreeRTOS/list.o
LOAD ./FreeRTOS/queue.o
LOAD ./FreeRTOS/tasks.o
LOAD ./FreeRTOS/timers.o
LOAD ./FreeRTOS/portable/MemMang/heap_2.o
LOAD ./FreeRTOS/portable/GCC/ARM_CM3/port.o
LOAD D:\MyDesigns\LPCXpresso\CMSISv2p00_LPC17xx\Release\libCMSISv2p00_LPC17xx.a
START GROUP
LOAD f:/nxp/lpcxpresso_4.1.5_219/lpcxpresso/tools/bin/../lib/gcc/arm-none-eabi/4.5.1/../../../../arm-none-eabi/lib/thumb2\libcr_nohost.a
LOAD f:/nxp/lpcxpresso_4.1.5_219/lpcxpresso/tools/bin/../lib/gcc/arm-none-eabi/4.5.1/../../../../arm-none-eabi/lib/thumb2\libcr_c.a
LOAD f:/nxp/lpcxpresso_4.1.5_219/lpcxpresso/tools/bin/../lib/gcc/arm-none-eabi/4.5.1/thumb2\libcr_eabihelpers.a
END GROUP
                0x00080000                __top_MFlash512 = 0x80000
                0x10008000                __top_RamLoc32 = 0x10008000
                0x20084000                __top_RamAHB32 = 0x20084000

.text           0x00000000    0x1ee6c
 FILL mask 0xff
 *(.isr_vector)
 .isr_vector    0x00000000       0xcc ./src/cr_startup_lpc176x.o
                0x00000000                g_pfnVectors
                0x000000cc                . = ALIGN (0x4)
                0x000000cc                __section_table_start = .
                0x000000cc                __data_section_table = .
                0x000000cc        0x4 LONG 0x1ee6c LOADADDR (.data)
                0x000000d0        0x4 LONG 0x10000000 ADDR (.data)
                0x000000d4        0x4 LONG 0x18 SIZEOF (.data)
                0x000000d8        0x4 LONG 0x1ee6c LOADADDR (.data_RAM2)
                0x000000dc        0x4 LONG 0x2007c000 ADDR (.data_RAM2)
                0x000000e0        0x4 LONG 0x0 SIZEOF (.data_RAM2)
                0x000000e4                __data_section_table_end = .
                0x000000e4                __bss_section_table = .
                0x000000e4        0x4 LONG 0x10000018 ADDR (.bss)
                0x000000e8        0x4 LONG 0x5e3c SIZEOF (.bss)
                0x000000ec        0x4 LONG 0x2007c000 ADDR (.bss_RAM2)
                0x000000f0        0x4 LONG 0x1800 SIZEOF (.bss_RAM2)
                0x000000f4                __bss_section_table_end = .
                0x000000f4                __section_table_end = .
 *(.after_vectors*)
 .after_vectors
                0x000000f4      0x17c ./src/cr_startup_lpc176x.o
                0x000000f4                data_init
                0x00000144                bss_init
                0x00000184                ResetISR
                0x00000218                NMI_Handler
                0x00000220                HardFault_Handler
                0x0000023c                MemManage_Handler
                0x00000244                BusFault_Handler
                0x0000024c                UsageFault_Handler
                0x00000254                DebugMon_Handler
                0x0000025c                UART1_IRQHandler
                0x0000025c                I2C1_IRQHandler
                0x0000025c                TIMER3_IRQHandler
                0x0000025c                UART0_IRQHandler
                0x0000025c                USBActivity_IRQHandler
                0x0000025c                CANActivity_IRQHandler
                0x0000025c                EINT2_IRQHandler
                0x0000025c                IntDefaultHandler
                0x0000025c                PLL0_IRQHandler
                0x0000025c                CAN_IRQHandler
                0x0000025c                I2C0_IRQHandler
                0x0000025c                SSP0_IRQHandler
                0x0000025c                I2S_IRQHandler
                0x0000025c                I2C2_IRQHandler
                0x0000025c                RTC_IRQHandler
                0x0000025c                TIMER0_IRQHandler
                0x0000025c                SPI_IRQHandler
                0x0000025c                RIT_IRQHandler
                0x0000025c                EINT1_IRQHandler
                0x0000025c                TIMER1_IRQHandler
                0x0000025c                ADC_IRQHandler
                0x0000025c                SSP1_IRQHandler
                0x0000025c                USB_IRQHandler
                0x0000025c                BOD_IRQHandler
                0x0000025c                PWM1_IRQHandler
                0x0000025c                WDT_IRQHandler
                0x0000025c                QEI_IRQHandler
                0x0000025c                EINT0_IRQHandler
                0x0000025c                PLL1_IRQHandler
                0x0000025c                DMA_IRQHandler
                0x0000025c                TIMER2_IRQHandler
                0x0000025c                UART3_IRQHandler
                0x0000025c                MCPWM_IRQHandler
 *(.text*)
 .text.SPI1_Config
                0x00000270      0x1b0 ./src/external_RAM.o
                0x00000270                SPI1_Config
 .text.SPI1_Write
                0x00000420       0x6c ./src/external_RAM.o
                0x00000420                SPI1_Write
 .text.SPI1_SetSpeed
                0x0000048c       0x34 ./src/external_RAM.o
                0x0000048c                SPI1_SetSpeed
 .text.RAM_init
                0x000004c0      0x24c ./src/external_RAM.o
                0x000004c0                RAM_init
 .text.RAM_test
                0x0000070c      0x1dc ./src/external_RAM.o
                0x0000070c                RAM_test
 .text.RAM_bufputs
                0x000008e8      0xf20 ./src/external_RAM.o
                0x000008e8                RAM_bufputs
 .text.RAM_bufget
                0x00001808      0xf80 ./src/external_RAM.o
                0x00001808                RAM_bufget
 .text.RAM_buflen
                0x00002788       0x54 ./src/external_RAM.o
                0x00002788                RAM_buflen
 .text.RAM_buffree
                0x000027dc       0x18 ./src/external_RAM.o
                0x000027dc                RAM_buffree
 .text.HTTP_init
                0x000027f4       0x40 ./src/httpserver.o
                0x000027f4                HTTP_init
 .text.http_server_serve
                0x00002834      0x18c ./src/httpserver.o
                0x00002834                http_server_serve
 .text.http_server
                0x000029c0       0x98 ./src/httpserver.o
                0x000029c0                http_server
 .text.main     0x00002a58      0x140 ./src/main.o
                0x00002a58                main
 .text.eth_lwip_init
                0x00002b98      0x180 ./src/main.o
                0x00002b98                eth_lwip_init
 .text.vDHCP_TimerCallback
                0x00002d18       0xbc ./src/main.o
                0x00002d18                vDHCP_TimerCallback
 .text.vIamLiveTask
                0x00002dd4       0x70 ./src/main.o
                0x00002dd4                vIamLiveTask
 .text.vVsTask  0x00002e44       0x18 ./src/main.o
                0x00002e44                vVsTask
 .text.vApplicationStackOverflowHook
                0x00002e5c        0xc ./src/main.o
                0x00002e5c                vApplicationStackOverflowHook
 .text.IPradio_init
                0x00002e68       0x40 ./src/shoutcast.o
                0x00002e68                IPradio_init
 .text.shoutcast
                0x00002ea8      0x64c ./src/shoutcast.o
                0x00002ea8                shoutcast
 .text.free_etharp_q
                0x000034f4       0x38 ./lwip-1.4.0/src/netif/etharp.o
 .text.free_entry
                0x0000352c      0x140 ./lwip-1.4.0/src/netif/etharp.o
 .text.etharp_tmr
                0x0000366c       0xcc ./lwip-1.4.0/src/netif/etharp.o
                0x0000366c                etharp_tmr
 .text.find_entry
                0x00003738      0x22c ./lwip-1.4.0/src/netif/etharp.o
 .text.etharp_send_ip
                0x00003964       0x60 ./lwip-1.4.0/src/netif/etharp.o
 .text.update_arp_entry
                0x000039c4      0x134 ./lwip-1.4.0/src/netif/etharp.o
 .text.etharp_ip_input
                0x00003af8       0x78 ./lwip-1.4.0/src/netif/etharp.o
 .text.etharp_arp_input
                0x00003b70      0x200 ./lwip-1.4.0/src/netif/etharp.o
 .text.etharp_output
                0x00003d70      0x188 ./lwip-1.4.0/src/netif/etharp.o
                0x00003d70                etharp_output
 .text.etharp_query
                0x00003ef8      0x290 ./lwip-1.4.0/src/netif/etharp.o
                0x00003ef8                etharp_query
 .text.etharp_raw
                0x00004188      0x14c ./lwip-1.4.0/src/netif/etharp.o
 .text.etharp_request
                0x000042d4       0x54 ./lwip-1.4.0/src/netif/etharp.o
                0x000042d4                etharp_request
 .text.ethernet_input
                0x00004328       0xbc ./lwip-1.4.0/src/netif/etharp.o
                0x00004328                ethernet_input
 .text.lwip_htons
                0x000043e4       0x30 ./lwip-1.4.0/src/core/def.o
                0x000043e4                lwip_htons
 .text.lwip_ntohs
                0x00004414       0x20 ./lwip-1.4.0/src/core/def.o
                0x00004414                lwip_ntohs
 .text.lwip_htonl
                0x00004434       0x3c ./lwip-1.4.0/src/core/def.o
                0x00004434                lwip_htonl
 .text.lwip_ntohl
                0x00004470       0x1c ./lwip-1.4.0/src/core/def.o
                0x00004470                lwip_ntohl
 .text.dhcp_handle_nak
                0x0000448c       0x58 ./lwip-1.4.0/src/core/dhcp.o
 .text.dhcp_check
                0x000044e4       0x70 ./lwip-1.4.0/src/core/dhcp.o
 .text.dhcp_handle_offer
                0x00004554       0x68 ./lwip-1.4.0/src/core/dhcp.o
 .text.dhcp_select
                0x000045bc      0x168 ./lwip-1.4.0/src/core/dhcp.o
 .text.dhcp_coarse_tmr
                0x00004724       0x78 ./lwip-1.4.0/src/core/dhcp.o
                0x00004724                dhcp_coarse_tmr
 .text.dhcp_fine_tmr
                0x0000479c       0x68 ./lwip-1.4.0/src/core/dhcp.o
                0x0000479c                dhcp_fine_tmr
 .text.dhcp_timeout
                0x00004804       0xc8 ./lwip-1.4.0/src/core/dhcp.o
 .text.dhcp_t1_timeout
                0x000048cc       0x34 ./lwip-1.4.0/src/core/dhcp.o
 .text.dhcp_t2_timeout
                0x00004900       0x34 ./lwip-1.4.0/src/core/dhcp.o
 .text.dhcp_handle_ack
                0x00004934      0x114 ./lwip-1.4.0/src/core/dhcp.o
 .text.dhcp_start
                0x00004a48      0x148 ./lwip-1.4.0/src/core/dhcp.o
                0x00004a48                dhcp_start
 .text.dhcp_arp_reply
                0x00004b90       0x40 ./lwip-1.4.0/src/core/dhcp.o
                0x00004b90                dhcp_arp_reply
 .text.dhcp_decline
                0x00004bd0       0xe4 ./lwip-1.4.0/src/core/dhcp.o
 .text.dhcp_discover
                0x00004cb4      0x130 ./lwip-1.4.0/src/core/dhcp.o
 .text.dhcp_bind
                0x00004de4      0x154 ./lwip-1.4.0/src/core/dhcp.o
 .text.dhcp_renew
                0x00004f38       0xf8 ./lwip-1.4.0/src/core/dhcp.o
                0x00004f38                dhcp_renew
 .text.dhcp_rebind
                0x00005030       0xf8 ./lwip-1.4.0/src/core/dhcp.o
 .text.dhcp_reboot
                0x00005128      0x118 ./lwip-1.4.0/src/core/dhcp.o
 .text.dhcp_release
                0x00005240      0x144 ./lwip-1.4.0/src/core/dhcp.o
                0x00005240                dhcp_release
 .text.dhcp_stop
                0x00005384       0x58 ./lwip-1.4.0/src/core/dhcp.o
                0x00005384                dhcp_stop
 .text.dhcp_set_state
                0x000053dc       0x38 ./lwip-1.4.0/src/core/dhcp.o
 .text.dhcp_option
                0x00005414       0x54 ./lwip-1.4.0/src/core/dhcp.o
 .text.dhcp_option_byte
                0x00005468       0x34 ./lwip-1.4.0/src/core/dhcp.o
 .text.dhcp_option_short
                0x0000549c       0x58 ./lwip-1.4.0/src/core/dhcp.o
 .text.dhcp_option_long
                0x000054f4       0xa0 ./lwip-1.4.0/src/core/dhcp.o
 .text.dhcp_parse_reply
                0x00005594      0x408 ./lwip-1.4.0/src/core/dhcp.o
 .text.dhcp_recv
                0x0000599c      0x180 ./lwip-1.4.0/src/core/dhcp.o
 .text.dhcp_create_msg
                0x00005b1c      0x30c ./lwip-1.4.0/src/core/dhcp.o
 .text.dhcp_delete_msg
                0x00005e28       0x38 ./lwip-1.4.0/src/core/dhcp.o
 .text.dhcp_option_trailer
                0x00005e60       0x6c ./lwip-1.4.0/src/core/dhcp.o
 .text.lwip_sanity_check
                0x00005ecc        0xc ./lwip-1.4.0/src/core/init.o
 .text.lwip_init
                0x00005ed8       0x24 ./lwip-1.4.0/src/core/init.o
                0x00005ed8                lwip_init
 .text.plug_holes
                0x00005efc      0x104 ./lwip-1.4.0/src/core/mem.o
 .text.mem_init
                0x00006000       0xb8 ./lwip-1.4.0/src/core/mem.o
                0x00006000                mem_init
 .text.mem_free
                0x000060b8       0xa0 ./lwip-1.4.0/src/core/mem.o
                0x000060b8                mem_free
 .text.mem_trim
                0x00006158      0x208 ./lwip-1.4.0/src/core/mem.o
                0x00006158                mem_trim
 .text.mem_malloc
                0x00006360      0x1e4 ./lwip-1.4.0/src/core/mem.o
                0x00006360                mem_malloc
 .text.memp_sanity
                0x00006544       0x94 ./lwip-1.4.0/src/core/memp.o
 .text.memp_init
                0x000065d8      0x124 ./lwip-1.4.0/src/core/memp.o
                0x000065d8                memp_init
 .text.memp_malloc
                0x000066fc      0x10c ./lwip-1.4.0/src/core/memp.o
                0x000066fc                memp_malloc
 .text.memp_free
                0x00006808       0x80 ./lwip-1.4.0/src/core/memp.o
                0x00006808                memp_free
 .text.netif_init
                0x00006888        0xc ./lwip-1.4.0/src/core/netif.o
                0x00006888                netif_init
 .text.netif_add
                0x00006894       0xac ./lwip-1.4.0/src/core/netif.o
                0x00006894                netif_add
 .text.netif_set_addr
                0x00006940       0x30 ./lwip-1.4.0/src/core/netif.o
                0x00006940                netif_set_addr
 .text.netif_set_ipaddr
                0x00006970       0xb4 ./lwip-1.4.0/src/core/netif.o
                0x00006970                netif_set_ipaddr
 .text.netif_set_gw
                0x00006a24       0x28 ./lwip-1.4.0/src/core/netif.o
                0x00006a24                netif_set_gw
 .text.netif_set_netmask
                0x00006a4c       0x28 ./lwip-1.4.0/src/core/netif.o
                0x00006a4c                netif_set_netmask
 .text.netif_set_default
                0x00006a74       0x20 ./lwip-1.4.0/src/core/netif.o
                0x00006a74                netif_set_default
 .text.netif_set_up
                0x00006a94       0x5c ./lwip-1.4.0/src/core/netif.o
                0x00006a94                netif_set_up
 .text.netif_set_down
                0x00006af0       0x34 ./lwip-1.4.0/src/core/netif.o
                0x00006af0                netif_set_down
 .text.pbuf_free_ooseq
                0x00006b24       0x60 ./lwip-1.4.0/src/core/pbuf.o
 .text.pbuf_pool_is_empty
                0x00006b84       0x70 ./lwip-1.4.0/src/core/pbuf.o
 .text.pbuf_alloc
                0x00006bf4      0x240 ./lwip-1.4.0/src/core/pbuf.o
                0x00006bf4                pbuf_alloc
 .text.pbuf_realloc
                0x00006e34       0xd0 ./lwip-1.4.0/src/core/pbuf.o
                0x00006e34                pbuf_realloc
 .text.pbuf_header
                0x00006f04       0xf8 ./lwip-1.4.0/src/core/pbuf.o
                0x00006f04                pbuf_header
 .text.pbuf_free
                0x00006ffc       0xbc ./lwip-1.4.0/src/core/pbuf.o
                0x00006ffc                pbuf_free
 .text.pbuf_clen
                0x000070b8       0x34 ./lwip-1.4.0/src/core/pbuf.o
                0x000070b8                pbuf_clen
 .text.pbuf_ref
                0x000070ec       0x30 ./lwip-1.4.0/src/core/pbuf.o
                0x000070ec                pbuf_ref
 .text.pbuf_cat
                0x0000711c       0x5c ./lwip-1.4.0/src/core/pbuf.o
                0x0000711c                pbuf_cat
 .text.pbuf_chain
                0x00007178       0x20 ./lwip-1.4.0/src/core/pbuf.o
                0x00007178                pbuf_chain
 .text.pbuf_copy
                0x00007198      0x110 ./lwip-1.4.0/src/core/pbuf.o
                0x00007198                pbuf_copy
 .text.pbuf_copy_partial
                0x000072a8       0xd4 ./lwip-1.4.0/src/core/pbuf.o
                0x000072a8                pbuf_copy_partial
 .text.raw_input
                0x0000737c       0xdc ./lwip-1.4.0/src/core/raw.o
                0x0000737c                raw_input
 .text.raw_bind
                0x00007458       0x30 ./lwip-1.4.0/src/core/raw.o
                0x00007458                raw_bind
 .text.raw_connect
                0x00007488       0x30 ./lwip-1.4.0/src/core/raw.o
                0x00007488                raw_connect
 .text.raw_recv
                0x000074b8       0x24 ./lwip-1.4.0/src/core/raw.o
                0x000074b8                raw_recv
 .text.raw_remove
                0x000074dc       0x78 ./lwip-1.4.0/src/core/raw.o
                0x000074dc                raw_remove
 .text.raw_new  0x00007554       0x60 ./lwip-1.4.0/src/core/raw.o
                0x00007554                raw_new
 .text.stats_init
                0x000075b4       0x64 ./lwip-1.4.0/src/core/stats.o
                0x000075b4                stats_init
 .text.tcp_tmr  0x00007618       0x3c ./lwip-1.4.0/src/core/tcp.o
                0x00007618                tcp_tmr
 .text.tcp_close_shutdown
                0x00007654      0x2c8 ./lwip-1.4.0/src/core/tcp.o
 .text.tcp_close
                0x0000791c       0x38 ./lwip-1.4.0/src/core/tcp.o
                0x0000791c                tcp_close
 .text.tcp_shutdown
                0x00007954       0x94 ./lwip-1.4.0/src/core/tcp.o
                0x00007954                tcp_shutdown
 .text.tcp_abandon
                0x000079e8       0xe4 ./lwip-1.4.0/src/core/tcp.o
                0x000079e8                tcp_abandon
 .text.tcp_abort
                0x00007acc       0x1c ./lwip-1.4.0/src/core/tcp.o
                0x00007acc                tcp_abort
 .text.tcp_bind
                0x00007ae8       0xec ./lwip-1.4.0/src/core/tcp.o
                0x00007ae8                tcp_bind
 .text.tcp_accept_null
                0x00007bd4       0x20 ./lwip-1.4.0/src/core/tcp.o
 .text.tcp_listen_with_backlog
                0x00007bf4      0x164 ./lwip-1.4.0/src/core/tcp.o
                0x00007bf4                tcp_listen_with_backlog
 .text.tcp_update_rcv_ann_wnd
                0x00007d58       0x84 ./lwip-1.4.0/src/core/tcp.o
                0x00007d58                tcp_update_rcv_ann_wnd
 .text.tcp_recved
                0x00007ddc       0x60 ./lwip-1.4.0/src/core/tcp.o
                0x00007ddc                tcp_recved
 .text.tcp_new_port
                0x00007e3c       0xa4 ./lwip-1.4.0/src/core/tcp.o
 .text.tcp_connect
                0x00007ee0      0x1f8 ./lwip-1.4.0/src/core/tcp.o
                0x00007ee0                tcp_connect
 .text.tcp_slowtmr
                0x000080d8      0x498 ./lwip-1.4.0/src/core/tcp.o
                0x000080d8                tcp_slowtmr
 .text.tcp_fasttmr
                0x00008570       0xe0 ./lwip-1.4.0/src/core/tcp.o
                0x00008570                tcp_fasttmr
 .text.tcp_segs_free
                0x00008650       0x28 ./lwip-1.4.0/src/core/tcp.o
                0x00008650                tcp_segs_free
 .text.tcp_seg_free
                0x00008678       0x34 ./lwip-1.4.0/src/core/tcp.o
                0x00008678                tcp_seg_free
 .text.tcp_seg_copy
                0x000086ac       0x44 ./lwip-1.4.0/src/core/tcp.o
                0x000086ac                tcp_seg_copy
 .text.tcp_recv_null
                0x000086f0       0x4c ./lwip-1.4.0/src/core/tcp.o
                0x000086f0                tcp_recv_null
 .text.tcp_kill_prio
                0x0000873c       0x90 ./lwip-1.4.0/src/core/tcp.o
 .text.tcp_kill_timewait
                0x000087cc       0x6c ./lwip-1.4.0/src/core/tcp.o
 .text.tcp_alloc
                0x00008838      0x18c ./lwip-1.4.0/src/core/tcp.o
                0x00008838                tcp_alloc
 .text.tcp_new  0x000089c4       0x14 ./lwip-1.4.0/src/core/tcp.o
                0x000089c4                tcp_new
 .text.tcp_arg  0x000089d8       0x1c ./lwip-1.4.0/src/core/tcp.o
                0x000089d8                tcp_arg
 .text.tcp_recv
                0x000089f4       0x1c ./lwip-1.4.0/src/core/tcp.o
                0x000089f4                tcp_recv
 .text.tcp_sent
                0x00008a10       0x1c ./lwip-1.4.0/src/core/tcp.o
                0x00008a10                tcp_sent
 .text.tcp_err  0x00008a2c       0x1c ./lwip-1.4.0/src/core/tcp.o
                0x00008a2c                tcp_err
 .text.tcp_accept
                0x00008a48       0x1c ./lwip-1.4.0/src/core/tcp.o
                0x00008a48                tcp_accept
 .text.tcp_poll
                0x00008a64       0x28 ./lwip-1.4.0/src/core/tcp.o
                0x00008a64                tcp_poll
 .text.tcp_pcb_purge
                0x00008a8c       0x90 ./lwip-1.4.0/src/core/tcp.o
                0x00008a8c                tcp_pcb_purge
 .text.tcp_pcb_remove
                0x00008b1c       0xd8 ./lwip-1.4.0/src/core/tcp.o
                0x00008b1c                tcp_pcb_remove
 .text.tcp_next_iss
                0x00008bf4       0x38 ./lwip-1.4.0/src/core/tcp.o
                0x00008bf4                tcp_next_iss
 .text.tcp_eff_send_mss
                0x00008c2c       0x44 ./lwip-1.4.0/src/core/tcp.o
                0x00008c2c                tcp_eff_send_mss
 .text.tcp_pcbs_sane
                0x00008c70       0x4c ./lwip-1.4.0/src/core/tcp.o
                0x00008c70                tcp_pcbs_sane
 .text.tcp_input
                0x00008cbc      0x9c8 ./lwip-1.4.0/src/core/tcp_in.o
                0x00008cbc                tcp_input
 .text.tcp_listen_input
                0x00009684      0x1ec ./lwip-1.4.0/src/core/tcp_in.o
 .text.tcp_timewait_input
                0x00009870      0x12c ./lwip-1.4.0/src/core/tcp_in.o
 .text.tcp_process
                0x0000999c      0x928 ./lwip-1.4.0/src/core/tcp_in.o
 .text.tcp_oos_insert_segment
                0x0000a2c4      0x18c ./lwip-1.4.0/src/core/tcp_in.o
 .text.tcp_receive
                0x0000a450     0x1458 ./lwip-1.4.0/src/core/tcp_in.o
 .text.tcp_parseopt
                0x0000b8a8      0x148 ./lwip-1.4.0/src/core/tcp_in.o
 .text.tcp_output_alloc_header
                0x0000b9f0      0x1c4 ./lwip-1.4.0/src/core/tcp_out.o
 .text.tcp_send_fin
                0x0000bbb4       0xa8 ./lwip-1.4.0/src/core/tcp_out.o
                0x0000bbb4                tcp_send_fin
 .text.tcp_create_segment
                0x0000bc5c      0x1c4 ./lwip-1.4.0/src/core/tcp_out.o
 .text.tcp_pbuf_prealloc
                0x0000be20       0xb0 ./lwip-1.4.0/src/core/tcp_out.o
 .text.tcp_write_checks
                0x0000bed0       0xbc ./lwip-1.4.0/src/core/tcp_out.o
 .text.tcp_write
                0x0000bf8c      0x4d0 ./lwip-1.4.0/src/core/tcp_out.o
                0x0000bf8c                tcp_write
 .text.tcp_enqueue_flags
                0x0000c45c      0x1c0 ./lwip-1.4.0/src/core/tcp_out.o
                0x0000c45c                tcp_enqueue_flags
 .text.tcp_send_empty_ack
                0x0000c61c       0xc4 ./lwip-1.4.0/src/core/tcp_out.o
                0x0000c61c                tcp_send_empty_ack
 .text.tcp_output
                0x0000c6e0      0x42c ./lwip-1.4.0/src/core/tcp_out.o
                0x0000c6e0                tcp_output
 .text.tcp_output_segment
                0x0000cb0c      0x208 ./lwip-1.4.0/src/core/tcp_out.o
 .text.tcp_rst  0x0000cd14      0x1d8 ./lwip-1.4.0/src/core/tcp_out.o
                0x0000cd14                tcp_rst
 .text.tcp_rexmit_rto
                0x0000ceec       0x6c ./lwip-1.4.0/src/core/tcp_out.o
                0x0000ceec                tcp_rexmit_rto
 .text.tcp_rexmit
                0x0000cf58       0xc8 ./lwip-1.4.0/src/core/tcp_out.o
                0x0000cf58                tcp_rexmit
 .text.tcp_rexmit_fast
                0x0000d020       0xb8 ./lwip-1.4.0/src/core/tcp_out.o
                0x0000d020                tcp_rexmit_fast
 .text.tcp_keepalive
                0x0000d0d8       0xa4 ./lwip-1.4.0/src/core/tcp_out.o
                0x0000d0d8                tcp_keepalive
 .text.tcp_zero_window_probe
                0x0000d17c      0x1b0 ./lwip-1.4.0/src/core/tcp_out.o
                0x0000d17c                tcp_zero_window_probe
 .text.tcpip_tcp_timer
                0x0000d32c       0x54 ./lwip-1.4.0/src/core/timers.o
 .text.tcp_timer_needed
                0x0000d380       0x54 ./lwip-1.4.0/src/core/timers.o
                0x0000d380                tcp_timer_needed
 .text.arp_timer
                0x0000d3d4       0x28 ./lwip-1.4.0/src/core/timers.o
 .text.dhcp_timer_coarse
                0x0000d3fc       0x28 ./lwip-1.4.0/src/core/timers.o
 .text.dhcp_timer_fine
                0x0000d424       0x28 ./lwip-1.4.0/src/core/timers.o
 .text.sys_timeouts_init
                0x0000d44c       0x44 ./lwip-1.4.0/src/core/timers.o
                0x0000d44c                sys_timeouts_init
 .text.sys_timeout
                0x0000d490      0x114 ./lwip-1.4.0/src/core/timers.o
                0x0000d490                sys_timeout
 .text.sys_untimeout
                0x0000d5a4       0xa0 ./lwip-1.4.0/src/core/timers.o
                0x0000d5a4                sys_untimeout
 .text.sys_timeouts_mbox_fetch
                0x0000d644       0xec ./lwip-1.4.0/src/core/timers.o
                0x0000d644                sys_timeouts_mbox_fetch
 .text.udp_input
                0x0000d730      0x344 ./lwip-1.4.0/src/core/udp.o
                0x0000d730                udp_input
 .text.udp_sendto_if
                0x0000da74      0x1e8 ./lwip-1.4.0/src/core/udp.o
                0x0000da74                udp_sendto_if
 .text.udp_bind
                0x0000dc5c      0x120 ./lwip-1.4.0/src/core/udp.o
                0x0000dc5c                udp_bind
 .text.udp_connect
                0x0000dd7c       0xb0 ./lwip-1.4.0/src/core/udp.o
                0x0000dd7c                udp_connect
 .text.udp_recv
                0x0000de2c       0x24 ./lwip-1.4.0/src/core/udp.o
                0x0000de2c                udp_recv
 .text.udp_remove
                0x0000de50       0x78 ./lwip-1.4.0/src/core/udp.o
                0x0000de50                udp_remove
 .text.udp_new  0x0000dec8       0x3c ./lwip-1.4.0/src/core/udp.o
                0x0000dec8                udp_new
 .text.icmp_input
                0x0000df04      0x360 ./lwip-1.4.0/src/core/ipv4/icmp.o
                0x0000df04                icmp_input
 .text.icmp_dest_unreach
                0x0000e264       0x24 ./lwip-1.4.0/src/core/ipv4/icmp.o
                0x0000e264                icmp_dest_unreach
 .text.icmp_send_response
                0x0000e288      0x108 ./lwip-1.4.0/src/core/ipv4/icmp.o
 .text.lwip_standard_chksum
                0x0000e390       0xe4 ./lwip-1.4.0/src/core/ipv4/inet_chksum.o
 .text.inet_chksum_pseudo
                0x0000e474      0x150 ./lwip-1.4.0/src/core/ipv4/inet_chksum.o
                0x0000e474                inet_chksum_pseudo
 .text.inet_chksum
                0x0000e5c4       0x28 ./lwip-1.4.0/src/core/ipv4/inet_chksum.o
                0x0000e5c4                inet_chksum
 .text.inet_chksum_pbuf
                0x0000e5ec       0xbc ./lwip-1.4.0/src/core/ipv4/inet_chksum.o
                0x0000e5ec                inet_chksum_pbuf
 .text.ip_route
                0x0000e6a8       0x90 ./lwip-1.4.0/src/core/ipv4/ip.o
                0x0000e6a8                ip_route
 .text.ip_input
                0x0000e738      0x34c ./lwip-1.4.0/src/core/ipv4/ip.o
                0x0000e738                ip_input
 .text.ip_output_if
                0x0000ea84      0x39c ./lwip-1.4.0/src/core/ipv4/ip.o
                0x0000ea84                ip_output_if
 .text.ip_output
                0x0000ee20       0x4c ./lwip-1.4.0/src/core/ipv4/ip.o
                0x0000ee20                ip_output
 .text.ip4_addr_isbroadcast
                0x0000ee6c       0x88 ./lwip-1.4.0/src/core/ipv4/ip_addr.o
                0x0000ee6c                ip4_addr_isbroadcast
 .text.netconn_new_with_proto_and_callback
                0x0000eef4       0x78 ./lwip-1.4.0/src/api/api_lib.o
                0x0000eef4                netconn_new_with_proto_and_callback
 .text.netconn_delete
                0x0000ef6c       0x44 ./lwip-1.4.0/src/api/api_lib.o
                0x0000ef6c                netconn_delete
 .text.netconn_bind
                0x0000efb0       0x70 ./lwip-1.4.0/src/api/api_lib.o
                0x0000efb0                netconn_bind
 .text.netconn_connect
                0x0000f020       0x70 ./lwip-1.4.0/src/api/api_lib.o
                0x0000f020                netconn_connect
 .text.netconn_listen_with_backlog
                0x0000f090       0x68 ./lwip-1.4.0/src/api/api_lib.o
                0x0000f090                netconn_listen_with_backlog
 .text.netconn_accept
                0x0000f0f8       0xec ./lwip-1.4.0/src/api/api_lib.o
                0x0000f0f8                netconn_accept
 .text.netconn_recv_data
                0x0000f1e4      0x164 ./lwip-1.4.0/src/api/api_lib.o
 .text.netconn_recv
                0x0000f348       0xec ./lwip-1.4.0/src/api/api_lib.o
                0x0000f348                netconn_recv
 .text.netconn_write
                0x0000f434       0x90 ./lwip-1.4.0/src/api/api_lib.o
                0x0000f434                netconn_write
 .text.netconn_close_shutdown
                0x0000f4c4       0x6c ./lwip-1.4.0/src/api/api_lib.o
 .text.netconn_close
                0x0000f530       0x20 ./lwip-1.4.0/src/api/api_lib.o
                0x0000f530                netconn_close
 .text.recv_raw
                0x0000f550       0xe8 ./lwip-1.4.0/src/api/api_msg.o
 .text.recv_udp
                0x0000f638       0xa8 ./lwip-1.4.0/src/api/api_msg.o
 .text.recv_tcp
                0x0000f6e0       0xb8 ./lwip-1.4.0/src/api/api_msg.o
 .text.poll_tcp
                0x0000f798       0x94 ./lwip-1.4.0/src/api/api_msg.o
 .text.sent_tcp
                0x0000f82c       0x90 ./lwip-1.4.0/src/api/api_msg.o
 .text.err_tcp  0x0000f8bc      0x110 ./lwip-1.4.0/src/api/api_msg.o
 .text.setup_tcp
                0x0000f9cc       0x5c ./lwip-1.4.0/src/api/api_msg.o
 .text.accept_function
                0x0000fa28       0xb4 ./lwip-1.4.0/src/api/api_msg.o
 .text.pcb_new  0x0000fadc       0xf4 ./lwip-1.4.0/src/api/api_msg.o
 .text.do_newconn
                0x0000fbd0       0x38 ./lwip-1.4.0/src/api/api_msg.o
                0x0000fbd0                do_newconn
 .text.netconn_alloc
                0x0000fc08       0xd8 ./lwip-1.4.0/src/api/api_msg.o
                0x0000fc08                netconn_alloc
 .text.netconn_free
                0x0000fce0       0x30 ./lwip-1.4.0/src/api/api_msg.o
                0x0000fce0                netconn_free
 .text.netconn_drain
                0x0000fd10       0xec ./lwip-1.4.0/src/api/api_msg.o
 .text.do_close_internal
                0x0000fdfc      0x1cc ./lwip-1.4.0/src/api/api_msg.o
 .text.do_delconn
                0x0000ffc8      0x124 ./lwip-1.4.0/src/api/api_msg.o
                0x0000ffc8                do_delconn
 .text.do_bind  0x000100ec       0xc4 ./lwip-1.4.0/src/api/api_msg.o
                0x000100ec                do_bind
 .text.do_connected
                0x000101b0       0xdc ./lwip-1.4.0/src/api/api_msg.o
 .text.do_connect
                0x0001028c      0x148 ./lwip-1.4.0/src/api/api_msg.o
                0x0001028c                do_connect
 .text.do_listen
                0x000103d4      0x120 ./lwip-1.4.0/src/api/api_msg.o
                0x000103d4                do_listen
 .text.do_recv  0x000104f4       0x74 ./lwip-1.4.0/src/api/api_msg.o
                0x000104f4                do_recv
 .text.do_writemore
                0x00010568      0x1e8 ./lwip-1.4.0/src/api/api_msg.o
 .text.do_write
                0x00010750       0xa4 ./lwip-1.4.0/src/api/api_msg.o
                0x00010750                do_write
 .text.do_close
                0x000107f4       0xb4 ./lwip-1.4.0/src/api/api_msg.o
                0x000107f4                do_close
 .text.netbuf_delete
                0x000108a8       0x44 ./lwip-1.4.0/src/api/netbuf.o
                0x000108a8                netbuf_delete
 .text.netbuf_data
                0x000108ec       0x64 ./lwip-1.4.0/src/api/netbuf.o
                0x000108ec                netbuf_data
 .text.tcpip_thread
                0x00010950      0x118 ./lwip-1.4.0/src/api/tcpip.o
 .text.tcpip_input
                0x00010a68       0x80 ./lwip-1.4.0/src/api/tcpip.o
                0x00010a68                tcpip_input
 .text.tcpip_callback_with_block
                0x00010ae8       0x98 ./lwip-1.4.0/src/api/tcpip.o
                0x00010ae8                tcpip_callback_with_block
 .text.tcpip_apimsg
                0x00010b80       0x64 ./lwip-1.4.0/src/api/tcpip.o
                0x00010b80                tcpip_apimsg
 .text.tcpip_init
                0x00010be4       0x60 ./lwip-1.4.0/src/api/tcpip.o
                0x00010be4                tcpip_init
 .text.NVIC_EnableIRQ
                0x00010c44       0x38 ./lwip-1.4.0/port/FreeRTOS/ethernetif/LPC17xx/EMAC.o
 .text.NVIC_SetPriority
                0x00010c7c       0x5c ./lwip-1.4.0/port/FreeRTOS/ethernetif/LPC17xx/EMAC.o
 .text.ENET_IRQHandler
                0x00010cd8      0x134 ./lwip-1.4.0/port/FreeRTOS/ethernetif/LPC17xx/EMAC.o
                0x00010cd8                ENET_IRQHandler
 .text.write_PHY
                0x00010e0c       0x60 ./lwip-1.4.0/port/FreeRTOS/ethernetif/LPC17xx/EMAC.o
                0x00010e0c                write_PHY
 .text.read_PHY
                0x00010e6c       0x74 ./lwip-1.4.0/port/FreeRTOS/ethernetif/LPC17xx/EMAC.o
                0x00010e6c                read_PHY
 .text.rx_descr_init
                0x00010ee0       0xd4 ./lwip-1.4.0/port/FreeRTOS/ethernetif/LPC17xx/EMAC.o
                0x00010ee0                rx_descr_init
 .text.tx_descr_init
                0x00010fb4       0xb8 ./lwip-1.4.0/port/FreeRTOS/ethernetif/LPC17xx/EMAC.o
                0x00010fb4                tx_descr_init
 .text.Init_EMAC
                0x0001106c      0x29c ./lwip-1.4.0/port/FreeRTOS/ethernetif/LPC17xx/EMAC.o
                0x0001106c                Init_EMAC
 .text.ReadFrame_EMAC
                0x00011308       0x28 ./lwip-1.4.0/port/FreeRTOS/ethernetif/LPC17xx/EMAC.o
                0x00011308                ReadFrame_EMAC
 .text.CopyFromFrame_EMAC
                0x00011330       0x50 ./lwip-1.4.0/port/FreeRTOS/ethernetif/LPC17xx/EMAC.o
                0x00011330                CopyFromFrame_EMAC
 .text.StartReadFrame
                0x00011380       0x60 ./lwip-1.4.0/port/FreeRTOS/ethernetif/LPC17xx/EMAC.o
                0x00011380                StartReadFrame
 .text.EndReadFrame
                0x000113e0       0x38 ./lwip-1.4.0/port/FreeRTOS/ethernetif/LPC17xx/EMAC.o
                0x000113e0                EndReadFrame
 .text.RequestSend
                0x00011418       0x54 ./lwip-1.4.0/port/FreeRTOS/ethernetif/LPC17xx/EMAC.o
                0x00011418                RequestSend
 .text.WriteFrame_EMAC
                0x0001146c       0x30 ./lwip-1.4.0/port/FreeRTOS/ethernetif/LPC17xx/EMAC.o
                0x0001146c                WriteFrame_EMAC
 .text.CopyToFrame_EMAC_Start
                0x0001149c       0x48 ./lwip-1.4.0/port/FreeRTOS/ethernetif/LPC17xx/EMAC.o
                0x0001149c                CopyToFrame_EMAC_Start
 .text.CopyToFrame_EMAC_End
                0x000114e4       0x38 ./lwip-1.4.0/port/FreeRTOS/ethernetif/LPC17xx/EMAC.o
                0x000114e4                CopyToFrame_EMAC_End
 .text.low_level_init
                0x0001151c       0xd4 ./lwip-1.4.0/port/FreeRTOS/ethernetif/LPC17xx/ethernetif.o
 .text.low_level_output
                0x000115f0       0x88 ./lwip-1.4.0/port/FreeRTOS/ethernetif/LPC17xx/ethernetif.o
 .text.low_level_input
                0x00011678       0x7c ./lwip-1.4.0/port/FreeRTOS/ethernetif/LPC17xx/ethernetif.o
 .text.ethernetif_input
                0x000116f4       0x9c ./lwip-1.4.0/port/FreeRTOS/ethernetif/LPC17xx/ethernetif.o
                0x000116f4                ethernetif_input
 .text.ethernetif_init
                0x00011790       0x74 ./lwip-1.4.0/port/FreeRTOS/ethernetif/LPC17xx/ethernetif.o
                0x00011790                ethernetif_init
 .text.sys_mbox_new
                0x00011804       0x40 ./lwip-1.4.0/port/FreeRTOS/arch/sys_arch.o
                0x00011804                sys_mbox_new
 .text.sys_mbox_free
                0x00011844       0x24 ./lwip-1.4.0/port/FreeRTOS/arch/sys_arch.o
                0x00011844                sys_mbox_free
 .text.sys_mbox_post
                0x00011868       0x28 ./lwip-1.4.0/port/FreeRTOS/arch/sys_arch.o
                0x00011868                sys_mbox_post
 .text.sys_mbox_trypost
                0x00011890       0x3c ./lwip-1.4.0/port/FreeRTOS/arch/sys_arch.o
                0x00011890                sys_mbox_trypost
 .text.sys_arch_mbox_fetch
                0x000118cc       0xa0 ./lwip-1.4.0/port/FreeRTOS/arch/sys_arch.o
                0x000118cc                sys_arch_mbox_fetch
 .text.sys_arch_mbox_tryfetch
                0x0001196c       0x44 ./lwip-1.4.0/port/FreeRTOS/arch/sys_arch.o
                0x0001196c                sys_arch_mbox_tryfetch
 .text.sys_sem_new
                0x000119b0       0x84 ./lwip-1.4.0/port/FreeRTOS/arch/sys_arch.o
                0x000119b0                sys_sem_new
 .text.sys_arch_sem_wait
                0x00011a34       0x90 ./lwip-1.4.0/port/FreeRTOS/arch/sys_arch.o
                0x00011a34                sys_arch_sem_wait
 .text.sys_mutex_new
                0x00011ac4       0x34 ./lwip-1.4.0/port/FreeRTOS/arch/sys_arch.o
                0x00011ac4                sys_mutex_new
 .text.sys_mutex_lock
                0x00011af8       0x28 ./lwip-1.4.0/port/FreeRTOS/arch/sys_arch.o
                0x00011af8                sys_mutex_lock
 .text.sys_mutex_unlock
                0x00011b20       0x28 ./lwip-1.4.0/port/FreeRTOS/arch/sys_arch.o
                0x00011b20                sys_mutex_unlock
 .text.sys_sem_signal
                0x00011b48       0x28 ./lwip-1.4.0/port/FreeRTOS/arch/sys_arch.o
                0x00011b48                sys_sem_signal
 .text.sys_sem_free
                0x00011b70       0x1c ./lwip-1.4.0/port/FreeRTOS/arch/sys_arch.o
                0x00011b70                sys_sem_free
 .text.sys_init
                0x00011b8c        0xc ./lwip-1.4.0/port/FreeRTOS/arch/sys_arch.o
                0x00011b8c                sys_init
 .text.sys_thread_new
                0x00011b98       0x5c ./lwip-1.4.0/port/FreeRTOS/arch/sys_arch.o
                0x00011b98                sys_thread_new
 .text.sys_arch_protect
                0x00011bf4       0x10 ./lwip-1.4.0/port/FreeRTOS/arch/sys_arch.o
                0x00011bf4                sys_arch_protect
 .text.sys_arch_unprotect
                0x00011c04       0x14 ./lwip-1.4.0/port/FreeRTOS/arch/sys_arch.o
                0x00011c04                sys_arch_unprotect
 .text.SPI_Config
                0x00011c18      0x1c8 ./VS1053/vs1053.o
                0x00011c18                SPI_Config
 .text.spi_write
                0x00011de0       0x6c ./VS1053/vs1053.o
                0x00011de0                spi_write
 .text.SPI_SetSpeed
                0x00011e4c       0x34 ./VS1053/vs1053.o
                0x00011e4c                SPI_SetSpeed
 .text.vs_write_reg
                0x00011e80       0xa0 ./VS1053/vs1053.o
                0x00011e80                vs_write_reg
 .text.vs_read_reg
                0x00011f20       0xa8 ./VS1053/vs1053.o
                0x00011f20                vs_read_reg
 .text.vs_write_patch
                0x00011fc8       0x4c ./VS1053/vs1053.o
                0x00011fc8                vs_write_patch
 .text.vs_set_volume
                0x00012014       0x3c ./VS1053/vs1053.o
                0x00012014                vs_set_volume
 .text.vs_init  0x00012050      0x144 ./VS1053/vs1053.o
                0x00012050                vs_init
 .text.EINT3_IRQHandler
                0x00012194       0x40 ./VS1053/vs1053.o
                0x00012194                EINT3_IRQHandler
 .text.VS_feed  0x000121d4       0xc8 ./VS1053/vs1053.o
                0x000121d4                VS_feed
 .text.ADC_Config
                0x0001229c       0x74 ./LPC1768_lib/source/adc.o
                0x0001229c                ADC_Config
 .text.NVIC_EnableIRQ
                0x00012310       0x38 ./LPC1768_lib/source/gpio.o
 .text.LED_Config
                0x00012348       0x64 ./LPC1768_lib/source/gpio.o
                0x00012348                LED_Config
 .text.LED_On   0x000123ac       0x38 ./LPC1768_lib/source/gpio.o
                0x000123ac                LED_On
 .text.LED_Off  0x000123e4       0x3c ./LPC1768_lib/source/gpio.o
                0x000123e4                LED_Off
 .text.LED_Toggle
                0x00012420       0x38 ./LPC1768_lib/source/gpio.o
                0x00012420                LED_Toggle
 .text.BUTTON_Config
                0x00012458       0x40 ./LPC1768_lib/source/gpio.o
                0x00012458                BUTTON_Config
 .text.DelayTimer_Config
                0x00012498       0x50 ./LPC1768_lib/source/timer.o
                0x00012498                DelayTimer_Config
 .text.delay_ms
                0x000124e8       0x5c ./LPC1768_lib/source/timer.o
                0x000124e8                delay_ms
 .text.UART2_Config
                0x00012544      0x180 ./LPC1768_lib/source/uart.o
                0x00012544                UART2_Config
 .text.UART_PrintChar
                0x000126c4       0x38 ./LPC1768_lib/source/uart.o
                0x000126c4                UART_PrintChar
 .text.UART_PrintStr
                0x000126fc       0x50 ./LPC1768_lib/source/uart.o
                0x000126fc                UART_PrintStr
 .text.UART2_IRQHandler
                0x0001274c       0x2c ./LPC1768_lib/source/uart.o
                0x0001274c                UART2_IRQHandler
 .text.vListInitialise
                0x00012778       0x48 ./FreeRTOS/list.o
                0x00012778                vListInitialise
 .text.vListInitialiseItem
                0x000127c0       0x1c ./FreeRTOS/list.o
                0x000127c0                vListInitialiseItem
 .text.vListInsertEnd
                0x000127dc       0x54 ./FreeRTOS/list.o
                0x000127dc                vListInsertEnd
 .text.vListInsert
                0x00012830       0x78 ./FreeRTOS/list.o
                0x00012830                vListInsert
 .text.vListRemove
                0x000128a8       0x54 ./FreeRTOS/list.o
                0x000128a8                vListRemove
 .text.xQueueGenericCreate
                0x000128fc       0xe4 ./FreeRTOS/queue.o
                0x000128fc                xQueueGenericCreate
 .text.xQueueCreateMutex
                0x000129e0       0xac ./FreeRTOS/queue.o
                0x000129e0                xQueueCreateMutex
 .text.xQueueCreateCountingSemaphore
                0x00012a8c       0x44 ./FreeRTOS/queue.o
                0x00012a8c                xQueueCreateCountingSemaphore
 .text.xQueueGenericSend
                0x00012ad0      0x158 ./FreeRTOS/queue.o
                0x00012ad0                xQueueGenericSend
 .text.xQueueGenericSendFromISR
                0x00012c28       0xd8 ./FreeRTOS/queue.o
                0x00012c28                xQueueGenericSendFromISR
 .text.xQueueGenericReceive
                0x00012d00      0x1bc ./FreeRTOS/queue.o
                0x00012d00                xQueueGenericReceive
 .text.uxQueueMessagesWaiting
                0x00012ebc       0x34 ./FreeRTOS/queue.o
                0x00012ebc                uxQueueMessagesWaiting
 .text.vQueueDelete
                0x00012ef0       0x30 ./FreeRTOS/queue.o
                0x00012ef0                vQueueDelete
 .text.prvCopyDataToQueue
                0x00012f20       0xc4 ./FreeRTOS/queue.o
 .text.prvCopyDataFromQueue
                0x00012fe4       0x50 ./FreeRTOS/queue.o
 .text.prvUnlockQueue
                0x00013034       0xa0 ./FreeRTOS/queue.o
 .text.prvIsQueueEmpty
                0x000130d4       0x2c ./FreeRTOS/queue.o
 .text.prvIsQueueFull
                0x00013100       0x30 ./FreeRTOS/queue.o
 .text.vQueueWaitForMessageRestricted
                0x00013130       0x5c ./FreeRTOS/queue.o
                0x00013130                vQueueWaitForMessageRestricted
 .text.xTaskGenericCreate
                0x0001318c      0x1f8 ./FreeRTOS/tasks.o
                0x0001318c                xTaskGenericCreate
 .text.vTaskDelay
                0x00013384       0x5c ./FreeRTOS/tasks.o
                0x00013384                vTaskDelay
 .text.vTaskSuspend
                0x000133e0       0xc0 ./FreeRTOS/tasks.o
                0x000133e0                vTaskSuspend
 .text.xTaskIsTaskSuspended
                0x000134a0       0x60 ./FreeRTOS/tasks.o
                0x000134a0                xTaskIsTaskSuspended
 .text.vTaskResume
                0x00013500       0xbc ./FreeRTOS/tasks.o
                0x00013500                vTaskResume
 .text.vTaskStartScheduler
                0x000135bc       0x90 ./FreeRTOS/tasks.o
                0x000135bc                vTaskStartScheduler
 .text.vTaskSuspendAll
                0x0001364c       0x24 ./FreeRTOS/tasks.o
                0x0001364c                vTaskSuspendAll
 .text.xTaskResumeAll
                0x00013670      0x16c ./FreeRTOS/tasks.o
                0x00013670                xTaskResumeAll
 .text.xTaskGetTickCount
                0x000137dc       0x28 ./FreeRTOS/tasks.o
                0x000137dc                xTaskGetTickCount
 .text.vTaskIncrementTick
                0x00013804      0x1d0 ./FreeRTOS/tasks.o
                0x00013804                vTaskIncrementTick
 .text.vTaskSwitchContext
                0x000139d4      0x124 ./FreeRTOS/tasks.o
                0x000139d4                vTaskSwitchContext
 .text.vTaskPlaceOnEventList
                0x00013af8       0x88 ./FreeRTOS/tasks.o
                0x00013af8                vTaskPlaceOnEventList
 .text.vTaskPlaceOnEventListRestricted
                0x00013b80       0x64 ./FreeRTOS/tasks.o
                0x00013b80                vTaskPlaceOnEventListRestricted
 .text.xTaskRemoveFromEventList
                0x00013be4       0xd4 ./FreeRTOS/tasks.o
                0x00013be4                xTaskRemoveFromEventList
 .text.vTaskSetTimeOutState
                0x00013cb8       0x40 ./FreeRTOS/tasks.o
                0x00013cb8                vTaskSetTimeOutState
 .text.xTaskCheckForTimeOut
                0x00013cf8       0xc4 ./FreeRTOS/tasks.o
                0x00013cf8                xTaskCheckForTimeOut
 .text.vTaskMissedYield
                0x00013dbc       0x18 ./FreeRTOS/tasks.o
                0x00013dbc                vTaskMissedYield
 .text.prvIdleTask
                0x00013dd4       0x24 ./FreeRTOS/tasks.o
 .text.prvInitialiseTCBVariables
                0x00013df8       0x7c ./FreeRTOS/tasks.o
 .text.prvInitialiseTaskLists
                0x00013e74       0xa4 ./FreeRTOS/tasks.o
 .text.prvCheckTasksWaitingTermination
                0x00013f18       0x98 ./FreeRTOS/tasks.o
 .text.prvAddCurrentTaskToDelayedList
                0x00013fb0       0x8c ./FreeRTOS/tasks.o
 .text.prvAllocateTCBAndStack
                0x0001403c       0x74 ./FreeRTOS/tasks.o
 .text.prvDeleteTCB
                0x000140b0       0x20 ./FreeRTOS/tasks.o
 .text.xTaskGetCurrentTaskHandle
                0x000140d0       0x20 ./FreeRTOS/tasks.o
                0x000140d0                xTaskGetCurrentTaskHandle
 .text.xTaskGetSchedulerState
                0x000140f0       0x48 ./FreeRTOS/tasks.o
                0x000140f0                xTaskGetSchedulerState
 .text.vTaskPriorityInherit
                0x00014138       0xe8 ./FreeRTOS/tasks.o
                0x00014138                vTaskPriorityInherit
 .text.vTaskPriorityDisinherit
                0x00014220       0x90 ./FreeRTOS/tasks.o
                0x00014220                vTaskPriorityDisinherit
 .text.xTimerCreateTimerTask
                0x000142b0       0x74 ./FreeRTOS/timers.o
                0x000142b0                xTimerCreateTimerTask
 .text.xTimerCreate
                0x00014324       0x78 ./FreeRTOS/timers.o
                0x00014324                xTimerCreate
 .text.xTimerGenericCommand
                0x0001439c       0xac ./FreeRTOS/timers.o
                0x0001439c                xTimerGenericCommand
 .text.prvProcessExpiredTimer
                0x00014448       0x80 ./FreeRTOS/timers.o
 .text.prvTimerTask
                0x000144c8       0x24 ./FreeRTOS/timers.o
 .text.prvProcessTimerOrBlockTask
                0x000144ec       0x74 ./FreeRTOS/timers.o
 .text.prvGetNextExpireTime
                0x00014560       0x50 ./FreeRTOS/timers.o
 .text.prvSampleTimeNow
                0x000145b0       0x58 ./FreeRTOS/timers.o
 .text.prvInsertTimerInActiveList
                0x00014608       0x94 ./FreeRTOS/timers.o
 .text.prvProcessReceivedCommands
                0x0001469c      0x11c ./FreeRTOS/timers.o
 .text.prvSwitchTimerLists
                0x000147b8       0xec ./FreeRTOS/timers.o
 .text.prvCheckForValidListAndQueue
                0x000148a4       0x74 ./FreeRTOS/timers.o
 .text.pvPortMalloc
                0x00014918      0x1b0 ./FreeRTOS/portable/MemMang/heap_2.o
                0x00014918                pvPortMalloc
 .text.vPortFree
                0x00014ac8       0x88 ./FreeRTOS/portable/MemMang/heap_2.o
                0x00014ac8                vPortFree
 .text.pxPortInitialiseStack
                0x00014b50       0x60 ./FreeRTOS/portable/GCC/ARM_CM3/port.o
                0x00014b50                pxPortInitialiseStack
 .text.SVCall_Handler
                0x00014bb0       0x20 ./FreeRTOS/portable/GCC/ARM_CM3/port.o
                0x00014bb0                SVCall_Handler
 .text.vPortStartFirstTask
                0x00014bd0       0x14 ./FreeRTOS/portable/GCC/ARM_CM3/port.o
                0x00014bd0                vPortStartFirstTask
 .text.xPortStartScheduler
                0x00014be4       0x54 ./FreeRTOS/portable/GCC/ARM_CM3/port.o
                0x00014be4                xPortStartScheduler
 .text.vPortYieldFromISR
                0x00014c38       0x18 ./FreeRTOS/portable/GCC/ARM_CM3/port.o
                0x00014c38                vPortYieldFromISR
 .text.vPortEnterCritical
                0x00014c50       0x2c ./FreeRTOS/portable/GCC/ARM_CM3/port.o
                0x00014c50                vPortEnterCritical
 .text.vPortExitCritical
                0x00014c7c       0x38 ./FreeRTOS/portable/GCC/ARM_CM3/port.o
                0x00014c7c                vPortExitCritical
 .text.PendSV_Handler
                0x00014cb4       0x3c ./FreeRTOS/portable/GCC/ARM_CM3/port.o
                0x00014cb4                PendSV_Handler
 .text.SysTick_Handler
                0x00014cf0       0x38 ./FreeRTOS/portable/GCC/ARM_CM3/port.o
                0x00014cf0                SysTick_Handler
 .text.prvSetupTimerInterrupt
                0x00014d28       0x2c ./FreeRTOS/portable/GCC/ARM_CM3/port.o
 .text.SystemInit
                0x00014d54       0xe4 D:\MyDesigns\LPCXpresso\CMSISv2p00_LPC17xx\Release\libCMSISv2p00_LPC17xx.a(system_LPC17xx.o)
                0x00014d54                SystemInit
 .text.__main   0x00014e38       0x14 f:/nxp/lpcxpresso_4.1.5_219/lpcxpresso/tools/bin/../lib/gcc/arm-none-eabi/4.5.1/../../../../arm-none-eabi/lib/thumb2\libcr_nohost.a(_cr__main.o)
                0x00014e38                __main
 .text._initio  0x00014e4c       0x9c f:/nxp/lpcxpresso_4.1.5_219/lpcxpresso/tools/bin/../lib/gcc/arm-none-eabi/4.5.1/../../../../arm-none-eabi/lib/thumb2\libcr_c.a(initio.o)
                0x00014e4c                _initio
 .text.ch_val   0x00014ee8       0x38 f:/nxp/lpcxpresso_4.1.5_219/lpcxpresso/tools/bin/../lib/gcc/arm-none-eabi/4.5.1/../../../../arm-none-eabi/lib/thumb2\libcr_c.a(scanf.o)
 .text._strtoul
                0x00014f20       0xc0 f:/nxp/lpcxpresso_4.1.5_219/lpcxpresso/tools/bin/../lib/gcc/arm-none-eabi/4.5.1/../../../../arm-none-eabi/lib/thumb2\libcr_c.a(scanf.o)
 .text.strtol   0x00014fe0       0x78 f:/nxp/lpcxpresso_4.1.5_219/lpcxpresso/tools/bin/../lib/gcc/arm-none-eabi/4.5.1/../../../../arm-none-eabi/lib/thumb2\libcr_c.a(scanf.o)
                0x00014fe0                strtol
 .text.atoi     0x00015058       0x18 f:/nxp/lpcxpresso_4.1.5_219/lpcxpresso/tools/bin/../lib/gcc/arm-none-eabi/4.5.1/../../../../arm-none-eabi/lib/thumb2\libcr_c.a(scanf.o)
                0x00015058                atoi
 .text.setvbuf  0x00015070       0x48 f:/nxp/lpcxpresso_4.1.5_219/lpcxpresso/tools/bin/../lib/gcc/arm-none-eabi/4.5.1/../../../../arm-none-eabi/lib/thumb2\libcr_c.a(setvbuf.o)
                0x00015070                setvbuf
 .text.strlen   0x000150b8       0x4e f:/nxp/lpcxpresso_4.1.5_219/lpcxpresso/tools/bin/../lib/gcc/arm-none-eabi/4.5.1/../../../../arm-none-eabi/lib/thumb2\libcr_c.a(strlen.o)
                0x000150b8                strlen
 .text.strncpy  0x00015106       0x58 f:/nxp/lpcxpresso_4.1.5_219/lpcxpresso/tools/bin/../lib/gcc/arm-none-eabi/4.5.1/../../../../arm-none-eabi/lib/thumb2\libcr_c.a(strncpy.o)
                0x00015106                strncpy
 .text.strstr   0x0001515e       0x20 f:/nxp/lpcxpresso_4.1.5_219/lpcxpresso/tools/bin/../lib/gcc/arm-none-eabi/4.5.1/../../../../arm-none-eabi/lib/thumb2\libcr_c.a(strstr.o)
                0x0001515e                strstr
 .text.memcpy   0x0001517e        0x4 f:/nxp/lpcxpresso_4.1.5_219/lpcxpresso/tools/bin/../lib/gcc/arm-none-eabi/4.5.1/../../../../arm-none-eabi/lib/thumb2\libcr_c.a(memcpy.o)
                0x0001517e                memcpy
 .text.memset   0x00015182        0x4 f:/nxp/lpcxpresso_4.1.5_219/lpcxpresso/tools/bin/../lib/gcc/arm-none-eabi/4.5.1/../../../../arm-none-eabi/lib/thumb2\libcr_c.a(memset.o)
                0x00015182                memset
 .text._deferredlazyseek
                0x00015186       0x44 f:/nxp/lpcxpresso_4.1.5_219/lpcxpresso/tools/bin/../lib/gcc/arm-none-eabi/4.5.1/../../../../arm-none-eabi/lib/thumb2\libcr_c.a(_deferredlazyseek.o)
                0x00015186                _deferredlazyseek
 .text._fdopen  0x000151ca       0x6e f:/nxp/lpcxpresso_4.1.5_219/lpcxpresso/tools/bin/../lib/gcc/arm-none-eabi/4.5.1/../../../../arm-none-eabi/lib/thumb2\libcr_c.a(_fdopen.o)
                0x000151ca                _fdopen
 .text._fflush  0x00015238       0x58 f:/nxp/lpcxpresso_4.1.5_219/lpcxpresso/tools/bin/../lib/gcc/arm-none-eabi/4.5.1/../../../../arm-none-eabi/lib/thumb2\libcr_c.a(_fflush.o)
                0x00015238                _fflush
 .text._Cwritebuf
                0x00015290       0x88 f:/nxp/lpcxpresso_4.1.5_219/lpcxpresso/tools/bin/../lib/gcc/arm-none-eabi/4.5.1/../../../../arm-none-eabi/lib/thumb2\libcr_c.a(_writebuf.o)
                0x00015290                _Cwritebuf
 .text.malloc   0x00015318       0xd0 f:/nxp/lpcxpresso_4.1.5_219/lpcxpresso/tools/bin/../lib/gcc/arm-none-eabi/4.5.1/../../../../arm-none-eabi/lib/thumb2\libcr_c.a(alloc.o)
                0x00015318                malloc
 .text.free     0x000153e8        0xa f:/nxp/lpcxpresso_4.1.5_219/lpcxpresso/tools/bin/../lib/gcc/arm-none-eabi/4.5.1/../../../../arm-none-eabi/lib/thumb2\libcr_c.a(alloc.o)
                0x000153e8                free
 *fill*         0x000153f2        0x2 00
 .text._Csys_alloc
                0x000153f4       0x20 f:/nxp/lpcxpresso_4.1.5_219/lpcxpresso/tools/bin/../lib/gcc/arm-none-eabi/4.5.1/../../../../arm-none-eabi/lib/thumb2\libcr_c.a(alloc.o)
                0x000153f4                _Csys_alloc
 .text.fclose   0x00015414       0x72 f:/nxp/lpcxpresso_4.1.5_219/lpcxpresso/tools/bin/../lib/gcc/arm-none-eabi/4.5.1/../../../../arm-none-eabi/lib/thumb2\libcr_c.a(fclose.o)
                0x00015414                fclose
 *fill*         0x00015486        0x2 00
 .text.fflush   0x00015488       0x34 f:/nxp/lpcxpresso_4.1.5_219/lpcxpresso/tools/bin/../lib/gcc/arm-none-eabi/4.5.1/../../../../arm-none-eabi/lib/thumb2\libcr_c.a(fflush.o)
                0x00015488                fflush
 .text.fseek    0x000154bc      0x110 f:/nxp/lpcxpresso_4.1.5_219/lpcxpresso/tools/bin/../lib/gcc/arm-none-eabi/4.5.1/../../../../arm-none-eabi/lib/thumb2\libcr_c.a(fseek.o)
                0x000154bc                fseek
 .text.ftell    0x000155cc       0x50 f:/nxp/lpcxpresso_4.1.5_219/lpcxpresso/tools/bin/../lib/gcc/arm-none-eabi/4.5.1/../../../../arm-none-eabi/lib/thumb2\libcr_c.a(ftell.o)
                0x000155cc                ftell
 .text.remove   0x0001561c       0x14 f:/nxp/lpcxpresso_4.1.5_219/lpcxpresso/tools/bin/../lib/gcc/arm-none-eabi/4.5.1/../../../../arm-none-eabi/lib/thumb2\libcr_c.a(remove.o)
                0x0001561c                remove
 .text._do_fflush
                0x00015630       0x44 f:/nxp/lpcxpresso_4.1.5_219/lpcxpresso/tools/bin/../lib/gcc/arm-none-eabi/4.5.1/../../../../arm-none-eabi/lib/thumb2\libcr_c.a(_do_fflush.o)
                0x00015630                _do_fflush
 .text.__aeabi_memcpy
                0x00015674       0x26 f:/nxp/lpcxpresso_4.1.5_219/lpcxpresso/tools/bin/../lib/gcc/arm-none-eabi/4.5.1/thumb2\libcr_eabihelpers.a(memcpy.o)
                0x00015674                __aeabi_memcpy4
                0x00015674                __aeabi_memcpy8
                0x00015674                __aeabi_memcpy
 .text.__aeabi_memset_lowlevel
                0x0001569a       0x24 f:/nxp/lpcxpresso_4.1.5_219/lpcxpresso/tools/bin/../lib/gcc/arm-none-eabi/4.5.1/thumb2\libcr_eabihelpers.a(memcpy.o)
                0x0001569a                __aeabi_lowlevel_memset
 .text.__sys_appexit
                0x000156be        0x2 f:/nxp/lpcxpresso_4.1.5_219/lpcxpresso/tools/bin/../lib/gcc/arm-none-eabi/4.5.1/../../../../arm-none-eabi/lib/thumb2\libcr_nohost.a(__sys_appexit.o)
                0x000156be                __sys_appexit
                0x000156be                __exit
 .text.__sys_close
                0x000156c0        0x6 f:/nxp/lpcxpresso_4.1.5_219/lpcxpresso/tools/bin/../lib/gcc/arm-none-eabi/4.5.1/../../../../arm-none-eabi/lib/thumb2\libcr_nohost.a(__sys_close.o)
                0x000156c0                __sys_close
 .text.__sys_flen
                0x000156c6        0x6 f:/nxp/lpcxpresso_4.1.5_219/lpcxpresso/tools/bin/../lib/gcc/arm-none-eabi/4.5.1/../../../../arm-none-eabi/lib/thumb2\libcr_nohost.a(__sys_flen.o)
                0x000156c6                __sys_flen
 .text.__sys_istty
                0x000156cc        0x6 f:/nxp/lpcxpresso_4.1.5_219/lpcxpresso/tools/bin/../lib/gcc/arm-none-eabi/4.5.1/../../../../arm-none-eabi/lib/thumb2\libcr_nohost.a(__sys_istty.o)
                0x000156cc                __sys_istty
 .text.__sys_remove
                0x000156d2        0x6 f:/nxp/lpcxpresso_4.1.5_219/lpcxpresso/tools/bin/../lib/gcc/arm-none-eabi/4.5.1/../../../../arm-none-eabi/lib/thumb2\libcr_nohost.a(__sys_remove.o)
                0x000156d2                __sys_remove
 .text.__sys_seek
                0x000156d8        0x6 f:/nxp/lpcxpresso_4.1.5_219/lpcxpresso/tools/bin/../lib/gcc/arm-none-eabi/4.5.1/../../../../arm-none-eabi/lib/thumb2\libcr_nohost.a(__sys_seek.o)
                0x000156d8                __sys_seek
 .text.__sys_tmpnam
                0x000156de        0x6 f:/nxp/lpcxpresso_4.1.5_219/lpcxpresso/tools/bin/../lib/gcc/arm-none-eabi/4.5.1/../../../../arm-none-eabi/lib/thumb2\libcr_nohost.a(__sys_tmpnam.o)
                0x000156de                __sys_tmpnam
 .text.__sys_write
                0x000156e4        0x4 f:/nxp/lpcxpresso_4.1.5_219/lpcxpresso/tools/bin/../lib/gcc/arm-none-eabi/4.5.1/../../../../arm-none-eabi/lib/thumb2\libcr_nohost.a(__sys_write.o)
                0x000156e4                __sys_write
                0x000156e4                __write
 .text._sbrk    0x000156e8       0x40 f:/nxp/lpcxpresso_4.1.5_219/lpcxpresso/tools/bin/../lib/gcc/arm-none-eabi/4.5.1/../../../../arm-none-eabi/lib/thumb2\libcr_nohost.a(_cr_sbrk.o)
                0x000156e8                _sbrk
 .text.__check_heap_overflow
                0x00015728       0x2c f:/nxp/lpcxpresso_4.1.5_219/lpcxpresso/tools/bin/../lib/gcc/arm-none-eabi/4.5.1/../../../../arm-none-eabi/lib/thumb2\libcr_nohost.a(_cr_check_heap.o)
                0x00015728                __check_heap_overflow
 *(.rodata .rodata.*)
 .rodata        0x00015754       0x2c ./src/cr_startup_lpc176x.o
 .rodata.http_html_hdr
                0x00015780       0x30 ./src/httpserver.o
 .rodata.http_index_html
                0x000157b0       0x50 ./src/httpserver.o
 .rodata.http_index_html_2
                0x00015800       0xcc ./src/httpserver.o
 .rodata        0x000158cc       0x28 ./src/httpserver.o
 .rodata        0x000158f4       0x20 ./src/main.o
 .rodata        0x00015914      0x184 ./src/shoutcast.o
 .rodata.ethbroadcast
                0x00015a98        0x8 ./lwip-1.4.0/src/netif/etharp.o
                0x00015a98                ethbroadcast
 .rodata.ethzero
                0x00015aa0        0x8 ./lwip-1.4.0/src/netif/etharp.o
                0x00015aa0                ethzero
 .rodata.memp_sizes
                0x00015aa8       0x1c ./lwip-1.4.0/src/core/memp.o
 .rodata.memp_num
                0x00015ac4       0x1c ./lwip-1.4.0/src/core/memp.o
 .rodata        0x00015ae0       0x94 ./lwip-1.4.0/src/core/stats.o
 .rodata.C.1.2005
                0x00015b74       0x34 ./lwip-1.4.0/src/core/stats.o
 .rodata.tcp_backoff
                0x00015ba8       0x10 ./lwip-1.4.0/src/core/tcp.o
                0x00015ba8                tcp_backoff
 .rodata.tcp_persist_backoff
                0x00015bb8        0x8 ./lwip-1.4.0/src/core/tcp.o
                0x00015bb8                tcp_persist_backoff
 .rodata.tcp_pcb_lists
                0x00015bc0       0x10 ./lwip-1.4.0/src/core/tcp.o
                0x00015bc0                tcp_pcb_lists
 .rodata.ip_addr_any
                0x00015bd0        0x4 ./lwip-1.4.0/src/core/ipv4/ip_addr.o
                0x00015bd0                ip_addr_any
 .rodata.ip_addr_broadcast
                0x00015bd4        0x4 ./lwip-1.4.0/src/core/ipv4/ip_addr.o
                0x00015bd4                ip_addr_broadcast
 .rodata        0x00015bd8       0x10 ./lwip-1.4.0/src/api/tcpip.o
 .rodata        0x00015be8        0x8 ./lwip-1.4.0/port/FreeRTOS/ethernetif/LPC17xx/ethernetif.o
 .rodata.sample
                0x00015bf0     0x4000 ./VS1053/vs1053.o
                0x00015bf0                sample
 .rodata.dpatch
                0x00019bf0     0x35dc ./VS1053/vs_patch.o
                0x00019bf0                dpatch
 .rodata.apatch
                0x0001d1cc     0x1af0 ./VS1053/vs_patch.o
                0x0001d1cc                apatch
 .rodata        0x0001ecbc        0x8 ./FreeRTOS/tasks.o
 .rodata        0x0001ecc4        0x8 ./FreeRTOS/timers.o
 .rodata.heapSTRUCT_SIZE
                0x0001eccc        0x2 ./FreeRTOS/portable/MemMang/heap_2.o
 .rodata.str1.1
                0x0001ecce        0x4 f:/nxp/lpcxpresso_4.1.5_219/lpcxpresso/tools/bin/../lib/gcc/arm-none-eabi/4.5.1/../../../../arm-none-eabi/lib/thumb2\libcr_c.a(initio.o)
 .rodata.str1.1
                0x0001ecd2       0x18 f:/nxp/lpcxpresso_4.1.5_219/lpcxpresso/tools/bin/../lib/gcc/arm-none-eabi/4.5.1/../../../../arm-none-eabi/lib/thumb2\libcr_c.a(alloc.o)
 .rodata.__ctype
                0x0001ecea      0x180 f:/nxp/lpcxpresso_4.1.5_219/lpcxpresso/tools/bin/../lib/gcc/arm-none-eabi/4.5.1/../../../../arm-none-eabi/lib/thumb2\libcr_c.a(ctype.o)
                0x0001ecea                __ctype
                0x0001ee6c                . = ALIGN (0x4)
 *fill*         0x0001ee6a        0x2 ff

.glue_7         0x0001ee6c        0x0
 .glue_7        0x00000000        0x0 linker stubs

.glue_7t        0x0001ee6c        0x0
 .glue_7t       0x00000000        0x0 linker stubs

.vfp11_veneer   0x0001ee6c        0x0
 .vfp11_veneer  0x00000000        0x0 linker stubs

.v4_bx          0x0001ee6c        0x0
 .v4_bx         0x00000000        0x0 linker stubs

.ARM.extab
 *(.ARM.extab* .gnu.linkonce.armextab.*)
                0x0001ee6c                __exidx_start = .

.ARM.exidx
 *(.ARM.exidx* .gnu.linkonce.armexidx.*)
                0x0001ee6c                __exidx_end = .
                0x0001ee6c                _etext = .

.data_RAM2      0x2007c000        0x0 load address 0x0001ee6c
 FILL mask 0xff
 *(.data.$RAM2*)
 *(.data.$RamAHB32*)
                0x2007c000                . = ALIGN (0x4)

.uninit_RESERVED
 *(.bss.$RESERVED*)

.data           0x10000000       0x18 load address 0x0001ee6c
 FILL mask 0xff
                0x10000000                _data = .
 *(vtable)
 *(.data*)
 .data.xid.3348
                0x10000000        0x4 ./lwip-1.4.0/src/core/dhcp.o
 .data.iss.3416
                0x10000004        0x4 ./lwip-1.4.0/src/core/tcp.o
 .data.port.3256
                0x10000008        0x2 ./lwip-1.4.0/src/core/tcp.o
 *fill*         0x1000000a        0x2 00
 .data.xNextTaskUnblockTime
                0x1000000c        0x4 ./FreeRTOS/tasks.o
 .data.xFreeBytesRemaining
                0x10000010        0x4 ./FreeRTOS/portable/MemMang/heap_2.o
 .data.uxCriticalNesting
                0x10000014        0x4 ./FreeRTOS/portable/GCC/ARM_CM3/port.o
                0x10000018                . = ALIGN (0x4)
                0x10000018                _edata = .

.bss_RAM2       0x2007c000     0x1800
 *(.bss.$RAM2*)
 .bss.$RAM2     0x2007c000     0x1800 ./src/shoutcast.o
                0x2007c000                mybuf
 *(.bss.$RamAHB32*)
                0x2007d800                . = ALIGN (0x4)

.bss            0x10000018     0x5e3c
                0x10000018                _bss = .
 *(.bss*)
 .bss.RAM_bufhead
                0x10000018        0x4 ./src/external_RAM.o
                0x10000018                RAM_bufhead
 .bss.RAM_buftail
                0x1000001c        0x4 ./src/external_RAM.o
                0x1000001c                RAM_buftail
 .bss.xSPI0_Mutex
                0x10000020        0x4 ./src/main.o
                0x10000020                xSPI0_Mutex
 .bss.xSPI1_Mutex
                0x10000024        0x4 ./src/main.o
                0x10000024                xSPI1_Mutex
 .bss.dhcpcnt   0x10000028        0x2 ./src/main.o
                0x10000028                dhcpcnt
 .bss.dhcpflag  0x1000002a        0x1 ./src/main.o
                0x1000002a                dhcpflag
 *fill*         0x1000002b        0x1 00
 .bss.xDhcpCmplSemaphore_1
                0x1000002c        0x4 ./src/main.o
                0x1000002c                xDhcpCmplSemaphore_1
 .bss.xDhcpCmplSemaphore_2
                0x10000030        0x4 ./src/main.o
                0x10000030                xDhcpCmplSemaphore_2
 .bss.last_vol.3615
                0x10000034        0x1 ./src/main.o
 *fill*         0x10000035        0x3 00
 .bss.arp_table
                0x10000038       0xa0 ./lwip-1.4.0/src/netif/etharp.o
 .bss.etharp_cached_entry
                0x100000d8        0x1 ./lwip-1.4.0/src/netif/etharp.o
 *fill*         0x100000d9        0x3 00
 .bss.ram       0x100000dc        0x4 ./lwip-1.4.0/src/core/mem.o
 .bss.ram_end   0x100000e0        0x4 ./lwip-1.4.0/src/core/mem.o
 .bss.lfree     0x100000e4        0x4 ./lwip-1.4.0/src/core/mem.o
 .bss.mem_mutex
                0x100000e8        0x4 ./lwip-1.4.0/src/core/mem.o
 .bss.memp_tab  0x100000ec       0x34 ./lwip-1.4.0/src/core/memp.o
 .bss.memp_memory
                0x10000120     0x1fa8 ./lwip-1.4.0/src/core/memp.o
 .bss.netifnum.3250
                0x100020c8        0x1 ./lwip-1.4.0/src/core/netif.o
 .bss.pbuf_free_ooseq_queued
                0x100020c9        0x1 ./lwip-1.4.0/src/core/pbuf.o
 *fill*         0x100020ca        0x2 00
 .bss.raw_pcbs  0x100020cc        0x4 ./lwip-1.4.0/src/core/raw.o
 .bss.tcp_timer
                0x100020d0        0x1 ./lwip-1.4.0/src/core/tcp.o
 *fill*         0x100020d1        0x3 00
 .bss.inseg     0x100020d4       0x14 ./lwip-1.4.0/src/core/tcp_in.o
 .bss.tcphdr    0x100020e8        0x4 ./lwip-1.4.0/src/core/tcp_in.o
 .bss.iphdr     0x100020ec        0x4 ./lwip-1.4.0/src/core/tcp_in.o
 .bss.seqno     0x100020f0        0x4 ./lwip-1.4.0/src/core/tcp_in.o
 .bss.ackno     0x100020f4        0x4 ./lwip-1.4.0/src/core/tcp_in.o
 .bss.flags     0x100020f8        0x1 ./lwip-1.4.0/src/core/tcp_in.o
 *fill*         0x100020f9        0x1 00
 .bss.tcplen    0x100020fa        0x2 ./lwip-1.4.0/src/core/tcp_in.o
 .bss.recv_flags
                0x100020fc        0x1 ./lwip-1.4.0/src/core/tcp_in.o
 *fill*         0x100020fd        0x3 00
 .bss.recv_data
                0x10002100        0x4 ./lwip-1.4.0/src/core/tcp_in.o
 .bss.next_timeout
                0x10002104        0x4 ./lwip-1.4.0/src/core/timers.o
 .bss.tcpip_tcp_timer_active
                0x10002108        0x4 ./lwip-1.4.0/src/core/timers.o
 .bss.ip_id     0x1000210c        0x2 ./lwip-1.4.0/src/core/ipv4/ip.o
 *fill*         0x1000210e        0x2 00
 .bss.tcpip_init_done
                0x10002110        0x4 ./lwip-1.4.0/src/api/tcpip.o
 .bss.tcpip_init_done_arg
                0x10002114        0x4 ./lwip-1.4.0/src/api/tcpip.o
 .bss.mbox      0x10002118        0x4 ./lwip-1.4.0/src/api/tcpip.o
 .bss.rptr      0x1000211c        0x4 ./lwip-1.4.0/port/FreeRTOS/ethernetif/LPC17xx/EMAC.o
 .bss.tptr      0x10002120        0x4 ./lwip-1.4.0/port/FreeRTOS/ethernetif/LPC17xx/EMAC.o
 .bss.cnt       0x10002124        0x4 ./lwip-1.4.0/port/FreeRTOS/ethernetif/LPC17xx/EMAC.o
                0x10002124                cnt
 .bss.LastRxProd.2664
                0x10002128        0x1 ./lwip-1.4.0/port/FreeRTOS/ethernetif/LPC17xx/EMAC.o
 *fill*         0x10002129        0x3 00
 .bss.xHigherPriorityTaskWoken.2665
                0x1000212c        0x4 ./lwip-1.4.0/port/FreeRTOS/ethernetif/LPC17xx/EMAC.o
 .bss.pxCurrentTCB
                0x10002130        0x4 ./FreeRTOS/tasks.o
                0x10002130                pxCurrentTCB
 .bss.pxReadyTasksLists
                0x10002134       0xa0 ./FreeRTOS/tasks.o
 .bss.xDelayedTaskList1
                0x100021d4       0x14 ./FreeRTOS/tasks.o
 .bss.xDelayedTaskList2
                0x100021e8       0x14 ./FreeRTOS/tasks.o
 .bss.pxDelayedTaskList
                0x100021fc        0x4 ./FreeRTOS/tasks.o
 .bss.pxOverflowDelayedTaskList
                0x10002200        0x4 ./FreeRTOS/tasks.o
 .bss.xPendingReadyList
                0x10002204       0x14 ./FreeRTOS/tasks.o
 .bss.xTasksWaitingTermination
                0x10002218       0x14 ./FreeRTOS/tasks.o
 .bss.uxTasksDeleted
                0x1000222c        0x4 ./FreeRTOS/tasks.o
 .bss.xSuspendedTaskList
                0x10002230       0x14 ./FreeRTOS/tasks.o
 .bss.uxCurrentNumberOfTasks
                0x10002244        0x4 ./FreeRTOS/tasks.o
 .bss.xTickCount
                0x10002248        0x4 ./FreeRTOS/tasks.o
 .bss.uxTopUsedPriority
                0x1000224c        0x4 ./FreeRTOS/tasks.o
 .bss.uxTopReadyPriority
                0x10002250        0x4 ./FreeRTOS/tasks.o
 .bss.xSchedulerRunning
                0x10002254        0x4 ./FreeRTOS/tasks.o
 .bss.uxSchedulerSuspended
                0x10002258        0x4 ./FreeRTOS/tasks.o
 .bss.uxMissedTicks
                0x1000225c        0x4 ./FreeRTOS/tasks.o
 .bss.xMissedYield
                0x10002260        0x4 ./FreeRTOS/tasks.o
 .bss.xNumOfOverflows
                0x10002264        0x4 ./FreeRTOS/tasks.o
 .bss.uxTCBNumber
                0x10002268        0x4 ./FreeRTOS/tasks.o
 .bss.xActiveTimerList1
                0x1000226c       0x14 ./FreeRTOS/timers.o
 .bss.xActiveTimerList2
                0x10002280       0x14 ./FreeRTOS/timers.o
 .bss.pxCurrentTimerList
                0x10002294        0x4 ./FreeRTOS/timers.o
 .bss.pxOverflowTimerList
                0x10002298        0x4 ./FreeRTOS/timers.o
 .bss.xTimerQueue
                0x1000229c        0x4 ./FreeRTOS/timers.o
 .bss.xLastTime.2467
                0x100022a0        0x4 ./FreeRTOS/timers.o
 *fill*         0x100022a4        0x4 00
 .bss.xHeap     0x100022a8     0x3000 ./FreeRTOS/portable/MemMang/heap_2.o
 .bss.xStart    0x100052a8        0x8 ./FreeRTOS/portable/MemMang/heap_2.o
 .bss.xEnd      0x100052b0        0x8 ./FreeRTOS/portable/MemMang/heap_2.o
 .bss.xHeapHasBeenInitialised.2422
                0x100052b8        0x4 ./FreeRTOS/portable/MemMang/heap_2.o
 .bss.errno     0x100052bc        0x4 f:/nxp/lpcxpresso_4.1.5_219/lpcxpresso/tools/bin/../lib/gcc/arm-none-eabi/4.5.1/../../../../arm-none-eabi/lib/thumb2\libcr_c.a(errno.o)
                0x100052bc                errno
 *(COMMON)
 COMMON         0x100052c0       0x24 ./src/main.o
                0x100052c0                xDHCP_Timer
                0x100052c4                xIamLiveHandle
                0x100052c8                xVsTskHandle
                0x100052cc                lpc17xx_netif
                0x100052d0                ipadres
                0x100052e0                loop_netif
 COMMON         0x100052e4       0xcc ./src/shoutcast.o
                0x100052e4                Title
                0x10005348                RadioInf
 COMMON         0x100053b0       0x34 ./lwip-1.4.0/src/core/dhcp.o
                0x100053b0                dhcp_rx_options_given
                0x100053bc                dhcp_rx_options_val
 COMMON         0x100053e4      0x814 ./lwip-1.4.0/src/core/mem.o
                0x100053e4                ram_heap
 COMMON         0x10005bf8        0x8 ./lwip-1.4.0/src/core/netif.o
                0x10005bf8                netif_list
                0x10005bfc                netif_default
 COMMON         0x10005c00       0xd0 ./lwip-1.4.0/src/core/stats.o
                0x10005c00                lwip_stats
 COMMON         0x10005cd0       0x18 ./lwip-1.4.0/src/core/tcp.o
                0x10005cd0                tcp_active_pcbs
                0x10005cd4                tcp_ticks
                0x10005cd8                tcp_listen_pcbs
                0x10005cdc                tcp_tmp_pcb
                0x10005ce0                tcp_bound_pcbs
                0x10005ce4                tcp_tw_pcbs
 COMMON         0x10005ce8        0x4 ./lwip-1.4.0/src/core/tcp_in.o
                0x10005ce8                tcp_input_pcb
 COMMON         0x10005cec        0x4 ./lwip-1.4.0/src/core/udp.o
                0x10005cec                udp_pcbs
 COMMON         0x10005cf0       0x10 ./lwip-1.4.0/src/core/ipv4/ip.o
                0x10005cf0                current_iphdr_src
                0x10005cf4                current_netif
                0x10005cf8                current_iphdr_dest
                0x10005cfc                current_header
 COMMON         0x10005d00        0x8 ./lwip-1.4.0/port/FreeRTOS/ethernetif/LPC17xx/ethernetif.o
                0x10005d00                semEthRx
                0x10005d04                semEthTx
 COMMON         0x10005d08        0x4 f:/nxp/lpcxpresso_4.1.5_219/lpcxpresso/tools/bin/../lib/gcc/arm-none-eabi/4.5.1/../../../../arm-none-eabi/lib/thumb2\libcr_c.a(initio.o)
                0x10005d08                _extra
 COMMON         0x10005d0c      0x140 f:/nxp/lpcxpresso_4.1.5_219/lpcxpresso/tools/bin/../lib/gcc/arm-none-eabi/4.5.1/../../../../arm-none-eabi/lib/thumb2\libcr_c.a(stdio.o)
                0x10005d0c                __Ciob
 COMMON         0x10005e4c        0x8 f:/nxp/lpcxpresso_4.1.5_219/lpcxpresso/tools/bin/../lib/gcc/arm-none-eabi/4.5.1/../../../../arm-none-eabi/lib/thumb2\libcr_c.a(__init_alloc.o)
                0x10005e4c                __heaps
                0x10005e50                __end_of_heap
                0x10005e54                . = ALIGN (0x4)
                0x10005e54                _ebss = .
                0x10005e54                PROVIDE (end, .)
                0x10005e54                PROVIDE (_pvHeapStart, .)
                0x10008000                PROVIDE (_vStackTop, (__top_RamLoc32 - 0x0))
OUTPUT(TCPv3.axf elf32-littlearm)

.debug_abbrev   0x00000000     0x4b5b
 .debug_abbrev  0x00000000       0xd2 ./stdio/printuart.o
 .debug_abbrev  0x000000d2      0x11d ./src/cr_startup_lpc176x.o
 .debug_abbrev  0x000001ef      0x209 ./src/external_RAM.o
 .debug_abbrev  0x000003f8      0x167 ./src/httpserver.o
 .debug_abbrev  0x0000055f      0x18d ./src/main.o
 .debug_abbrev  0x000006ec      0x1b0 ./src/shoutcast.o
 .debug_abbrev  0x0000089c      0x1f2 ./lwip-1.4.0/src/netif/etharp.o
 .debug_abbrev  0x00000a8e       0x21 ./lwip-1.4.0/src/netif/ethernetif.o
 .debug_abbrev  0x00000aaf       0x21 ./lwip-1.4.0/src/netif/slipif.o
 .debug_abbrev  0x00000ad0       0x21 ./lwip-1.4.0/src/netif/ppp/auth.o
 .debug_abbrev  0x00000af1       0x21 ./lwip-1.4.0/src/netif/ppp/chap.o
 .debug_abbrev  0x00000b12       0x21 ./lwip-1.4.0/src/netif/ppp/chpms.o
 .debug_abbrev  0x00000b33       0x21 ./lwip-1.4.0/src/netif/ppp/fsm.o
 .debug_abbrev  0x00000b54       0x21 ./lwip-1.4.0/src/netif/ppp/ipcp.o
 .debug_abbrev  0x00000b75       0x21 ./lwip-1.4.0/src/netif/ppp/lcp.o
 .debug_abbrev  0x00000b96       0x21 ./lwip-1.4.0/src/netif/ppp/magic.o
 .debug_abbrev  0x00000bb7       0x21 ./lwip-1.4.0/src/netif/ppp/md5.o
 .debug_abbrev  0x00000bd8       0x21 ./lwip-1.4.0/src/netif/ppp/pap.o
 .debug_abbrev  0x00000bf9       0x21 ./lwip-1.4.0/src/netif/ppp/ppp.o
 .debug_abbrev  0x00000c1a       0x21 ./lwip-1.4.0/src/netif/ppp/ppp_oe.o
 .debug_abbrev  0x00000c3b       0x21 ./lwip-1.4.0/src/netif/ppp/randm.o
 .debug_abbrev  0x00000c5c       0x21 ./lwip-1.4.0/src/netif/ppp/vj.o
 .debug_abbrev  0x00000c7d       0x6f ./lwip-1.4.0/src/core/def.o
 .debug_abbrev  0x00000cec      0x1f7 ./lwip-1.4.0/src/core/dhcp.o
 .debug_abbrev  0x00000ee3       0x21 ./lwip-1.4.0/src/core/dns.o
 .debug_abbrev  0x00000f04       0x7b ./lwip-1.4.0/src/core/init.o
 .debug_abbrev  0x00000f7f      0x17e ./lwip-1.4.0/src/core/mem.o
 .debug_abbrev  0x000010fd      0x17a ./lwip-1.4.0/src/core/memp.o
 .debug_abbrev  0x00001277      0x24a ./lwip-1.4.0/src/core/netif.o
 .debug_abbrev  0x000014c1      0x1e8 ./lwip-1.4.0/src/core/pbuf.o
 .debug_abbrev  0x000016a9      0x1a4 ./lwip-1.4.0/src/core/raw.o
 .debug_abbrev  0x0000184d      0x115 ./lwip-1.4.0/src/core/stats.o
 .debug_abbrev  0x00001962       0xa7 ./lwip-1.4.0/src/core/sys.o
 .debug_abbrev  0x00001a09      0x2ae ./lwip-1.4.0/src/core/tcp.o
 .debug_abbrev  0x00001cb7      0x223 ./lwip-1.4.0/src/core/tcp_in.o
 .debug_abbrev  0x00001eda      0x247 ./lwip-1.4.0/src/core/tcp_out.o
 .debug_abbrev  0x00002121      0x1a5 ./lwip-1.4.0/src/core/timers.o
 .debug_abbrev  0x000022c6      0x1c1 ./lwip-1.4.0/src/core/udp.o
 .debug_abbrev  0x00002487       0x21 ./lwip-1.4.0/src/core/snmp/asn1_dec.o
 .debug_abbrev  0x000024a8       0x21 ./lwip-1.4.0/src/core/snmp/asn1_enc.o
 .debug_abbrev  0x000024c9       0x21 ./lwip-1.4.0/src/core/snmp/mib2.o
 .debug_abbrev  0x000024ea       0x21 ./lwip-1.4.0/src/core/snmp/mib_structs.o
 .debug_abbrev  0x0000250b       0x21 ./lwip-1.4.0/src/core/snmp/msg_in.o
 .debug_abbrev  0x0000252c       0x21 ./lwip-1.4.0/src/core/snmp/msg_out.o
 .debug_abbrev  0x0000254d       0x21 ./lwip-1.4.0/src/core/ipv4/autoip.o
 .debug_abbrev  0x0000256e      0x1b1 ./lwip-1.4.0/src/core/ipv4/icmp.o
 .debug_abbrev  0x0000271f       0x21 ./lwip-1.4.0/src/core/ipv4/igmp.o
 .debug_abbrev  0x00002740       0x21 ./lwip-1.4.0/src/core/ipv4/inet.o
 .debug_abbrev  0x00002761      0x128 ./lwip-1.4.0/src/core/ipv4/inet_chksum.o
 .debug_abbrev  0x00002889      0x1ba ./lwip-1.4.0/src/core/ipv4/ip.o
 .debug_abbrev  0x00002a43      0x167 ./lwip-1.4.0/src/core/ipv4/ip_addr.o
 .debug_abbrev  0x00002baa       0x2c ./lwip-1.4.0/src/core/ipv4/ip_frag.o
 .debug_abbrev  0x00002bd6      0x200 ./lwip-1.4.0/src/api/api_lib.o
 .debug_abbrev  0x00002dd6      0x235 ./lwip-1.4.0/src/api/api_msg.o
 .debug_abbrev  0x0000300b       0x89 ./lwip-1.4.0/src/api/err.o
 .debug_abbrev  0x00003094      0x105 ./lwip-1.4.0/src/api/netbuf.o
 .debug_abbrev  0x00003199       0x21 ./lwip-1.4.0/src/api/netdb.o
 .debug_abbrev  0x000031ba       0x21 ./lwip-1.4.0/src/api/netifapi.o
 .debug_abbrev  0x000031db       0x21 ./lwip-1.4.0/src/api/sockets.o
 .debug_abbrev  0x000031fc      0x200 ./lwip-1.4.0/src/api/tcpip.o
 .debug_abbrev  0x000033fc      0x226 ./lwip-1.4.0/port/FreeRTOS/ethernetif/LPC17xx/EMAC.o
 .debug_abbrev  0x00003622      0x1ab ./lwip-1.4.0/port/FreeRTOS/ethernetif/LPC17xx/ethernetif.o
 .debug_abbrev  0x000037cd      0x160 ./lwip-1.4.0/port/FreeRTOS/arch/sys_arch.o
 .debug_abbrev  0x0000392d      0x1c5 ./VS1053/vs1053.o
 .debug_abbrev  0x00003af2       0x8c ./VS1053/vs_patch.o
 .debug_abbrev  0x00003b7e       0xe2 ./LPC1768_lib/source/adc.o
 .debug_abbrev  0x00003c60      0x177 ./LPC1768_lib/source/gpio.o
 .debug_abbrev  0x00003dd7      0x14e ./LPC1768_lib/source/lpc17xx_clkpwr.o
 .debug_abbrev  0x00003f25      0x10a ./LPC1768_lib/source/timer.o
 .debug_abbrev  0x0000402f      0x16c ./LPC1768_lib/source/uart.o
 .debug_abbrev  0x0000419b      0x19b ./FreeRTOS/croutine.o
 .debug_abbrev  0x00004336       0xb6 ./FreeRTOS/list.o
 .debug_abbrev  0x000043ec      0x107 ./FreeRTOS/queue.o
 .debug_abbrev  0x000044f3      0x195 ./FreeRTOS/tasks.o
 .debug_abbrev  0x00004688      0x145 ./FreeRTOS/timers.o
 .debug_abbrev  0x000047cd      0x171 ./FreeRTOS/portable/MemMang/heap_2.o
 .debug_abbrev  0x0000493e      0x13c ./FreeRTOS/portable/GCC/ARM_CM3/port.o
 .debug_abbrev  0x00004a7a       0xe1 D:\MyDesigns\LPCXpresso\CMSISv2p00_LPC17xx\Release\libCMSISv2p00_LPC17xx.a(system_LPC17xx.o)

.debug_info     0x00000000    0x1ad5c
 .debug_info    0x00000000      0x144 ./stdio/printuart.o
 .debug_info    0x00000144      0x2d4 ./src/cr_startup_lpc176x.o
 .debug_info    0x00000418      0xb3e ./src/external_RAM.o
 .debug_info    0x00000f56      0x587 ./src/httpserver.o
 .debug_info    0x000014dd      0xa93 ./src/main.o
 .debug_info    0x00001f70      0xae8 ./src/shoutcast.o
 .debug_info    0x00002a58     0x1026 ./lwip-1.4.0/src/netif/etharp.o
 .debug_info    0x00003a7e       0x54 ./lwip-1.4.0/src/netif/ethernetif.o
 .debug_info    0x00003ad2       0x62 ./lwip-1.4.0/src/netif/slipif.o
 .debug_info    0x00003b34       0x54 ./lwip-1.4.0/src/netif/ppp/auth.o
 .debug_info    0x00003b88       0x54 ./lwip-1.4.0/src/netif/ppp/chap.o
 .debug_info    0x00003bdc       0x54 ./lwip-1.4.0/src/netif/ppp/chpms.o
 .debug_info    0x00003c30       0x54 ./lwip-1.4.0/src/netif/ppp/fsm.o
 .debug_info    0x00003c84       0x54 ./lwip-1.4.0/src/netif/ppp/ipcp.o
 .debug_info    0x00003cd8       0x54 ./lwip-1.4.0/src/netif/ppp/lcp.o
 .debug_info    0x00003d2c       0x54 ./lwip-1.4.0/src/netif/ppp/magic.o
 .debug_info    0x00003d80       0x54 ./lwip-1.4.0/src/netif/ppp/md5.o
 .debug_info    0x00003dd4       0x54 ./lwip-1.4.0/src/netif/ppp/pap.o
 .debug_info    0x00003e28       0x54 ./lwip-1.4.0/src/netif/ppp/ppp.o
 .debug_info    0x00003e7c       0x54 ./lwip-1.4.0/src/netif/ppp/ppp_oe.o
 .debug_info    0x00003ed0       0x54 ./lwip-1.4.0/src/netif/ppp/randm.o
 .debug_info    0x00003f24       0x54 ./lwip-1.4.0/src/netif/ppp/vj.o
 .debug_info    0x00003f78      0x112 ./lwip-1.4.0/src/core/def.o
 .debug_info    0x0000408a     0x124e ./lwip-1.4.0/src/core/dhcp.o
 .debug_info    0x000052d8       0x54 ./lwip-1.4.0/src/core/dns.o
 .debug_info    0x0000532c       0xd8 ./lwip-1.4.0/src/core/init.o
 .debug_info    0x00005404      0x463 ./lwip-1.4.0/src/core/mem.o
 .debug_info    0x00005867      0x40b ./lwip-1.4.0/src/core/memp.o
 .debug_info    0x00005c72     0x10bb ./lwip-1.4.0/src/core/netif.o
 .debug_info    0x00006d2d      0xf2b ./lwip-1.4.0/src/core/pbuf.o
 .debug_info    0x00007c58      0x79f ./lwip-1.4.0/src/core/raw.o
 .debug_info    0x000083f7      0x39c ./lwip-1.4.0/src/core/stats.o
 .debug_info    0x00008793      0x138 ./lwip-1.4.0/src/core/sys.o
 .debug_info    0x000088cb     0x1721 ./lwip-1.4.0/src/core/tcp.o
 .debug_info    0x00009fec      0xeff ./lwip-1.4.0/src/core/tcp_in.o
 .debug_info    0x0000aeeb     0x1149 ./lwip-1.4.0/src/core/tcp_out.o
 .debug_info    0x0000c034      0xa18 ./lwip-1.4.0/src/core/timers.o
 .debug_info    0x0000ca4c      0xbfc ./lwip-1.4.0/src/core/udp.o
 .debug_info    0x0000d648       0x54 ./lwip-1.4.0/src/core/snmp/asn1_dec.o
 .debug_info    0x0000d69c       0x54 ./lwip-1.4.0/src/core/snmp/asn1_enc.o
 .debug_info    0x0000d6f0       0x54 ./lwip-1.4.0/src/core/snmp/mib2.o
 .debug_info    0x0000d744       0x54 ./lwip-1.4.0/src/core/snmp/mib_structs.o
 .debug_info    0x0000d798       0x54 ./lwip-1.4.0/src/core/snmp/msg_in.o
 .debug_info    0x0000d7ec       0x54 ./lwip-1.4.0/src/core/snmp/msg_out.o
 .debug_info    0x0000d840       0x54 ./lwip-1.4.0/src/core/ipv4/autoip.o
 .debug_info    0x0000d894      0x624 ./lwip-1.4.0/src/core/ipv4/icmp.o
 .debug_info    0x0000deb8       0x54 ./lwip-1.4.0/src/core/ipv4/igmp.o
 .debug_info    0x0000df0c       0x5b ./lwip-1.4.0/src/core/ipv4/inet.o
 .debug_info    0x0000df67      0x3c0 ./lwip-1.4.0/src/core/ipv4/inet_chksum.o
 .debug_info    0x0000e327      0xada ./lwip-1.4.0/src/core/ipv4/ip.o
 .debug_info    0x0000ee01      0x598 ./lwip-1.4.0/src/core/ipv4/ip_addr.o
 .debug_info    0x0000f399       0x70 ./lwip-1.4.0/src/core/ipv4/ip_frag.o
 .debug_info    0x0000f409     0x13c6 ./lwip-1.4.0/src/api/api_lib.o
 .debug_info    0x000107cf     0x1473 ./lwip-1.4.0/src/api/api_msg.o
 .debug_info    0x00011c42       0xd4 ./lwip-1.4.0/src/api/err.o
 .debug_info    0x00011d16      0x408 ./lwip-1.4.0/src/api/netbuf.o
 .debug_info    0x0001211e       0x54 ./lwip-1.4.0/src/api/netdb.o
 .debug_info    0x00012172       0x54 ./lwip-1.4.0/src/api/netifapi.o
 .debug_info    0x000121c6       0x54 ./lwip-1.4.0/src/api/sockets.o
 .debug_info    0x0001221a      0xbaa ./lwip-1.4.0/src/api/tcpip.o
 .debug_info    0x00012dc4     0x1111 ./lwip-1.4.0/port/FreeRTOS/ethernetif/LPC17xx/EMAC.o
 .debug_info    0x00013ed5      0x60b ./lwip-1.4.0/port/FreeRTOS/ethernetif/LPC17xx/ethernetif.o
 .debug_info    0x000144e0      0x612 ./lwip-1.4.0/port/FreeRTOS/arch/sys_arch.o
 .debug_info    0x00014af2     0x1101 ./VS1053/vs1053.o
 .debug_info    0x00015bf3      0x103 ./VS1053/vs_patch.o
 .debug_info    0x00015cf6      0x5ed ./LPC1768_lib/source/adc.o
 .debug_info    0x000162e3      0xa45 ./LPC1768_lib/source/gpio.o
 .debug_info    0x00016d28      0x52e ./LPC1768_lib/source/lpc17xx_clkpwr.o
 .debug_info    0x00017256      0x4ad ./LPC1768_lib/source/timer.o
 .debug_info    0x00017703      0x7ff ./LPC1768_lib/source/uart.o
 .debug_info    0x00017f02      0x506 ./FreeRTOS/croutine.o
 .debug_info    0x00018408      0x2de ./FreeRTOS/list.o
 .debug_info    0x000186e6      0x83c ./FreeRTOS/queue.o
 .debug_info    0x00018f22      0xe1d ./FreeRTOS/tasks.o
 .debug_info    0x00019d3f      0x784 ./FreeRTOS/timers.o
 .debug_info    0x0001a4c3      0x2e0 ./FreeRTOS/portable/MemMang/heap_2.o
 .debug_info    0x0001a7a3      0x22e ./FreeRTOS/portable/GCC/ARM_CM3/port.o
 .debug_info    0x0001a9d1      0x38b D:\MyDesigns\LPCXpresso\CMSISv2p00_LPC17xx\Release\libCMSISv2p00_LPC17xx.a(system_LPC17xx.o)

.debug_line     0x00000000    0x16f06
 .debug_line    0x00000000      0x413 ./stdio/printuart.o
 .debug_line    0x00000413      0x452 ./src/cr_startup_lpc176x.o
 .debug_line    0x00000865      0xb01 ./src/external_RAM.o
 .debug_line    0x00001366      0x6dc ./src/httpserver.o
 .debug_line    0x00001a42      0x97b ./src/main.o
 .debug_line    0x000023bd      0x7bb ./src/shoutcast.o
 .debug_line    0x00002b78      0x767 ./lwip-1.4.0/src/netif/etharp.o
 .debug_line    0x000032df       0xef ./lwip-1.4.0/src/netif/ethernetif.o
 .debug_line    0x000033ce      0x1a5 ./lwip-1.4.0/src/netif/slipif.o
 .debug_line    0x00003573       0xed ./lwip-1.4.0/src/netif/ppp/auth.o
 .debug_line    0x00003660       0xed ./lwip-1.4.0/src/netif/ppp/chap.o
 .debug_line    0x0000374d       0xee ./lwip-1.4.0/src/netif/ppp/chpms.o
 .debug_line    0x0000383b       0xec ./lwip-1.4.0/src/netif/ppp/fsm.o
 .debug_line    0x00003927       0xed ./lwip-1.4.0/src/netif/ppp/ipcp.o
 .debug_line    0x00003a14       0xec ./lwip-1.4.0/src/netif/ppp/lcp.o
 .debug_line    0x00003b00       0xee ./lwip-1.4.0/src/netif/ppp/magic.o
 .debug_line    0x00003bee       0xec ./lwip-1.4.0/src/netif/ppp/md5.o
 .debug_line    0x00003cda       0xec ./lwip-1.4.0/src/netif/ppp/pap.o
 .debug_line    0x00003dc6       0xec ./lwip-1.4.0/src/netif/ppp/ppp.o
 .debug_line    0x00003eb2       0xef ./lwip-1.4.0/src/netif/ppp/ppp_oe.o
 .debug_line    0x00003fa1       0xee ./lwip-1.4.0/src/netif/ppp/randm.o
 .debug_line    0x0000408f       0xeb ./lwip-1.4.0/src/netif/ppp/vj.o
 .debug_line    0x0000417a      0x13e ./lwip-1.4.0/src/core/def.o
 .debug_line    0x000042b8      0xd1c ./lwip-1.4.0/src/core/dhcp.o
 .debug_line    0x00004fd4       0xe7 ./lwip-1.4.0/src/core/dns.o
 .debug_line    0x000050bb      0x73b ./lwip-1.4.0/src/core/init.o
 .debug_line    0x000057f6      0x702 ./lwip-1.4.0/src/core/mem.o
 .debug_line    0x00005ef8      0x83b ./lwip-1.4.0/src/core/memp.o
 .debug_line    0x00006733      0x885 ./lwip-1.4.0/src/core/netif.o
 .debug_line    0x00006fb8      0xa7b ./lwip-1.4.0/src/core/pbuf.o
 .debug_line    0x00007a33      0x538 ./lwip-1.4.0/src/core/raw.o
 .debug_line    0x00007f6b      0x400 ./lwip-1.4.0/src/core/stats.o
 .debug_line    0x0000836b      0x59e ./lwip-1.4.0/src/core/sys.o
 .debug_line    0x00008909      0xcfc ./lwip-1.4.0/src/core/tcp.o
 .debug_line    0x00009605      0xcd3 ./lwip-1.4.0/src/core/tcp_in.o
 .debug_line    0x0000a2d8      0xb23 ./lwip-1.4.0/src/core/tcp_out.o
 .debug_line    0x0000adfb      0x82a ./lwip-1.4.0/src/core/timers.o
 .debug_line    0x0000b625      0x69c ./lwip-1.4.0/src/core/udp.o
 .debug_line    0x0000bcc1       0xf1 ./lwip-1.4.0/src/core/snmp/asn1_dec.o
 .debug_line    0x0000bdb2       0xf1 ./lwip-1.4.0/src/core/snmp/asn1_enc.o