Archive member included because of file (symbol)

D:\MyDesigns\LPCXpresso\CMSISv2p00_LPC17xx\Release\libCMSISv2p00_LPC17xx.a(system_LPC17xx.o)
                              ./src/cr_startup_lpc176x.o (SystemInit)
f:/nxp/lpcxpresso_4.1.5_219/lpcxpresso/tools/bin/../lib/gcc/arm-none-eabi/4.5.1/../../../../arm-none-eabi/lib/thumb2\libcr_c.a(__weak__main.o)
                              ./src/cr_startup_lpc176x.o (__main)
f:/nxp/lpcxpresso_4.1.5_219/lpcxpresso/tools/bin/../lib/gcc/arm-none-eabi/4.5.1/../../../../arm-none-eabi/lib/thumb2\libcr_c.a(itoa.o)
                              ./lpc17xx_lib/source/uart.o (itoa)
f:/nxp/lpcxpresso_4.1.5_219/lpcxpresso/tools/bin/../lib/gcc/arm-none-eabi/4.5.1/../../../../arm-none-eabi/lib/thumb2\libcr_c.a(scanf.o)
                              ./src/httpserver-netconn.o (atoi)
f:/nxp/lpcxpresso_4.1.5_219/lpcxpresso/tools/bin/../lib/gcc/arm-none-eabi/4.5.1/../../../../arm-none-eabi/lib/thumb2\libcr_c.a(stdio.o)
                              f:/nxp/lpcxpresso_4.1.5_219/lpcxpresso/tools/bin/../lib/gcc/arm-none-eabi/4.5.1/../../../../arm-none-eabi/lib/thumb2\libcr_c.a(scanf.o) (__Ciob)
f:/nxp/lpcxpresso_4.1.5_219/lpcxpresso/tools/bin/../lib/gcc/arm-none-eabi/4.5.1/../../../../arm-none-eabi/lib/thumb2\libcr_c.a(strlen.o)
                              f:/nxp/lpcxpresso_4.1.5_219/lpcxpresso/tools/bin/../lib/gcc/arm-none-eabi/4.5.1/../../../../arm-none-eabi/lib/thumb2\libcr_c.a(scanf.o) (strlen)
f:/nxp/lpcxpresso_4.1.5_219/lpcxpresso/tools/bin/../lib/gcc/arm-none-eabi/4.5.1/../../../../arm-none-eabi/lib/thumb2\libcr_c.a(strstr.o)
                              ./src/httpserver-netconn.o (strstr)
f:/nxp/lpcxpresso_4.1.5_219/lpcxpresso/tools/bin/../lib/gcc/arm-none-eabi/4.5.1/../../../../arm-none-eabi/lib/thumb2\libcr_c.a(ungetc.o)
                              f:/nxp/lpcxpresso_4.1.5_219/lpcxpresso/tools/bin/../lib/gcc/arm-none-eabi/4.5.1/../../../../arm-none-eabi/lib/thumb2\libcr_c.a(scanf.o) (ungetc)
f:/nxp/lpcxpresso_4.1.5_219/lpcxpresso/tools/bin/../lib/gcc/arm-none-eabi/4.5.1/../../../../arm-none-eabi/lib/thumb2\libcr_c.a(memcpy.o)
                              ./src/httpserver-netconn.o (memcpy)
f:/nxp/lpcxpresso_4.1.5_219/lpcxpresso/tools/bin/../lib/gcc/arm-none-eabi/4.5.1/../../../../arm-none-eabi/lib/thumb2\libcr_c.a(memset.o)
                              ./lwip-1.3.1/src/core/dhcp.o (memset)
f:/nxp/lpcxpresso_4.1.5_219/lpcxpresso/tools/bin/../lib/gcc/arm-none-eabi/4.5.1/../../../../arm-none-eabi/lib/thumb2\libcr_c.a(__fillbuf.o)
                              f:/nxp/lpcxpresso_4.1.5_219/lpcxpresso/tools/bin/../lib/gcc/arm-none-eabi/4.5.1/../../../../arm-none-eabi/lib/thumb2\libcr_c.a(scanf.o) (__filbuf)
f:/nxp/lpcxpresso_4.1.5_219/lpcxpresso/tools/bin/../lib/gcc/arm-none-eabi/4.5.1/../../../../arm-none-eabi/lib/thumb2\libcr_c.a(_deferredlazyseek.o)
                              f:/nxp/lpcxpresso_4.1.5_219/lpcxpresso/tools/bin/../lib/gcc/arm-none-eabi/4.5.1/../../../../arm-none-eabi/lib/thumb2\libcr_c.a(__fillbuf.o) (_deferredlazyseek)
f:/nxp/lpcxpresso_4.1.5_219/lpcxpresso/tools/bin/../lib/gcc/arm-none-eabi/4.5.1/../../../../arm-none-eabi/lib/thumb2\libcr_c.a(_fflush.o)
                              f:/nxp/lpcxpresso_4.1.5_219/lpcxpresso/tools/bin/../lib/gcc/arm-none-eabi/4.5.1/../../../../arm-none-eabi/lib/thumb2\libcr_c.a(__fillbuf.o) (_fflush)
f:/nxp/lpcxpresso_4.1.5_219/lpcxpresso/tools/bin/../lib/gcc/arm-none-eabi/4.5.1/../../../../arm-none-eabi/lib/thumb2\libcr_c.a(_frexpl.o)
                              f:/nxp/lpcxpresso_4.1.5_219/lpcxpresso/tools/bin/../lib/gcc/arm-none-eabi/4.5.1/../../../../arm-none-eabi/lib/thumb2\libcr_c.a(scanf.o) (_frexpl)
f:/nxp/lpcxpresso_4.1.5_219/lpcxpresso/tools/bin/../lib/gcc/arm-none-eabi/4.5.1/../../../../arm-none-eabi/lib/thumb2\libcr_c.a(_hugeval.o)
                              f:/nxp/lpcxpresso_4.1.5_219/lpcxpresso/tools/bin/../lib/gcc/arm-none-eabi/4.5.1/../../../../arm-none-eabi/lib/thumb2\libcr_c.a(scanf.o) (__huge_vall)
f:/nxp/lpcxpresso_4.1.5_219/lpcxpresso/tools/bin/../lib/gcc/arm-none-eabi/4.5.1/../../../../arm-none-eabi/lib/thumb2\libcr_c.a(_ldexpl.o)
                              f:/nxp/lpcxpresso_4.1.5_219/lpcxpresso/tools/bin/../lib/gcc/arm-none-eabi/4.5.1/../../../../arm-none-eabi/lib/thumb2\libcr_c.a(scanf.o) (_ldexpl)
f:/nxp/lpcxpresso_4.1.5_219/lpcxpresso/tools/bin/../lib/gcc/arm-none-eabi/4.5.1/../../../../arm-none-eabi/lib/thumb2\libcr_c.a(_writebuf.o)
                              f:/nxp/lpcxpresso_4.1.5_219/lpcxpresso/tools/bin/../lib/gcc/arm-none-eabi/4.5.1/../../../../arm-none-eabi/lib/thumb2\libcr_c.a(_deferredlazyseek.o) (_Cwritebuf)
f:/nxp/lpcxpresso_4.1.5_219/lpcxpresso/tools/bin/../lib/gcc/arm-none-eabi/4.5.1/../../../../arm-none-eabi/lib/thumb2\libcr_c.a(alloc.o)
                              f:/nxp/lpcxpresso_4.1.5_219/lpcxpresso/tools/bin/../lib/gcc/arm-none-eabi/4.5.1/../../../../arm-none-eabi/lib/thumb2\libcr_c.a(__fillbuf.o) (_Csys_alloc)
[...]
Memory Configuration

Name             Origin             Length             Attributes
MFlash512        0x00000000         0x00080000         xr
RamLoc32         0x10000000         0x00008000         xrw
RamAHB32         0x2007c000         0x00008000         xrw
*default*        0x00000000         0xffffffff

Linker script and memory map

LOAD ./src/cr_startup_lpc176x.o
LOAD ./src/httpserver-netconn.o
LOAD ./src/main.o
LOAD ./lwip-1.3.1/src/netif/etharp.o
LOAD ./lwip-1.3.1/src/netif/loopif.o
LOAD ./lwip-1.3.1/src/netif/slipif.o
LOAD ./lwip-1.3.1/src/netif/ppp/chap.o
LOAD ./lwip-1.3.1/src/netif/ppp/md5.o
LOAD ./lwip-1.3.1/src/core/dhcp.o
LOAD ./lwip-1.3.1/src/core/dns.o
LOAD ./lwip-1.3.1/src/core/init.o
LOAD ./lwip-1.3.1/src/core/mem.o
LOAD ./lwip-1.3.1/src/core/memp.o
LOAD ./lwip-1.3.1/src/core/netif.o
LOAD ./lwip-1.3.1/src/core/pbuf.o
LOAD ./lwip-1.3.1/src/core/raw.o
LOAD ./lwip-1.3.1/src/core/stats.o
LOAD ./lwip-1.3.1/src/core/sys.o
LOAD ./lwip-1.3.1/src/core/tcp.o
LOAD ./lwip-1.3.1/src/core/tcp_in.o
LOAD ./lwip-1.3.1/src/core/tcp_out.o
LOAD ./lwip-1.3.1/src/core/udp.o
LOAD ./lwip-1.3.1/src/core/snmp/asn1_dec.o
LOAD ./lwip-1.3.1/src/core/snmp/asn1_enc.o
LOAD ./lwip-1.3.1/src/core/snmp/mib2.o
LOAD ./lwip-1.3.1/src/core/snmp/mib_structs.o
LOAD ./lwip-1.3.1/src/core/snmp/msg_in.o
LOAD ./lwip-1.3.1/src/core/snmp/msg_out.o
LOAD ./lwip-1.3.1/src/core/ipv4/autoip.o
LOAD ./lwip-1.3.1/src/core/ipv4/icmp.o
LOAD ./lwip-1.3.1/src/core/ipv4/igmp.o
LOAD ./lwip-1.3.1/src/core/ipv4/inet.o
LOAD ./lwip-1.3.1/src/core/ipv4/inet_chksum.o
LOAD ./lwip-1.3.1/src/core/ipv4/ip.o
LOAD ./lwip-1.3.1/src/core/ipv4/ip_addr.o
LOAD ./lwip-1.3.1/src/core/ipv4/ip_frag.o
LOAD ./lwip-1.3.1/src/api/api_lib.o
LOAD ./lwip-1.3.1/src/api/api_msg.o
LOAD ./lwip-1.3.1/src/api/err.o
LOAD ./lwip-1.3.1/src/api/netbuf.o
LOAD ./lwip-1.3.1/src/api/netdb.o
LOAD ./lwip-1.3.1/src/api/netifapi.o
LOAD ./lwip-1.3.1/src/api/sockets.o
LOAD ./lwip-1.3.1/src/api/tcpip.o
LOAD ./lwip-1.3.1/port/CoOS/ethernetif/LPC17xx/EMAC.o
LOAD ./lwip-1.3.1/port/CoOS/ethernetif/LPC17xx/ethernetif.o
LOAD ./lwip-1.3.1/port/CoOS/arch/sys_arch.o
LOAD ./lpc17xx_lib/source/gpio.o
LOAD ./lpc17xx_lib/source/lpc17xx_clkpwr.o
LOAD ./lpc17xx_lib/source/uart.o
LOAD ./VS1053/vs1053.o
LOAD ./VS1053/vs_patch.o
LOAD ./CoOS/portable/arch.o
LOAD ./CoOS/portable/GCC/port.o
LOAD ./CoOS/kernel/core.o
LOAD ./CoOS/kernel/event.o
LOAD ./CoOS/kernel/flag.o
LOAD ./CoOS/kernel/hook.o
LOAD ./CoOS/kernel/kernelHeap.o
LOAD ./CoOS/kernel/mbox.o
LOAD ./CoOS/kernel/mm.o
LOAD ./CoOS/kernel/mutex.o
LOAD ./CoOS/kernel/queue.o
LOAD ./CoOS/kernel/sem.o
LOAD ./CoOS/kernel/serviceReq.o
LOAD ./CoOS/kernel/task.o
LOAD ./CoOS/kernel/time.o
LOAD ./CoOS/kernel/timer.o
LOAD ./CoOS/kernel/utility.o
LOAD D:\MyDesigns\LPCXpresso\CMSISv2p00_LPC17xx\Release\libCMSISv2p00_LPC17xx.a
START GROUP
LOAD f:/nxp/lpcxpresso_4.1.5_219/lpcxpresso/tools/bin/../lib/gcc/arm-none-eabi/4.5.1/../../../../arm-none-eabi/lib/thumb2\libcr_c.a
LOAD f:/nxp/lpcxpresso_4.1.5_219/lpcxpresso/tools/bin/../lib/gcc/arm-none-eabi/4.5.1/thumb2\libcr_eabihelpers.a
END GROUP
                0x00080000                __top_MFlash512 = 0x80000
                0x10008000                __top_RamLoc32 = 0x10008000
                0x20084000                __top_RamAHB32 = 0x20084000

.text           0x00000000     0xde88
 FILL mask 0xff
 *(.isr_vector)
 .isr_vector    0x00000000       0xcc ./src/cr_startup_lpc176x.o
                0x00000000                g_pfnVectors
                0x000000cc                . = ALIGN (0x4)
                0x000000cc                __section_table_start = .
                0x000000cc                __data_section_table = .
                0x000000cc        0x4 LONG 0x11e88 LOADADDR (.data)
                0x000000d0        0x4 LONG 0x10000000 ADDR (.data)
                0x000000d4        0x4 LONG 0x18 SIZEOF (.data)
                0x000000d8        0x4 LONG 0xde88 LOADADDR (.data_RAM2)
                0x000000dc        0x4 LONG 0x2007c000 ADDR (.data_RAM2)
                0x000000e0        0x4 LONG 0x4000 SIZEOF (.data_RAM2)
                0x000000e4                __data_section_table_end = .
                0x000000e4                __bss_section_table = .
                0x000000e4        0x4 LONG 0x10000018 ADDR (.bss)
                0x000000e8        0x4 LONG 0x6938 SIZEOF (.bss)
                0x000000ec        0x4 LONG 0x20080000 ADDR (.bss_RAM2)
                0x000000f0        0x4 LONG 0x0 SIZEOF (.bss_RAM2)
                0x000000f4                __bss_section_table_end = .
                0x000000f4                __section_table_end = .
 *(.after_vectors*)
 .after_vectors
                0x000000f4       0x74 ./src/cr_startup_lpc176x.o
                0x000000f4                NMI_Handler
                0x000000f6                HardFault_Handler
                0x000000f8                MemManage_Handler
                0x000000fa                BusFault_Handler
                0x000000fc                UsageFault_Handler
                0x000000fe                SVCall_Handler
                0x00000100                DebugMon_Handler
                0x00000102                data_init
                0x00000114                bss_init
                0x00000124                ResetISR
                0x00000164                EINT2_IRQHandler
                0x00000164                UART1_IRQHandler
                0x00000164                CANActivity_IRQHandler
                0x00000164                TIMER3_IRQHandler
                0x00000164                UART0_IRQHandler
                0x00000164                I2C1_IRQHandler
                0x00000164                RIT_IRQHandler
                0x00000164                I2C0_IRQHandler
                0x00000164                PLL0_IRQHandler
                0x00000164                CAN_IRQHandler
                0x00000164                PWM1_IRQHandler
                0x00000164                SSP0_IRQHandler
                0x00000164                I2S_IRQHandler
                0x00000164                I2C2_IRQHandler
                0x00000164                RTC_IRQHandler
                0x00000164                TIMER0_IRQHandler
                0x00000164                SPI_IRQHandler
                0x00000164                IntDefaultHandler
                0x00000164                EINT1_IRQHandler
                0x00000164                TIMER1_IRQHandler
                0x00000164                ADC_IRQHandler
                0x00000164                SSP1_IRQHandler
                0x00000164                USB_IRQHandler
                0x00000164                BOD_IRQHandler
                0x00000164                TIMER2_IRQHandler
                0x00000164                WDT_IRQHandler
                0x00000164                QEI_IRQHandler
                0x00000164                EINT0_IRQHandler
                0x00000164                USBActivity_IRQHandler
                0x00000164                DMA_IRQHandler
                0x00000164                PLL1_IRQHandler
                0x00000164                UART3_IRQHandler
                0x00000164                MCPWM_IRQHandler
 *(.text*)
 .text.shoutcast
                0x00000168      0x258 ./src/httpserver-netconn.o
                0x00000168                shoutcast
 .text.http_init
                0x000003c0       0x28 ./src/httpserver-netconn.o
                0x000003c0                http_init
 .text.vs_task  0x000003e8        0xe ./src/main.o
                0x000003e8                vs_task
 .text.IamLive  0x000003f6       0x12 ./src/main.o
                0x000003f6                IamLive
 .text.dhcpinit
                0x00000408       0x7c ./src/main.o
                0x00000408                dhcpinit
 .text.lwip_init_task
                0x00000484       0x78 ./src/main.o
                0x00000484                lwip_init_task
 .text.main     0x000004fc       0x88 ./src/main.o
                0x000004fc                main
 .text.etharp_send_ip
                0x00000584       0x34 ./lwip-1.3.1/src/netif/etharp.o
 .text.free_etharp_q
                0x000005b8       0x1e ./lwip-1.3.1/src/netif/etharp.o
 *fill*         0x000005d6        0x2 00
 .text.find_entry
                0x000005d8      0x19c ./lwip-1.3.1/src/netif/etharp.o
 .text.update_arp_entry
                0x00000774       0xd4 ./lwip-1.3.1/src/netif/etharp.o
 .text.etharp_tmr
                0x00000848       0x40 ./lwip-1.3.1/src/netif/etharp.o
                0x00000848                etharp_tmr
 .text.etharp_ip_input
                0x00000888       0x36 ./lwip-1.3.1/src/netif/etharp.o
                0x00000888                etharp_ip_input
 *fill*         0x000008be        0x2 00
 .text.etharp_arp_input
                0x000008c0      0x160 ./lwip-1.3.1/src/netif/etharp.o
                0x000008c0                etharp_arp_input
 .text.etharp_request
                0x00000a20       0xd0 ./lwip-1.3.1/src/netif/etharp.o
                0x00000a20                etharp_request
 .text.etharp_query
                0x00000af0      0x160 ./lwip-1.3.1/src/netif/etharp.o
                0x00000af0                etharp_query
 .text.etharp_output
                0x00000c50      0x120 ./lwip-1.3.1/src/netif/etharp.o
                0x00000c50                etharp_output
 .text.ethernet_input
                0x00000d70       0x6c ./lwip-1.3.1/src/netif/etharp.o
                0x00000d70                ethernet_input
 .text.dhcp_set_state
                0x00000ddc        0xe ./lwip-1.3.1/src/core/dhcp.o
 .text.dhcp_option
                0x00000dea       0x1e ./lwip-1.3.1/src/core/dhcp.o
 .text.dhcp_option_byte
                0x00000e08       0x10 ./lwip-1.3.1/src/core/dhcp.o
 .text.dhcp_option_short
                0x00000e18       0x20 ./lwip-1.3.1/src/core/dhcp.o
 .text.dhcp_option_long
                0x00000e38       0x3c ./lwip-1.3.1/src/core/dhcp.o
 .text.dhcp_option_trailer
                0x00000e74       0x28 ./lwip-1.3.1/src/core/dhcp.o
 .text.dhcp_get_option_ptr
                0x00000e9c       0x92 ./lwip-1.3.1/src/core/dhcp.o
 .text.dhcp_get_option_long
                0x00000f2e       0x1a ./lwip-1.3.1/src/core/dhcp.o
 .text.dhcp_delete_request
                0x00000f48       0x18 ./lwip-1.3.1/src/core/dhcp.o
 .text.dhcp_free_reply
                0x00000f60       0x20 ./lwip-1.3.1/src/core/dhcp.o
 .text.dhcp_create_request
                0x00000f80      0x138 ./lwip-1.3.1/src/core/dhcp.o
 .text.dhcp_discover
                0x000010b8       0xe8 ./lwip-1.3.1/src/core/dhcp.o
 .text.dhcp_rebind
                0x000011a0       0xa4 ./lwip-1.3.1/src/core/dhcp.o
 .text.dhcp_select
                0x00001244      0x100 ./lwip-1.3.1/src/core/dhcp.o
 .text.dhcp_check
                0x00001344       0x26 ./lwip-1.3.1/src/core/dhcp.o
 *fill*         0x0000136a        0x2 00
 .text.dhcp_bind
                0x0000136c       0xc4 ./lwip-1.3.1/src/core/dhcp.o
 .text.dhcp_recv
                0x00001430      0x29c ./lwip-1.3.1/src/core/dhcp.o
 .text.dhcp_arp_reply
                0x000016cc       0xac ./lwip-1.3.1/src/core/dhcp.o
                0x000016cc                dhcp_arp_reply
 .text.dhcp_renew
                0x00001778       0x9e ./lwip-1.3.1/src/core/dhcp.o
                0x00001778                dhcp_renew
 *fill*         0x00001816        0x2 00
 .text.dhcp_coarse_tmr
                0x00001818       0x58 ./lwip-1.3.1/src/core/dhcp.o
                0x00001818                dhcp_coarse_tmr
 .text.dhcp_release
                0x00001870       0xc4 ./lwip-1.3.1/src/core/dhcp.o
                0x00001870                dhcp_release
 .text.dhcp_fine_tmr
                0x00001934       0x8c ./lwip-1.3.1/src/core/dhcp.o
                0x00001934                dhcp_fine_tmr
 .text.dhcp_stop
                0x000019c0       0x3e ./lwip-1.3.1/src/core/dhcp.o
                0x000019c0                dhcp_stop
 *fill*         0x000019fe        0x2 00
 .text.dhcp_start
                0x00001a00       0xac ./lwip-1.3.1/src/core/dhcp.o
                0x00001a00                dhcp_start
 .text.lwip_init
                0x00001aac       0x12 ./lwip-1.3.1/src/core/init.o
                0x00001aac                lwip_init
 *fill*         0x00001abe        0x2 00
 .text.mem_init
                0x00001ac0       0x5c ./lwip-1.3.1/src/core/mem.o
                0x00001ac0                mem_init
 .text.mem_free
                0x00001b1c       0xe4 ./lwip-1.3.1/src/core/mem.o
                0x00001b1c                mem_free
 .text.mem_realloc
                0x00001c00      0x10c ./lwip-1.3.1/src/core/mem.o
                0x00001c00                mem_realloc
 .text.mem_malloc
                0x00001d0c      0x134 ./lwip-1.3.1/src/core/mem.o
                0x00001d0c                mem_malloc
 .text.memp_init
                0x00001e40       0x70 ./lwip-1.3.1/src/core/memp.o
                0x00001e40                memp_init
 .text.memp_malloc
                0x00001eb0       0x60 ./lwip-1.3.1/src/core/memp.o
                0x00001eb0                memp_malloc
 .text.memp_free
                0x00001f10       0x68 ./lwip-1.3.1/src/core/memp.o
                0x00001f10                memp_free
 .text.netif_set_ipaddr
                0x00001f78       0x88 ./lwip-1.3.1/src/core/netif.o
                0x00001f78                netif_set_ipaddr
 .text.netif_set_gw
                0x00002000       0x1a ./lwip-1.3.1/src/core/netif.o
                0x00002000                netif_set_gw
 .text.netif_set_netmask
                0x0000201a       0x1a ./lwip-1.3.1/src/core/netif.o
                0x0000201a                netif_set_netmask
 .text.netif_set_addr
                0x00002034       0x20 ./lwip-1.3.1/src/core/netif.o
                0x00002034                netif_set_addr
 .text.netif_add
                0x00002054       0x4c ./lwip-1.3.1/src/core/netif.o
                0x00002054                netif_add
 .text.netif_set_default
                0x000020a0        0xc ./lwip-1.3.1/src/core/netif.o
                0x000020a0                netif_set_default
 .text.netif_set_up
                0x000020ac       0x20 ./lwip-1.3.1/src/core/netif.o
                0x000020ac                netif_set_up
 .text.netif_set_down
                0x000020cc       0x14 ./lwip-1.3.1/src/core/netif.o
                0x000020cc                netif_set_down
 .text.netif_is_up
                0x000020e0        0xa ./lwip-1.3.1/src/core/netif.o
                0x000020e0                netif_is_up
 *fill*         0x000020ea        0x2 00
 .text.alloc_pool_pbuf
                0x000020ec       0x2c ./lwip-1.3.1/src/core/pbuf.o
 .text.pbuf_header
                0x00002118       0x6a ./lwip-1.3.1/src/core/pbuf.o
                0x00002118                pbuf_header
 .text.pbuf_free
                0x00002182       0x52 ./lwip-1.3.1/src/core/pbuf.o
                0x00002182                pbuf_free
 .text.pbuf_realloc
                0x000021d4       0x4c ./lwip-1.3.1/src/core/pbuf.o
                0x000021d4                pbuf_realloc
 .text.pbuf_alloc
                0x00002220      0x10a ./lwip-1.3.1/src/core/pbuf.o
                0x00002220                pbuf_alloc
 .text.pbuf_clen
                0x0000232a       0x12 ./lwip-1.3.1/src/core/pbuf.o
                0x0000232a                pbuf_clen
 .text.pbuf_ref
                0x0000233c       0x1a ./lwip-1.3.1/src/core/pbuf.o
                0x0000233c                pbuf_ref
 .text.pbuf_cat
                0x00002356       0x22 ./lwip-1.3.1/src/core/pbuf.o
                0x00002356                pbuf_cat
 .text.pbuf_chain
                0x00002378       0x12 ./lwip-1.3.1/src/core/pbuf.o
                0x00002378                pbuf_chain
 .text.pbuf_copy
                0x0000238a       0x8c ./lwip-1.3.1/src/core/pbuf.o
                0x0000238a                pbuf_copy
 .text.pbuf_copy_partial
                0x00002416       0x6e ./lwip-1.3.1/src/core/pbuf.o
                0x00002416                pbuf_copy_partial
 .text.raw_input
                0x00002484       0x78 ./lwip-1.3.1/src/core/raw.o
                0x00002484                raw_input
 .text.raw_bind
                0x000024fc       0x1c ./lwip-1.3.1/src/core/raw.o
                0x000024fc                raw_bind
 .text.raw_connect
                0x00002518       0x1c ./lwip-1.3.1/src/core/raw.o
                0x00002518                raw_connect
 .text.raw_recv
                0x00002534        0x6 ./lwip-1.3.1/src/core/raw.o
                0x00002534                raw_recv
 *fill*         0x0000253a        0x2 00
 .text.raw_remove
                0x0000253c       0x2c ./lwip-1.3.1/src/core/raw.o
                0x0000253c                raw_remove
 .text.raw_new  0x00002568       0x2c ./lwip-1.3.1/src/core/raw.o
                0x00002568                raw_new
 .text.sys_mbox_fetch
                0x00002594       0x66 ./lwip-1.3.1/src/core/sys.o
                0x00002594                sys_mbox_fetch
 .text.sys_timeout
                0x000025fa       0x60 ./lwip-1.3.1/src/core/sys.o
                0x000025fa                sys_timeout
 .text.sys_untimeout
                0x0000265a       0x52 ./lwip-1.3.1/src/core/sys.o
                0x0000265a                sys_untimeout
 .text.tcp_new_port
                0x000026ac       0x68 ./lwip-1.3.1/src/core/tcp.o
 .text.tcp_bind
                0x00002714      0x134 ./lwip-1.3.1/src/core/tcp.o
                0x00002714                tcp_bind
 .text.tcp_update_rcv_ann_wnd
                0x00002848       0x30 ./lwip-1.3.1/src/core/tcp.o
                0x00002848                tcp_update_rcv_ann_wnd
 .text.tcp_recved
                0x00002878       0x3a ./lwip-1.3.1/src/core/tcp.o
                0x00002878                tcp_recved
 *fill*         0x000028b2        0x2 00
 .text.tcp_fasttmr
                0x000028b4       0x5c ./lwip-1.3.1/src/core/tcp.o
                0x000028b4                tcp_fasttmr
 .text.tcp_seg_free
                0x00002910       0x28 ./lwip-1.3.1/src/core/tcp.o
                0x00002910                tcp_seg_free
 .text.tcp_segs_free
                0x00002938       0x1a ./lwip-1.3.1/src/core/tcp.o
                0x00002938                tcp_segs_free
 .text.tcp_seg_copy
                0x00002952       0x20 ./lwip-1.3.1/src/core/tcp.o
                0x00002952                tcp_seg_copy
 .text.tcp_arg  0x00002972        0x4 ./lwip-1.3.1/src/core/tcp.o
                0x00002972                tcp_arg
 .text.tcp_recv
                0x00002976        0x6 ./lwip-1.3.1/src/core/tcp.o
                0x00002976                tcp_recv
 .text.tcp_sent
                0x0000297c        0x6 ./lwip-1.3.1/src/core/tcp.o
                0x0000297c                tcp_sent
 .text.tcp_err  0x00002982        0x6 ./lwip-1.3.1/src/core/tcp.o
                0x00002982                tcp_err
 .text.tcp_accept
                0x00002988        0x4 ./lwip-1.3.1/src/core/tcp.o
                0x00002988                tcp_accept
 .text.tcp_poll
                0x0000298c        0xa ./lwip-1.3.1/src/core/tcp.o
                0x0000298c                tcp_poll
 .text.tcp_pcb_purge
                0x00002996       0x42 ./lwip-1.3.1/src/core/tcp.o
                0x00002996                tcp_pcb_purge
 .text.tcp_next_iss
                0x000029d8       0x18 ./lwip-1.3.1/src/core/tcp.o
                0x000029d8                tcp_next_iss
 .text.tcp_eff_send_mss
                0x000029f0       0x1e ./lwip-1.3.1/src/core/tcp.o
                0x000029f0                tcp_eff_send_mss
 *fill*         0x00002a0e        0x2 00
 .text.tcp_connect
                0x00002a10       0xe0 ./lwip-1.3.1/src/core/tcp.o
                0x00002a10                tcp_connect
 .text.tcp_debug_print
                0x00002af0        0xc ./lwip-1.3.1/src/core/tcp.o
                0x00002af0                tcp_debug_print
 .text.tcp_pcbs_sane
                0x00002afc       0x24 ./lwip-1.3.1/src/core/tcp.o
                0x00002afc                tcp_pcbs_sane
 .text.tcp_pcb_remove
                0x00002b20       0x70 ./lwip-1.3.1/src/core/tcp.o
                0x00002b20                tcp_pcb_remove
 .text.tcp_abandon
                0x00002b90       0x98 ./lwip-1.3.1/src/core/tcp.o
                0x00002b90                tcp_abandon
 .text.tcp_alloc
                0x00002c28      0x10c ./lwip-1.3.1/src/core/tcp.o
                0x00002c28                tcp_alloc
 .text.tcp_new  0x00002d34        0x6 ./lwip-1.3.1/src/core/tcp.o
                0x00002d34                tcp_new
 *fill*         0x00002d3a        0x2 00
 .text.tcp_slowtmr
                0x00002d3c      0x23c ./lwip-1.3.1/src/core/tcp.o
                0x00002d3c                tcp_slowtmr
 .text.tcp_tmr  0x00002f78       0x24 ./lwip-1.3.1/src/core/tcp.o
                0x00002f78                tcp_tmr
 .text.tcp_close
                0x00002f9c       0xb0 ./lwip-1.3.1/src/core/tcp.o
                0x00002f9c                tcp_close
 .text.tcp_recv_null
                0x0000304c       0x1c ./lwip-1.3.1/src/core/tcp.o
 .text.tcp_receive
                0x00003068      0x95c ./lwip-1.3.1/src/core/tcp_in.o
 .text.tcp_parseopt.clone.0
                0x000039c4       0x90 ./lwip-1.3.1/src/core/tcp_in.o
 .text.tcp_input
                0x00003a54      0xa80 ./lwip-1.3.1/src/core/tcp_in.o
                0x00003a54                tcp_input
 .text.tcp_output_set_header.clone.0.clone.1
                0x000044d4       0xa4 ./lwip-1.3.1/src/core/tcp_out.o
 .text.tcp_enqueue
                0x00004578      0x3dc ./lwip-1.3.1/src/core/tcp_out.o
                0x00004578                tcp_enqueue
 .text.tcp_write
                0x00004954       0x2c ./lwip-1.3.1/src/core/tcp_out.o
                0x00004954                tcp_write
 .text.tcp_send_ctrl
                0x00004980       0x14 ./lwip-1.3.1/src/core/tcp_out.o
                0x00004980                tcp_send_ctrl
 .text.tcp_output
                0x00004994      0x3d4 ./lwip-1.3.1/src/core/tcp_out.o
                0x00004994                tcp_output
 .text.tcp_rst  0x00004d68      0x108 ./lwip-1.3.1/src/core/tcp_out.o
                0x00004d68                tcp_rst
 .text.tcp_rexmit_rto
                0x00004e70       0x30 ./lwip-1.3.1/src/core/tcp_out.o
                0x00004e70                tcp_rexmit_rto
 .text.tcp_rexmit
                0x00004ea0       0x7a ./lwip-1.3.1/src/core/tcp_out.o
                0x00004ea0                tcp_rexmit
 *fill*         0x00004f1a        0x2 00
 .text.tcp_keepalive
                0x00004f1c       0x74 ./lwip-1.3.1/src/core/tcp_out.o
                0x00004f1c                tcp_keepalive
 .text.tcp_zero_window_probe
                0x00004f90       0x94 ./lwip-1.3.1/src/core/tcp_out.o
                0x00004f90                tcp_zero_window_probe
 .text.udp_input
                0x00005024      0x27c ./lwip-1.3.1/src/core/udp.o
                0x00005024                udp_input
 .text.udp_bind
                0x000052a0       0x6c ./lwip-1.3.1/src/core/udp.o
                0x000052a0                udp_bind
 .text.udp_sendto_if
                0x0000530c      0x104 ./lwip-1.3.1/src/core/udp.o
                0x0000530c                udp_sendto_if
 .text.udp_connect
                0x00005410       0x58 ./lwip-1.3.1/src/core/udp.o
                0x00005410                udp_connect
 .text.udp_recv
                0x00005468        0x6 ./lwip-1.3.1/src/core/udp.o
                0x00005468                udp_recv
 *fill*         0x0000546e        0x2 00
 .text.udp_remove
                0x00005470       0x2c ./lwip-1.3.1/src/core/udp.o
                0x00005470                udp_remove
 .text.udp_new  0x0000549c       0x1c ./lwip-1.3.1/src/core/udp.o
                0x0000549c                udp_new
 .text.icmp_input
                0x000054b8      0x2b4 ./lwip-1.3.1/src/core/ipv4/icmp.o
                0x000054b8                icmp_input
 .text.icmp_dest_unreach
                0x0000576c       0x84 ./lwip-1.3.1/src/core/ipv4/icmp.o
                0x0000576c                icmp_dest_unreach
 .text.htons    0x000057f0        0xa ./lwip-1.3.1/src/core/ipv4/inet.o
                0x000057f0                htons
 .text.ntohs    0x000057fa        0x4 ./lwip-1.3.1/src/core/ipv4/inet.o
                0x000057fa                ntohs
 .text.htonl    0x000057fe        0x4 ./lwip-1.3.1/src/core/ipv4/inet.o
                0x000057fe                htonl
 .text.ntohl    0x00005802        0x4 ./lwip-1.3.1/src/core/ipv4/inet.o
                0x00005802                ntohl
 .text.lwip_standard_chksum
                0x00005806       0x4a ./lwip-1.3.1/src/core/ipv4/inet_chksum.o
 .text.inet_chksum_pseudo
                0x00005850       0xb8 ./lwip-1.3.1/src/core/ipv4/inet_chksum.o
                0x00005850                inet_chksum_pseudo
 .text.inet_chksum
                0x00005908        0xc ./lwip-1.3.1/src/core/ipv4/inet_chksum.o
                0x00005908                inet_chksum
 .text.inet_chksum_pbuf
                0x00005914       0x4e ./lwip-1.3.1/src/core/ipv4/inet_chksum.o
                0x00005914                inet_chksum_pbuf
 *fill*         0x00005962        0x2 00
 .text.ip_route
                0x00005964       0x60 ./lwip-1.3.1/src/core/ipv4/ip.o
                0x00005964                ip_route
 .text.ip_input
                0x000059c4      0x264 ./lwip-1.3.1/src/core/ipv4/ip.o
                0x000059c4                ip_input
 .text.ip_output_if
                0x00005c28      0x16c ./lwip-1.3.1/src/core/ipv4/ip.o
                0x00005c28                ip_output_if
 .text.ip_output
                0x00005d94       0x4c ./lwip-1.3.1/src/core/ipv4/ip.o
                0x00005d94                ip_output
 .text.ip_addr_isbroadcast
                0x00005de0       0x50 ./lwip-1.3.1/src/core/ipv4/ip_addr.o
                0x00005de0                ip_addr_isbroadcast
 .text.netconn_new_with_proto_and_callback
                0x00005e30       0x48 ./lwip-1.3.1/src/api/api_lib.o
                0x00005e30                netconn_new_with_proto_and_callback
 .text.netconn_delete
                0x00005e78       0x28 ./lwip-1.3.1/src/api/api_lib.o
                0x00005e78                netconn_delete
 .text.netconn_bind
                0x00005ea0       0x2c ./lwip-1.3.1/src/api/api_lib.o
                0x00005ea0                netconn_bind
 .text.netconn_connect
                0x00005ecc       0x2c ./lwip-1.3.1/src/api/api_lib.o
                0x00005ecc                netconn_connect
 .text.netconn_recv
                0x00005ef8      0x100 ./lwip-1.3.1/src/api/api_lib.o
                0x00005ef8                netconn_recv
 .text.netconn_write
                0x00005ff8       0x38 ./lwip-1.3.1/src/api/api_lib.o
                0x00005ff8                netconn_write
 .text.netconn_close
                0x00006030       0x24 ./lwip-1.3.1/src/api/api_lib.o
                0x00006030                netconn_close
 .text.setup_tcp
                0x00006054       0x44 ./lwip-1.3.1/src/api/api_msg.o
 .text.do_connected
                0x00006098       0x26 ./lwip-1.3.1/src/api/api_msg.o
 *fill*         0x000060be        0x2 00
 .text.do_close_internal
                0x000060c0       0xa8 ./lwip-1.3.1/src/api/api_msg.o
 .text.err_tcp  0x00006168       0x68 ./lwip-1.3.1/src/api/api_msg.o
 .text.do_writemore
                0x000061d0       0xb4 ./lwip-1.3.1/src/api/api_msg.o
 .text.poll_tcp
                0x00006284       0x1a ./lwip-1.3.1/src/api/api_msg.o
 .text.sent_tcp
                0x0000629e       0x3a ./lwip-1.3.1/src/api/api_msg.o
 .text.recv_tcp
                0x000062d8       0x4c ./lwip-1.3.1/src/api/api_msg.o
 .text.recv_udp
                0x00006324       0x6a ./lwip-1.3.1/src/api/api_msg.o
 .text.recv_raw
                0x0000638e       0x80 ./lwip-1.3.1/src/api/api_msg.o
 *fill*         0x0000640e        0x2 00
 .text.do_newconn
                0x00006410       0x98 ./lwip-1.3.1/src/api/api_msg.o
                0x00006410                do_newconn
 .text.netconn_alloc
                0x000064a8       0x60 ./lwip-1.3.1/src/api/api_msg.o
                0x000064a8                netconn_alloc
 .text.netconn_free
                0x00006508       0x74 ./lwip-1.3.1/src/api/api_msg.o
                0x00006508                netconn_free
 .text.do_delconn
                0x0000657c       0x68 ./lwip-1.3.1/src/api/api_msg.o
                0x0000657c                do_delconn
 .text.do_bind  0x000065e4       0x56 ./lwip-1.3.1/src/api/api_msg.o
                0x000065e4                do_bind
 *fill*         0x0000663a        0x2 00
 .text.do_connect
                0x0000663c       0x60 ./lwip-1.3.1/src/api/api_msg.o
                0x0000663c                do_connect
 .text.do_recv  0x0000669c       0x2c ./lwip-1.3.1/src/api/api_msg.o
                0x0000669c                do_recv
 .text.do_write
                0x000066c8       0x32 ./lwip-1.3.1/src/api/api_msg.o
                0x000066c8                do_write
 .text.do_close
                0x000066fa       0x22 ./lwip-1.3.1/src/api/api_msg.o
                0x000066fa                do_close
 .text.netbuf_delete
                0x0000671c       0x22 ./lwip-1.3.1/src/api/netbuf.o
                0x0000671c                netbuf_delete
 *fill*         0x0000673e        0x2 00
 .text.tcpip_thread
                0x00006740       0xb4 ./lwip-1.3.1/src/api/tcpip.o
 .text.dhcp_timer_fine
                0x000067f4       0x1c ./lwip-1.3.1/src/api/tcpip.o
 .text.dhcp_timer_coarse
                0x00006810       0x1c ./lwip-1.3.1/src/api/tcpip.o
 .text.arp_timer
                0x0000682c       0x1c ./lwip-1.3.1/src/api/tcpip.o
 .text.tcpip_tcp_timer
                0x00006848       0x38 ./lwip-1.3.1/src/api/tcpip.o
 .text.tcp_timer_needed
                0x00006880       0x34 ./lwip-1.3.1/src/api/tcpip.o
                0x00006880                tcp_timer_needed
 .text.tcpip_input
                0x000068b4       0x44 ./lwip-1.3.1/src/api/tcpip.o
                0x000068b4                tcpip_input
 .text.tcpip_apimsg
                0x000068f8       0x34 ./lwip-1.3.1/src/api/tcpip.o
                0x000068f8                tcpip_apimsg
 .text.tcpip_init
                0x0000692c       0x48 ./lwip-1.3.1/src/api/tcpip.o
                0x0000692c                tcpip_init
 .text.ENET_IRQHandler
                0x00006974       0x60 ./lwip-1.3.1/port/CoOS/ethernetif/LPC17xx/EMAC.o
                0x00006974                ENET_IRQHandler
 .text.write_PHY
                0x000069d4       0x22 ./lwip-1.3.1/port/CoOS/ethernetif/LPC17xx/EMAC.o
                0x000069d4                write_PHY
 .text.read_PHY
                0x000069f6       0x2c ./lwip-1.3.1/port/CoOS/ethernetif/LPC17xx/EMAC.o
                0x000069f6                read_PHY
 *fill*         0x00006a22        0x2 00
 .text.rx_descr_init
                0x00006a24       0x84 ./lwip-1.3.1/port/CoOS/ethernetif/LPC17xx/EMAC.o
                0x00006a24                rx_descr_init
 .text.tx_descr_init
                0x00006aa8       0x60 ./lwip-1.3.1/port/CoOS/ethernetif/LPC17xx/EMAC.o
                0x00006aa8                tx_descr_init
 .text.Init_EMAC
                0x00006b08      0x15c ./lwip-1.3.1/port/CoOS/ethernetif/LPC17xx/EMAC.o
                0x00006b08                Init_EMAC
 .text.ReadFrame_EMAC
                0x00006c64       0x10 ./lwip-1.3.1/port/CoOS/ethernetif/LPC17xx/EMAC.o
                0x00006c64                ReadFrame_EMAC
 .text.CopyFromFrame_EMAC
                0x00006c74       0x2e ./lwip-1.3.1/port/CoOS/ethernetif/LPC17xx/EMAC.o
                0x00006c74                CopyFromFrame_EMAC
 *fill*         0x00006ca2        0x2 00
 .text.StartReadFrame
                0x00006ca4       0x34 ./lwip-1.3.1/port/CoOS/ethernetif/LPC17xx/EMAC.o
                0x00006ca4                StartReadFrame
 .text.EndReadFrame
                0x00006cd8       0x16 ./lwip-1.3.1/port/CoOS/ethernetif/LPC17xx/EMAC.o
                0x00006cd8                EndReadFrame
 *fill*         0x00006cee        0x2 00
 .text.RequestSend
                0x00006cf0       0x2c ./lwip-1.3.1/port/CoOS/ethernetif/LPC17xx/EMAC.o
                0x00006cf0                RequestSend
 .text.WriteFrame_EMAC
                0x00006d1c       0x10 ./lwip-1.3.1/port/CoOS/ethernetif/LPC17xx/EMAC.o
                0x00006d1c                WriteFrame_EMAC
 .text.CopyToFrame_EMAC_Start
                0x00006d2c       0x20 ./lwip-1.3.1/port/CoOS/ethernetif/LPC17xx/EMAC.o
                0x00006d2c                CopyToFrame_EMAC_Start
 .text.CopyToFrame_EMAC_End
                0x00006d4c       0x16 ./lwip-1.3.1/port/CoOS/ethernetif/LPC17xx/EMAC.o
                0x00006d4c                CopyToFrame_EMAC_End
 *fill*         0x00006d62        0x2 00
 .text.low_level_output
                0x00006d64       0x58 ./lwip-1.3.1/port/CoOS/ethernetif/LPC17xx/ethernetif.o
 .text.ethernetif_input
                0x00006dbc       0xa0 ./lwip-1.3.1/port/CoOS/ethernetif/LPC17xx/ethernetif.o
                0x00006dbc                ethernetif_input
 .text.ethernetif_init
                0x00006e5c       0xb4 ./lwip-1.3.1/port/CoOS/ethernetif/LPC17xx/ethernetif.o
                0x00006e5c                ethernetif_init
 .text.sys_mbox_new
                0x00006f10       0x38 ./lwip-1.3.1/port/CoOS/arch/sys_arch.o
                0x00006f10                sys_mbox_new
 .text.sys_mbox_free
                0x00006f48       0x2c ./lwip-1.3.1/port/CoOS/arch/sys_arch.o
                0x00006f48                sys_mbox_free
 .text.sys_mbox_post
                0x00006f74        0x4 ./lwip-1.3.1/port/CoOS/arch/sys_arch.o
                0x00006f74                sys_mbox_post
 .text.sys_mbox_trypost
                0x00006f78       0x20 ./lwip-1.3.1/port/CoOS/arch/sys_arch.o
                0x00006f78                sys_mbox_trypost
 .text.sys_arch_mbox_fetch
                0x00006f98       0x5a ./lwip-1.3.1/port/CoOS/arch/sys_arch.o
                0x00006f98                sys_arch_mbox_fetch
 .text.sys_arch_mbox_tryfetch
                0x00006ff2       0x2c ./lwip-1.3.1/port/CoOS/arch/sys_arch.o
                0x00006ff2                sys_arch_mbox_tryfetch
 .text.sys_sem_new
                0x0000701e        0xa ./lwip-1.3.1/port/CoOS/arch/sys_arch.o
                0x0000701e                sys_sem_new
 .text.sys_arch_sem_wait
                0x00007028       0x4e ./lwip-1.3.1/port/CoOS/arch/sys_arch.o
                0x00007028                sys_arch_sem_wait
 .text.sys_sem_signal
                0x00007076        0x4 ./lwip-1.3.1/port/CoOS/arch/sys_arch.o
                0x00007076                sys_sem_signal
 .text.sys_sem_free
                0x0000707a        0x6 ./lwip-1.3.1/port/CoOS/arch/sys_arch.o
                0x0000707a                sys_sem_free
 .text.sys_init
                0x00007080       0x34 ./lwip-1.3.1/port/CoOS/arch/sys_arch.o
                0x00007080                sys_init
 .text.sys_arch_timeouts
                0x000070b4       0x54 ./lwip-1.3.1/port/CoOS/arch/sys_arch.o
                0x000070b4                sys_arch_timeouts
 .text.sys_thread_new
                0x00007108       0x3c ./lwip-1.3.1/port/CoOS/arch/sys_arch.o
                0x00007108                sys_thread_new
 .text.sys_arch_protect
                0x00007144        0x4 ./lwip-1.3.1/port/CoOS/arch/sys_arch.o
                0x00007144                sys_arch_protect
 .text.sys_arch_unprotect
                0x00007148        0x2 ./lwip-1.3.1/port/CoOS/arch/sys_arch.o
                0x00007148                sys_arch_unprotect
 *fill*         0x0000714a        0x2 00
 .text.LED_Config
                0x0000714c       0x30 ./lpc17xx_lib/source/gpio.o
                0x0000714c                LED_Config
 .text.LED_On   0x0000717c       0x14 ./lpc17xx_lib/source/gpio.o
                0x0000717c                LED_On
 .text.LED_Toggle
                0x00007190       0x14 ./lpc17xx_lib/source/gpio.o
                0x00007190                LED_Toggle
 .text.BUTTON_Config
                0x000071a4       0x2c ./lpc17xx_lib/source/gpio.o
                0x000071a4                BUTTON_Config
 .text.UART2_Config
                0x000071d0       0x98 ./lpc17xx_lib/source/uart.o
                0x000071d0                UART2_Config
 .text.UART_PrintChar
                0x00007268       0x14 ./lpc17xx_lib/source/uart.o
                0x00007268                UART_PrintChar
 .text.UART_PrintStr
                0x0000727c       0x1e ./lpc17xx_lib/source/uart.o
                0x0000727c                UART_PrintStr
 *fill*         0x0000729a        0x2 00
 .text.UART2_IRQHandler
                0x0000729c       0x18 ./lpc17xx_lib/source/uart.o
                0x0000729c                UART2_IRQHandler
 .text.SPI_Config
                0x000072b4       0x80 ./VS1053/vs1053.o
                0x000072b4                SPI_Config
 .text.vs_spi_write
                0x00007334       0x18 ./VS1053/vs1053.o
                0x00007334                vs_spi_write
 .text.vs_write_reg
                0x0000734c       0x48 ./VS1053/vs1053.o
                0x0000734c                vs_write_reg
 .text.vs_read_reg
                0x00007394       0x50 ./VS1053/vs1053.o
                0x00007394                vs_read_reg
 .text.vs_write_patch
                0x000073e4       0x20 ./VS1053/vs1053.o
                0x000073e4                vs_write_patch
 .text.vs_init  0x00007404       0x54 ./VS1053/vs1053.o
                0x00007404                vs_init
 .text.EINT3_IRQHandler
                0x00007458       0x28 ./VS1053/vs1053.o
                0x00007458                EINT3_IRQHandler
 .text.vs_bufputs
                0x00007480       0x30 ./VS1053/vs1053.o
                0x00007480                vs_bufputs
 .text.vs_buflen
                0x000074b0       0x24 ./VS1053/vs1053.o
                0x000074b0                vs_buflen
 .text.vs_buffree
                0x000074d4        0xc ./VS1053/vs1053.o
                0x000074d4                vs_buffree
 .text.VS_feed  0x000074e0       0x5c ./VS1053/vs1053.o
                0x000074e0                VS_feed
 .text.InitTaskContext
                0x0000753c       0x22 ./CoOS/portable/arch.o
                0x0000753c                InitTaskContext
 *fill*         0x0000755e        0x2 00
 .text.SysTick_Handler
                0x00007560       0x74 ./CoOS/portable/arch.o
                0x00007560                SysTick_Handler
 .text.Inc8     0x000075d4       0x1a ./CoOS/portable/GCC/port.o
                0x000075d4                Inc8
 .text.Dec8     0x000075ee       0x16 ./CoOS/portable/GCC/port.o
                0x000075ee                Dec8
 .text.SetEnvironment
                0x00007604        0xa ./CoOS/portable/GCC/port.o
                0x00007604                SetEnvironment
 *fill*         0x0000760e        0x2 00
 .text.SwitchContext
                0x00007610       0x14 ./CoOS/portable/GCC/port.o
                0x00007610                SwitchContext
 .text.PendSV_Handler
                0x00007624       0x3c ./CoOS/portable/GCC/port.o
                0x00007624                PendSV_Handler
 .text.CoEnterISR
                0x00007660        0xc ./CoOS/kernel/core.o
                0x00007660                CoEnterISR
 .text.CoExitISR
                0x0000766c       0x38 ./CoOS/kernel/core.o
                0x0000766c                CoExitISR
 .text.OsSchedUnlock
                0x000076a4       0x3c ./CoOS/kernel/core.o
                0x000076a4                OsSchedUnlock
 .text.CoInitOS
                0x000076e0       0x70 ./CoOS/kernel/core.o
                0x000076e0                CoInitOS
 .text.CoStartOS
                0x00007750       0x28 ./CoOS/kernel/core.o
                0x00007750                CoStartOS
 .text.ReleaseECB
                0x00007778       0x28 ./CoOS/kernel/event.o
 .text.CreateEventList
                0x000077a0       0x50 ./CoOS/kernel/event.o
                0x000077a0                CreateEventList
 .text.CreatEvent
                0x000077f0       0x44 ./CoOS/kernel/event.o
                0x000077f0                CreatEvent
 .text.DeleteEvent
                0x00007834       0x5c ./CoOS/kernel/event.o
                0x00007834                DeleteEvent
 .text.EventTaskToWait
                0x00007890       0x7c ./CoOS/kernel/event.o
                0x00007890                EventTaskToWait
 .text.EventTaskToRdy
                0x0000790c       0x98 ./CoOS/kernel/event.o
                0x0000790c                EventTaskToRdy
 .text.RemoveEventWaittingList
                0x000079a4       0x44 ./CoOS/kernel/event.o
                0x000079a4                RemoveEventWaittingList
 .text.RemoveLinkNode
                0x000079e8       0x30 ./CoOS/kernel/flag.o
                0x000079e8                RemoveLinkNode
 .text.RemoveFromLink
                0x00007a18       0x3c ./CoOS/kernel/flag.o
 .text.CoSetFlag
                0x00007a54       0x74 ./CoOS/kernel/flag.o
                0x00007a54                CoSetFlag
 .text.CoIdleTask
                0x00007ac8        0x2 ./CoOS/kernel/hook.o
                0x00007ac8                CoIdleTask
 .text.CoStkOverflowHook
                0x00007aca        0x2 ./CoOS/kernel/hook.o
                0x00007aca                CoStkOverflowHook
 .text.CoCreateKheap
                0x00007acc       0x28 ./CoOS/kernel/kernelHeap.o
                0x00007acc                CoCreateKheap
 .text.CoPostMail
                0x00007af4       0x44 ./CoOS/kernel/mbox.o
                0x00007af4                CoPostMail
 .text.CoCreateMemPartition
                0x00007b38       0x88 ./CoOS/kernel/mm.o
                0x00007b38                CoCreateMemPartition
 .text.CoGetMemoryBuffer
                0x00007bc0       0x44 ./CoOS/kernel/mm.o
                0x00007bc0                CoGetMemoryBuffer
 .text.CoFreeMemoryBuffer
                0x00007c04       0x6c ./CoOS/kernel/mm.o
                0x00007c04                CoFreeMemoryBuffer
 .text.CoCreateQueue
                0x00007c70       0x88 ./CoOS/kernel/queue.o
                0x00007c70                CoCreateQueue
 .text.CoDelQueue
                0x00007cf8       0x50 ./CoOS/kernel/queue.o
                0x00007cf8                CoDelQueue
 .text.CoAcceptQueueMail
                0x00007d48       0x6c ./CoOS/kernel/queue.o
                0x00007d48                CoAcceptQueueMail
 .text.CoPendQueueMail
                0x00007db4       0xa8 ./CoOS/kernel/queue.o
                0x00007db4                CoPendQueueMail
 .text.CoPostQueueMail
                0x00007e5c       0x64 ./CoOS/kernel/queue.o
                0x00007e5c                CoPostQueueMail
 .text.CoCreateSem
                0x00007ec0       0x2e ./CoOS/kernel/sem.o
                0x00007ec0                CoCreateSem
 *fill*         0x00007eee        0x2 00
 .text.CoDelSem
                0x00007ef0       0x20 ./CoOS/kernel/sem.o
                0x00007ef0                CoDelSem
 .text.CoPendSem
                0x00007f10       0x84 ./CoOS/kernel/sem.o
                0x00007f10                CoPendSem
 .text.CoPostSem
                0x00007f94       0x48 ./CoOS/kernel/sem.o
                0x00007f94                CoPostSem
 .text.isr_PostSem
                0x00007fdc       0x28 ./CoOS/kernel/sem.o
                0x00007fdc                isr_PostSem
 .text.InsertInSRQ
                0x00008004       0x34 ./CoOS/kernel/serviceReq.o
                0x00008004                InsertInSRQ
 .text.RespondSRQ
                0x00008038       0xa4 ./CoOS/kernel/serviceReq.o
                0x00008038                RespondSRQ
 .text.CreateTCBList
                0x000080dc       0x3c ./CoOS/kernel/task.o
                0x000080dc                CreateTCBList
 .text.InsertToTCBRdyList
                0x00008118       0x8c ./CoOS/kernel/task.o
                0x00008118                InsertToTCBRdyList
 .text.RemoveFromTCBRdyList
                0x000081a4       0x34 ./CoOS/kernel/task.o
                0x000081a4                RemoveFromTCBRdyList
 .text.Schedule
                0x000081d8       0xdc ./CoOS/kernel/task.o
                0x000081d8                Schedule
 .text.CreateTask
                0x000082b4       0xf0 ./CoOS/kernel/task.o
                0x000082b4                CreateTask
 .text.CoGetCurTaskID
                0x000083a4        0xc ./CoOS/kernel/task.o
                0x000083a4                CoGetCurTaskID
 .text.CoSuspendTask
                0x000083b0       0x6c ./CoOS/kernel/task.o
                0x000083b0                CoSuspendTask
 .text.CoAwakeTask
                0x0000841c       0x64 ./CoOS/kernel/task.o
                0x0000841c                CoAwakeTask
 .text.InsertDelayList
                0x00008480       0x64 ./CoOS/kernel/time.o
                0x00008480                InsertDelayList
 .text.RemoveDelayList
                0x000084e4       0x48 ./CoOS/kernel/time.o
                0x000084e4                RemoveDelayList
 .text.CoGetOSTime
                0x0000852c        0xc ./CoOS/kernel/time.o
                0x0000852c                CoGetOSTime
 .text.CoTickDelay
                0x00008538       0x48 ./CoOS/kernel/time.o
                0x00008538                CoTickDelay
 .text.TimeDispose
                0x00008580       0x44 ./CoOS/kernel/time.o
                0x00008580                TimeDispose
 .text.isr_TimeDispose
                0x000085c4       0x24 ./CoOS/kernel/time.o
                0x000085c4                isr_TimeDispose
 .text.RemoveTmrList
                0x000085e8       0x60 ./CoOS/kernel/timer.o
 .text.InsertTmrList
                0x00008648       0x8c ./CoOS/kernel/timer.o
 .text.CoCreateTmr
                0x000086d4       0x78 ./CoOS/kernel/timer.o
                0x000086d4                CoCreateTmr
 .text.CoStartTmr
                0x0000874c       0x38 ./CoOS/kernel/timer.o
                0x0000874c                CoStartTmr
 .text.CoDelTmr
                0x00008784       0x3c ./CoOS/kernel/timer.o
                0x00008784                CoDelTmr
 .text.TmrDispose
                0x000087c0       0x40 ./CoOS/kernel/timer.o
                0x000087c0                TmrDispose
 .text.isr_TmrDispose
                0x00008800       0x24 ./CoOS/kernel/timer.o
                0x00008800                isr_TmrDispose
 .text.SystemInit
                0x00008824       0xe4 D:\MyDesigns\LPCXpresso\CMSISv2p00_LPC17xx\Release\libCMSISv2p00_LPC17xx.a(system_LPC17xx.o)
                0x00008824                SystemInit
 .text.__weak_main
                0x00008908        0x4 f:/nxp/lpcxpresso_4.1.5_219/lpcxpresso/tools/bin/../lib/gcc/arm-none-eabi/4.5.1/../../../../arm-none-eabi/lib/thumb2\libcr_c.a(__weak__main.o)
                0x00008908                __weak_main
                0x00008908                __main
 .text.ch_val   0x0000890c       0x38 f:/nxp/lpcxpresso_4.1.5_219/lpcxpresso/tools/bin/../lib/gcc/arm-none-eabi/4.5.1/../../../../arm-none-eabi/lib/thumb2\libcr_c.a(scanf.o)
 .text._strtoul
                0x00008944       0xc0 f:/nxp/lpcxpresso_4.1.5_219/lpcxpresso/tools/bin/../lib/gcc/arm-none-eabi/4.5.1/../../../../arm-none-eabi/lib/thumb2\libcr_c.a(scanf.o)
 .text.strtol   0x00008a04       0x78 f:/nxp/lpcxpresso_4.1.5_219/lpcxpresso/tools/bin/../lib/gcc/arm-none-eabi/4.5.1/../../../../arm-none-eabi/lib/thumb2\libcr_c.a(scanf.o)
                0x00008a04                strtol
 .text.atoi     0x00008a7c       0x18 f:/nxp/lpcxpresso_4.1.5_219/lpcxpresso/tools/bin/../lib/gcc/arm-none-eabi/4.5.1/../../../../arm-none-eabi/lib/thumb2\libcr_c.a(scanf.o)
                0x00008a7c                atoi
 .text.strstr   0x00008a94       0x20 f:/nxp/lpcxpresso_4.1.5_219/lpcxpresso/tools/bin/../lib/gcc/arm-none-eabi/4.5.1/../../../../arm-none-eabi/lib/thumb2\libcr_c.a(strstr.o)
                0x00008a94                strstr
 .text.memcpy   0x00008ab4        0x4 f:/nxp/lpcxpresso_4.1.5_219/lpcxpresso/tools/bin/../lib/gcc/arm-none-eabi/4.5.1/../../../../arm-none-eabi/lib/thumb2\libcr_c.a(memcpy.o)
                0x00008ab4                memcpy
 .text.memset   0x00008ab8        0x4 f:/nxp/lpcxpresso_4.1.5_219/lpcxpresso/tools/bin/../lib/gcc/arm-none-eabi/4.5.1/../../../../arm-none-eabi/lib/thumb2\libcr_c.a(memset.o)
                0x00008ab8                memset
 .text.__aeabi_memcpy
                0x00008abc       0x26 f:/nxp/lpcxpresso_4.1.5_219/lpcxpresso/tools/bin/../lib/gcc/arm-none-eabi/4.5.1/thumb2\libcr_eabihelpers.a(memcpy.o)
                0x00008abc                __aeabi_memcpy4
                0x00008abc                __aeabi_memcpy8
                0x00008abc                __aeabi_memcpy
 .text.__aeabi_memset_lowlevel
                0x00008ae2       0x24 f:/nxp/lpcxpresso_4.1.5_219/lpcxpresso/tools/bin/../lib/gcc/arm-none-eabi/4.5.1/thumb2\libcr_eabihelpers.a(memcpy.o)
                0x00008ae2                __aeabi_lowlevel_memset
 *(.rodata .rodata.*)
 .rodata.str1.1
                0x00008b06       0xbe ./src/httpserver-netconn.o
                                 0xc6 (size before relaxing)
 .rodata.ethbroadcast
                0x00008bc4        0x6 ./lwip-1.3.1/src/netif/etharp.o
                0x00008bc4                ethbroadcast
 .rodata.ethzero
                0x00008bca        0x6 ./lwip-1.3.1/src/netif/etharp.o
                0x00008bca                ethzero
 .rodata.memp_num
                0x00008bd0       0x1a ./lwip-1.3.1/src/core/memp.o
 .rodata.memp_sizes
                0x00008bea       0x1a ./lwip-1.3.1/src/core/memp.o
 .rodata.tcp_backoff
                0x00008c04        0xd ./lwip-1.3.1/src/core/tcp.o
                0x00008c04                tcp_backoff
 .rodata.tcp_persist_backoff
                0x00008c11        0x7 ./lwip-1.3.1/src/core/tcp.o
                0x00008c11                tcp_persist_backoff
 .rodata.ip_addr_broadcast
                0x00008c18        0x4 ./lwip-1.3.1/src/core/ipv4/ip_addr.o
                0x00008c18                ip_addr_broadcast
 .rodata.ip_addr_any
                0x00008c1c        0x4 ./lwip-1.3.1/src/core/ipv4/ip_addr.o
                0x00008c1c                ip_addr_any
 .rodata.str1.1
                0x00008c20        0xd ./lwip-1.3.1/src/api/tcpip.o
 *fill*         0x00008c2d        0x3 00
 .rodata.CSWTCH.5
                0x00008c30        0xc ./lpc17xx_lib/source/uart.o
 .rodata.dpatch
                0x00008c3c     0x35dc ./VS1053/vs_patch.o
                0x00008c3c                dpatch
 .rodata.apatch
                0x0000c218     0x1aee ./VS1053/vs_patch.o
                0x0000c218                apatch
 .rodata.__ctype
                0x0000dd06      0x180 f:/nxp/lpcxpresso_4.1.5_219/lpcxpresso/tools/bin/../lib/gcc/arm-none-eabi/4.5.1/../../../../arm-none-eabi/lib/thumb2\libcr_c.a(ctype.o)
                0x0000dd06                __ctype
                0x0000de88                . = ALIGN (0x4)
 *fill*         0x0000de86        0x2 ff

.glue_7         0x0000de88        0x0
 .glue_7        0x00000000        0x0 linker stubs

.glue_7t        0x0000de88        0x0
 .glue_7t       0x00000000        0x0 linker stubs

.vfp11_veneer   0x0000de88        0x0
 .vfp11_veneer  0x00000000        0x0 linker stubs

.v4_bx          0x0000de88        0x0
 .v4_bx         0x00000000        0x0 linker stubs

.ARM.extab
 *(.ARM.extab* .gnu.linkonce.armextab.*)
                0x0000de88                __exidx_start = .

.ARM.exidx
 *(.ARM.exidx* .gnu.linkonce.armexidx.*)
                0x0000de88                __exidx_end = .
                0x0000de88                _etext = .

.data_RAM2      0x2007c000     0x4000 load address 0x0000de88
 FILL mask 0xff
 *(.data.$RAM2*)
 .data.$RAM2    0x2007c000     0x4000 ./VS1053/vs1053.o
                0x2007c000                VS_BUF
 *(.data.$RamAHB32*)
                0x20080000                . = ALIGN (0x4)

.uninit_RESERVED
 *(.bss.$RESERVED*)

.data           0x10000000       0x18 load address 0x00011e88
 FILL mask 0xff
                0x10000000                _data = .
 *(vtable)
 *(.data*)
 .data.xid.2160
                0x10000000        0x4 ./lwip-1.3.1/src/core/dhcp.o
 .data.port.2080
                0x10000004        0x2 ./lwip-1.3.1/src/core/tcp.o
 *fill*         0x10000006        0x2 00
 .data.iss.2256
                0x10000008        0x4 ./lwip-1.3.1/src/core/tcp.o
 .data.mbox     0x1000000c        0x1 ./lwip-1.3.1/src/api/tcpip.o
 *fill*         0x1000000d        0x3 00
 .data.NVIC_PENDSVSET
                0x10000010        0x4 ./CoOS/portable/GCC/port.o
                0x10000010                NVIC_PENDSVSET
 .data.NVIC_INT_CTRL
                0x10000014        0x4 ./CoOS/portable/GCC/port.o
                0x10000014                NVIC_INT_CTRL
                0x10000018                . = ALIGN (0x4)
                0x10000018                _edata = .

.bss_RAM2       0x20080000        0x0
 *(.bss.$RAM2*)
 *(.bss.$RamAHB32*)
                0x20080000                . = ALIGN (0x4)

.bss            0x10000018     0x6938
                0x10000018                _bss = .
 *(.bss*)
 .bss.dhcpcnt   0x10000018        0x4 ./src/main.o
                0x10000018                dhcpcnt
 .bss.etharp_cached_entry
                0x1000001c        0x1 ./lwip-1.3.1/src/netif/etharp.o
 *fill*         0x1000001d        0x3 00
 .bss.arp_table
                0x10000020       0xc8 ./lwip-1.3.1/src/netif/etharp.o
 .bss.ram_heap  0x100000e8      0x814 ./lwip-1.3.1/src/core/mem.o
 .bss.lfree     0x100008fc        0x4 ./lwip-1.3.1/src/core/mem.o
 .bss.ram_end   0x10000900        0x4 ./lwip-1.3.1/src/core/mem.o
 .bss.ram       0x10000904        0x4 ./lwip-1.3.1/src/core/mem.o
 .bss.mem_sem   0x10000908        0x1 ./lwip-1.3.1/src/core/mem.o
 .bss.memp_memory
                0x10000909     0x2b6b ./lwip-1.3.1/src/core/memp.o
 .bss.memp_tab  0x10003474       0x34 ./lwip-1.3.1/src/core/memp.o
 .bss.netifnum.1812
                0x100034a8        0x1 ./lwip-1.3.1/src/core/netif.o
 *fill*         0x100034a9        0x3 00
 .bss.raw_pcbs  0x100034ac        0x4 ./lwip-1.3.1/src/core/raw.o
 .bss.tcp_timer
                0x100034b0        0x1 ./lwip-1.3.1/src/core/tcp.o
 *fill*         0x100034b1        0x3 00
 .bss.seqno     0x100034b4        0x4 ./lwip-1.3.1/src/core/tcp_in.o
 .bss.iphdr     0x100034b8        0x4 ./lwip-1.3.1/src/core/tcp_in.o
 .bss.tcplen    0x100034bc        0x2 ./lwip-1.3.1/src/core/tcp_in.o
 *fill*         0x100034be        0x2 00
 .bss.ackno     0x100034c0        0x4 ./lwip-1.3.1/src/core/tcp_in.o
 .bss.flags     0x100034c4        0x1 ./lwip-1.3.1/src/core/tcp_in.o
 .bss.recv_flags
                0x100034c5        0x1 ./lwip-1.3.1/src/core/tcp_in.o
 *fill*         0x100034c6        0x2 00
 .bss.tcphdr    0x100034c8        0x4 ./lwip-1.3.1/src/core/tcp_in.o
 .bss.recv_data
                0x100034cc        0x4 ./lwip-1.3.1/src/core/tcp_in.o
 .bss.inseg     0x100034d0       0x14 ./lwip-1.3.1/src/core/tcp_in.o
 .bss.current_header
                0x100034e4        0x4 ./lwip-1.3.1/src/core/ipv4/ip.o
 .bss.current_netif
                0x100034e8        0x4 ./lwip-1.3.1/src/core/ipv4/ip.o
 .bss.ip_id.2219
                0x100034ec        0x2 ./lwip-1.3.1/src/core/ipv4/ip.o
 *fill*         0x100034ee        0x2 00
 .bss.tcpip_tcp_timer_active
                0x100034f0        0x4 ./lwip-1.3.1/src/api/tcpip.o
 .bss.tcpip_init_done_arg
                0x100034f4        0x4 ./lwip-1.3.1/src/api/tcpip.o
 .bss.tcpip_init_done
                0x100034f8        0x4 ./lwip-1.3.1/src/api/tcpip.o
 .bss.rptr      0x100034fc        0x4 ./lwip-1.3.1/port/CoOS/ethernetif/LPC17xx/EMAC.o
 .bss.tptr      0x10003500        0x4 ./lwip-1.3.1/port/CoOS/ethernetif/LPC17xx/EMAC.o
 .bss.cnt       0x10003504        0x4 ./lwip-1.3.1/port/CoOS/ethernetif/LPC17xx/EMAC.o
                0x10003504                cnt
 .bss.queue_memory_pool
                0x10003508      0x190 ./lwip-1.3.1/port/CoOS/arch/sys_arch.o
 .bss.timeout_list
                0x10003698       0x18 ./lwip-1.3.1/port/CoOS/arch/sys_arch.o
 .bss.current_task
                0x100036b0        0x1 ./lwip-1.3.1/port/CoOS/arch/sys_arch.o
 .bss.queue_pool
                0x100036b1        0x1 ./lwip-1.3.1/port/CoOS/arch/sys_arch.o
 *fill*         0x100036b2        0x2 00
 .bss.vs_buftail
                0x100036b4        0x4 ./VS1053/vs1053.o
                0x100036b4                vs_buftail
 .bss.vs_bufhead
                0x100036b8        0x4 ./VS1053/vs1053.o
                0x100036b8                vs_bufhead
 *fill*         0x100036bc        0x4 00
 .bss.OSTickCnt
                0x100036c0        0x8 ./CoOS/portable/arch.o
                0x100036c0                OSTickCnt
 .bss.OSIntNesting
                0x100036c8        0x1 ./CoOS/kernel/core.o
                0x100036c8                OSIntNesting
 .bss.OSSchedLock
                0x100036c9        0x1 ./CoOS/kernel/core.o
                0x100036c9                OSSchedLock
 .bss.TaskSchedReq
                0x100036ca        0x1 ./CoOS/kernel/core.o
                0x100036ca                TaskSchedReq
 *fill*         0x100036cb        0x1 00
 .bss.FreeEventList
                0x100036cc        0x4 ./CoOS/kernel/event.o
                0x100036cc                FreeEventList
 .bss.EventTbl  0x100036d0      0x140 ./CoOS/kernel/event.o
                0x100036d0                EventTbl
 .bss.FlagCrl   0x10003810       0x14 ./CoOS/kernel/flag.o
                0x10003810                FlagCrl
 .bss.KernelHeap
                0x10003824       0xc8 ./CoOS/kernel/kernelHeap.o
                0x10003824                KernelHeap
 .bss.Kheap     0x100038ec        0x8 ./CoOS/kernel/kernelHeap.o
                0x100038ec                Kheap
 .bss.FMBlist   0x100038f4        0x4 ./CoOS/kernel/kernelHeap.o
                0x100038f4                FMBlist
 .bss.MemoryTbl
                0x100038f8       0x20 ./CoOS/kernel/mm.o
                0x100038f8                MemoryTbl
 .bss.MemoryIDVessel
                0x10003918        0x4 ./CoOS/kernel/mm.o
                0x10003918                MemoryIDVessel
 .bss.QueueIDVessel
                0x1000391c        0x4 ./CoOS/kernel/queue.o
                0x1000391c                QueueIDVessel
 .bss.QueueTbl  0x10003920       0x50 ./CoOS/kernel/queue.o
                0x10003920                QueueTbl
 .bss.IsrReq    0x10003970        0x1 ./CoOS/kernel/serviceReq.o
                0x10003970                IsrReq
 *fill*         0x10003971        0x3 00
 .bss.ServiceReq
                0x10003974       0x1c ./CoOS/kernel/serviceReq.o
                0x10003974                ServiceReq
 .bss.TimeReq   0x10003990        0x1 ./CoOS/kernel/serviceReq.o
                0x10003990                TimeReq
 .bss.TimerReq  0x10003991        0x1 ./CoOS/kernel/serviceReq.o
                0x10003991                TimerReq
 *fill*         0x10003992        0x2 00
 .bss.TCBRunning
                0x10003994        0x4 ./CoOS/kernel/task.o
                0x10003994                TCBRunning
 .bss.TCBTbl    0x10003998      0x134 ./CoOS/kernel/task.o
                0x10003998                TCBTbl
 .bss.idle_stk  0x10003acc       0x64 ./CoOS/kernel/task.o
                0x10003acc                idle_stk
 .bss.TCBNext   0x10003b30        0x4 ./CoOS/kernel/task.o
                0x10003b30                TCBNext
 .bss.TCBRdy    0x10003b34        0x4 ./CoOS/kernel/task.o
                0x10003b34                TCBRdy
 .bss.FreeTCB   0x10003b38        0x4 ./CoOS/kernel/task.o
                0x10003b38                FreeTCB
 *fill*         0x10003b3c        0x4 00
 .bss.OSCheckTime
                0x10003b40        0x8 ./CoOS/kernel/task.o
                0x10003b40                OSCheckTime
 .bss.DlyList   0x10003b48        0x4 ./CoOS/kernel/time.o
                0x10003b48                DlyList
 .bss.TmrTbl    0x10003b4c       0x30 ./CoOS/kernel/timer.o
                0x10003b4c                TmrTbl
 .bss.TmrList   0x10003b7c        0x4 ./CoOS/kernel/timer.o
                0x10003b7c                TmrList
 .bss.TmrIDVessel
                0x10003b80        0x4 ./CoOS/kernel/timer.o
                0x10003b80                TmrIDVessel
 .bss.errno     0x10003b84        0x4 f:/nxp/lpcxpresso_4.1.5_219/lpcxpresso/tools/bin/../lib/gcc/arm-none-eabi/4.5.1/../../../../arm-none-eabi/lib/thumb2\libcr_c.a(errno.o)
                0x10003b84                errno
 *(COMMON)
 COMMON         0x10003b88     0x1e44 ./src/httpserver-netconn.o
                0x10003b88                semBufCmpl
                0x10003b89                mybuf
                0x1000538c                stkHttp
 COMMON         0x100059cc      0x340 ./src/main.o
                0x100059cc                VS_TSK_ID
                0x100059cd                timer
                0x100059d0                lpc17xx_netif
                0x100059d4                ipadres
                0x100059e4                semDhcpCmpl
                0x100059e5                LIVE_TSK_ID
                0x100059e8                vs_task_stk
                0x10005b78                loop_netif
                0x10005b7c                IamLive_stk
 COMMON         0x10005d0c        0x8 ./lwip-1.3.1/src/core/netif.o
                0x10005d0c                netif_list
                0x10005d10                netif_default
 COMMON         0x10005d14      0x128 ./lwip-1.3.1/src/core/stats.o
                0x10005d14                lwip_stats
 COMMON         0x10005e3c       0x18 ./lwip-1.3.1/src/core/tcp.o
                0x10005e3c                tcp_active_pcbs
                0x10005e40                tcp_ticks
                0x10005e44                tcp_listen_pcbs
                0x10005e48                tcp_tmp_pcb
                0x10005e4c                tcp_bound_pcbs
                0x10005e50                tcp_tw_pcbs
 COMMON         0x10005e54        0x4 ./lwip-1.3.1/src/core/tcp_in.o
                0x10005e54                tcp_input_pcb
 COMMON         0x10005e58        0x4 ./lwip-1.3.1/src/core/udp.o
                0x10005e58                udp_pcbs
 COMMON         0x10005e5c      0x4b0 ./lwip-1.3.1/src/api/tcpip.o
                0x10005e5c                stkTcpipThread
 COMMON         0x1000630c      0x642 ./lwip-1.3.1/port/CoOS/ethernetif/LPC17xx/ethernetif.o
                0x1000630c                stkEthif
                0x1000694c                semEthRx
                0x1000694d                semEthTx
                0x10006950                . = ALIGN (0x4)
 *fill*         0x1000694e        0x2 00
                0x10006950                _ebss = .
                0x10006950                PROVIDE (end, .)
                0x10006950                PROVIDE (_pvHeapStart, .)
                0x10008000                PROVIDE (_vStackTop, (__top_RamLoc32 - 0x0))
OUTPUT(TCP.axf elf32-littlearm)

.debug_abbrev   0x00000000     0x5b02
 .debug_abbrev  0x00000000      0x10d ./src/cr_startup_lpc176x.o
 .debug_abbrev  0x0000010d      0x1d4 ./src/httpserver-netconn.o
 .debug_abbrev  0x000002e1      0x17d ./src/main.o
 .debug_abbrev  0x0000045e      0x29d ./lwip-1.3.1/src/netif/etharp.o
 .debug_abbrev  0x000006fb       0x1f ./lwip-1.3.1/src/netif/loopif.o
 .debug_abbrev  0x0000071a       0x1f ./lwip-1.3.1/src/netif/slipif.o
 .debug_abbrev  0x00000739       0x1f ./lwip-1.3.1/src/netif/ppp/chap.o
 .debug_abbrev  0x00000758       0x1f ./lwip-1.3.1/src/netif/ppp/md5.o
 .debug_abbrev  0x00000777      0x317 ./lwip-1.3.1/src/core/dhcp.o
 .debug_abbrev  0x00000a8e       0x1f ./lwip-1.3.1/src/core/dns.o
 .debug_abbrev  0x00000aad       0x50 ./lwip-1.3.1/src/core/init.o
 .debug_abbrev  0x00000afd      0x1d4 ./lwip-1.3.1/src/core/mem.o
 .debug_abbrev  0x00000cd1      0x197 ./lwip-1.3.1/src/core/memp.o
 .debug_abbrev  0x00000e68      0x27c ./lwip-1.3.1/src/core/netif.o
 .debug_abbrev  0x000010e4      0x229 ./lwip-1.3.1/src/core/pbuf.o
 .debug_abbrev  0x0000130d      0x1ff ./lwip-1.3.1/src/core/raw.o
 .debug_abbrev  0x0000150c      0x147 ./lwip-1.3.1/src/core/stats.o
 .debug_abbrev  0x00001653      0x186 ./lwip-1.3.1/src/core/sys.o
 .debug_abbrev  0x000017d9      0x3b7 ./lwip-1.3.1/src/core/tcp.o
 .debug_abbrev  0x00001b90      0x2c4 ./lwip-1.3.1/src/core/tcp_in.o
 .debug_abbrev  0x00001e54      0x2e5 ./lwip-1.3.1/src/core/tcp_out.o
 .debug_abbrev  0x00002139      0x1fd ./lwip-1.3.1/src/core/udp.o
 .debug_abbrev  0x00002336       0x1f ./lwip-1.3.1/src/core/snmp/asn1_dec.o
 .debug_abbrev  0x00002355       0x1f ./lwip-1.3.1/src/core/snmp/asn1_enc.o
 .debug_abbrev  0x00002374       0x1f ./lwip-1.3.1/src/core/snmp/mib2.o
 .debug_abbrev  0x00002393       0x1f ./lwip-1.3.1/src/core/snmp/mib_structs.o
 .debug_abbrev  0x000023b2       0x1f ./lwip-1.3.1/src/core/snmp/msg_in.o
 .debug_abbrev  0x000023d1       0x1f ./lwip-1.3.1/src/core/snmp/msg_out.o
 .debug_abbrev  0x000023f0       0x1f ./lwip-1.3.1/src/core/ipv4/autoip.o
 .debug_abbrev  0x0000240f      0x1ec ./lwip-1.3.1/src/core/ipv4/icmp.o
 .debug_abbrev  0x000025fb       0x1f ./lwip-1.3.1/src/core/ipv4/igmp.o
 .debug_abbrev  0x0000261a      0x16f ./lwip-1.3.1/src/core/ipv4/inet.o
 .debug_abbrev  0x00002789      0x144 ./lwip-1.3.1/src/core/ipv4/inet_chksum.o
 .debug_abbrev  0x000028cd      0x1e6 ./lwip-1.3.1/src/core/ipv4/ip.o
 .debug_abbrev  0x00002ab3       0xf6 ./lwip-1.3.1/src/core/ipv4/ip_addr.o
 .debug_abbrev  0x00002ba9       0x2a ./lwip-1.3.1/src/core/ipv4/ip_frag.o
 .debug_abbrev  0x00002bd3      0x20d ./lwip-1.3.1/src/api/api_lib.o
 .debug_abbrev  0x00002de0      0x2c3 ./lwip-1.3.1/src/api/api_msg.o
 .debug_abbrev  0x000030a3       0x87 ./lwip-1.3.1/src/api/err.o
 .debug_abbrev  0x0000312a      0x143 ./lwip-1.3.1/src/api/netbuf.o
 .debug_abbrev  0x0000326d       0x1f ./lwip-1.3.1/src/api/netdb.o
 .debug_abbrev  0x0000328c       0x1f ./lwip-1.3.1/src/api/netifapi.o
 .debug_abbrev  0x000032ab       0x1f ./lwip-1.3.1/src/api/sockets.o
 .debug_abbrev  0x000032ca      0x28b ./lwip-1.3.1/src/api/tcpip.o
 .debug_abbrev  0x00003555      0x2d0 ./lwip-1.3.1/port/CoOS/ethernetif/LPC17xx/EMAC.o
 .debug_abbrev  0x00003825      0x25a ./lwip-1.3.1/port/CoOS/ethernetif/LPC17xx/ethernetif.o
 .debug_abbrev  0x00003a7f      0x2bc ./lwip-1.3.1/port/CoOS/arch/sys_arch.o
 .debug_abbrev  0x00003d3b      0x190 ./lpc17xx_lib/source/gpio.o
 .debug_abbrev  0x00003ecb      0x165 ./lpc17xx_lib/source/lpc17xx_clkpwr.o
 .debug_abbrev  0x00004030      0x1bd ./lpc17xx_lib/source/uart.o
 .debug_abbrev  0x000041ed      0x22e ./VS1053/vs1053.o
 .debug_abbrev  0x0000441b       0x5a ./VS1053/vs_patch.o
 .debug_abbrev  0x00004475      0x117 ./CoOS/portable/arch.o
 .debug_abbrev  0x0000458c       0xd2 ./CoOS/portable/GCC/port.o
 .debug_abbrev  0x0000465e       0xe9 ./CoOS/kernel/core.o
 .debug_abbrev  0x00004747      0x1b7 ./CoOS/kernel/event.o
 .debug_abbrev  0x000048fe      0x1c9 ./CoOS/kernel/flag.o
 .debug_abbrev  0x00004ac7       0x88 ./CoOS/kernel/hook.o
 .debug_abbrev  0x00004b4f      0x140 ./CoOS/kernel/kernelHeap.o
 .debug_abbrev  0x00004c8f      0x160 ./CoOS/kernel/mbox.o
 .debug_abbrev  0x00004def       0xfd ./CoOS/kernel/mm.o
 .debug_abbrev  0x00004eec      0x156 ./CoOS/kernel/mutex.o
 .debug_abbrev  0x00005042      0x176 ./CoOS/kernel/queue.o
 .debug_abbrev  0x000051b8      0x151 ./CoOS/kernel/sem.o
 .debug_abbrev  0x00005309      0x130 ./CoOS/kernel/serviceReq.o
 .debug_abbrev  0x00005439      0x21d ./CoOS/kernel/task.o
 .debug_abbrev  0x00005656      0x19b ./CoOS/kernel/time.o
 .debug_abbrev  0x000057f1      0x175 ./CoOS/kernel/timer.o
 .debug_abbrev  0x00005966       0xbb ./CoOS/kernel/utility.o
 .debug_abbrev  0x00005a21       0xe1 D:\MyDesigns\LPCXpresso\CMSISv2p00_LPC17xx\Release\libCMSISv2p00_LPC17xx.a(system_LPC17xx.o)

.debug_info     0x00000000    0x1a86b
 .debug_info    0x00000000      0x2b5 ./src/cr_startup_lpc176x.o
 .debug_info    0x000002b5      0xb8b ./src/httpserver-netconn.o
 .debug_info    0x00000e40      0x8ea ./src/main.o
 .debug_info    0x0000172a     0x1265 ./lwip-1.3.1/src/netif/etharp.o
 .debug_info    0x0000298f       0x50 ./lwip-1.3.1/src/netif/loopif.o
 .debug_info    0x000029df       0x5e ./lwip-1.3.1/src/netif/slipif.o
 .debug_info    0x00002a3d       0x50 ./lwip-1.3.1/src/netif/ppp/chap.o
 .debug_info    0x00002a8d       0x50 ./lwip-1.3.1/src/netif/ppp/md5.o
 .debug_info    0x00002add     0x11a7 ./lwip-1.3.1/src/core/dhcp.o
 .debug_info    0x00003c84       0x50 ./lwip-1.3.1/src/core/dns.o
 .debug_info    0x00003cd4       0x95 ./lwip-1.3.1/src/core/init.o
 .debug_info    0x00003d69      0x66b ./lwip-1.3.1/src/core/mem.o
 .debug_info    0x000043d4      0x580 ./lwip-1.3.1/src/core/memp.o
 .debug_info    0x00004954      0xc35 ./lwip-1.3.1/src/core/netif.o
 .debug_info    0x00005589      0xca2 ./lwip-1.3.1/src/core/pbuf.o
 .debug_info    0x0000622b      0x706 ./lwip-1.3.1/src/core/raw.o
 .debug_info    0x00006931      0x47b ./lwip-1.3.1/src/core/stats.o
 .debug_info    0x00006dac      0x46f ./lwip-1.3.1/src/core/sys.o
 .debug_info    0x0000721b     0x145e ./lwip-1.3.1/src/core/tcp.o
 .debug_info    0x00008679     0x106d ./lwip-1.3.1/src/core/tcp_in.o
 .debug_info    0x000096e6     0x1045 ./lwip-1.3.1/src/core/tcp_out.o
 .debug_info    0x0000a72b      0xdf8 ./lwip-1.3.1/src/core/udp.o
 .debug_info    0x0000b523       0x50 ./lwip-1.3.1/src/core/snmp/asn1_dec.o
 .debug_info    0x0000b573       0x50 ./lwip-1.3.1/src/core/snmp/asn1_enc.o
 .debug_info    0x0000b5c3       0x50 ./lwip-1.3.1/src/core/snmp/mib2.o
 .debug_info    0x0000b613       0x50 ./lwip-1.3.1/src/core/snmp/mib_structs.o
 .debug_info    0x0000b663       0x50 ./lwip-1.3.1/src/core/snmp/msg_in.o
 .debug_info    0x0000b6b3       0x50 ./lwip-1.3.1/src/core/snmp/msg_out.o
 .debug_info    0x0000b703       0x50 ./lwip-1.3.1/src/core/ipv4/autoip.o
 .debug_info    0x0000b753      0x7cd ./lwip-1.3.1/src/core/ipv4/icmp.o
 .debug_info    0x0000bf20       0x50 ./lwip-1.3.1/src/core/ipv4/igmp.o
 .debug_info    0x0000bf70      0x2f3 ./lwip-1.3.1/src/core/ipv4/inet.o
 .debug_info    0x0000c263      0x2cb ./lwip-1.3.1/src/core/ipv4/inet_chksum.o
 .debug_info    0x0000c52e      0xc65 ./lwip-1.3.1/src/core/ipv4/ip.o
 .debug_info    0x0000d193      0x308 ./lwip-1.3.1/src/core/ipv4/ip_addr.o
 .debug_info    0x0000d49b       0x6c ./lwip-1.3.1/src/core/ipv4/ip_frag.o
 .debug_info    0x0000d507     0x10b1 ./lwip-1.3.1/src/api/api_lib.o
 .debug_info    0x0000e5b8     0x13f8 ./lwip-1.3.1/src/api/api_msg.o
 .debug_info    0x0000f9b0       0xd5 ./lwip-1.3.1/src/api/err.o
 .debug_info    0x0000fa85      0x3e3 ./lwip-1.3.1/src/api/netbuf.o
 .debug_info    0x0000fe68       0x50 ./lwip-1.3.1/src/api/netdb.o
 .debug_info    0x0000feb8       0x50 ./lwip-1.3.1/src/api/netifapi.o
 .debug_info    0x0000ff08       0x50 ./lwip-1.3.1/src/api/sockets.o
 .debug_info    0x0000ff58     0x14c2 ./lwip-1.3.1/src/api/tcpip.o
 .debug_info    0x0001141a      0xf54 ./lwip-1.3.1/port/CoOS/ethernetif/LPC17xx/EMAC.o
 .debug_info    0x0001236e      0x881 ./lwip-1.3.1/port/CoOS/ethernetif/LPC17xx/ethernetif.o
 .debug_info    0x00012bef      0xbc4 ./lwip-1.3.1/port/CoOS/arch/sys_arch.o
 .debug_info    0x000137b3      0xa50 ./lpc17xx_lib/source/gpio.o
 .debug_info    0x00014203      0x52f ./lpc17xx_lib/source/lpc17xx_clkpwr.o
 .debug_info    0x00014732      0x7fb ./lpc17xx_lib/source/uart.o
 .debug_info    0x00014f2d     0x1069 ./VS1053/vs1053.o
 .debug_info    0x00015f96       0x8c ./VS1053/vs_patch.o
 .debug_info    0x00016022      0x377 ./CoOS/portable/arch.o
 .debug_info    0x00016399      0x188 ./CoOS/portable/GCC/port.o
 .debug_info    0x00016521      0x36e ./CoOS/kernel/core.o
 .debug_info    0x0001688f      0x549 ./CoOS/kernel/event.o
 .debug_info    0x00016dd8      0x709 ./CoOS/kernel/flag.o
 .debug_info    0x000174e1       0xc1 ./CoOS/kernel/hook.o
 .debug_info    0x000175a2      0x335 ./CoOS/kernel/kernelHeap.o
 .debug_info    0x000178d7      0x49c ./CoOS/kernel/mbox.o
 .debug_info    0x00017d73      0x35c ./CoOS/kernel/mm.o
 .debug_info    0x000180cf      0x538 ./CoOS/kernel/mutex.o
 .debug_info    0x00018607      0x5e8 ./CoOS/kernel/queue.o
 .debug_info    0x00018bef      0x459 ./CoOS/kernel/sem.o
 .debug_info    0x00019048      0x230 ./CoOS/kernel/serviceReq.o
 .debug_info    0x00019278      0x808 ./CoOS/kernel/task.o
 .debug_info    0x00019a80      0x492 ./CoOS/kernel/time.o
 .debug_info    0x00019f12      0x458 ./CoOS/kernel/timer.o
 .debug_info    0x0001a36a      0x176 ./CoOS/kernel/utility.o
 .debug_info    0x0001a4e0      0x38b D:\MyDesigns\LPCXpresso\CMSISv2p00_LPC17xx\Release\libCMSISv2p00_LPC17xx.a(system_LPC17xx.o)

.debug_line     0x00000000     0x81ae
 .debug_line    0x00000000       0xac ./src/cr_startup_lpc176x.o
 .debug_line    0x000000ac      0x38a ./src/httpserver-netconn.o
 .debug_line    0x00000436      0x2bd ./src/main.o
 .debug_line    0x000006f3      0x46f ./lwip-1.3.1/src/netif/etharp.o
 .debug_line    0x00000b62       0x1d ./lwip-1.3.1/src/netif/loopif.o
 .debug_line    0x00000b7f       0x1d ./lwip-1.3.1/src/netif/slipif.o
 .debug_line    0x00000b9c       0x1d ./lwip-1.3.1/src/netif/ppp/chap.o
 .debug_line    0x00000bb9       0x1d ./lwip-1.3.1/src/netif/ppp/md5.o
 .debug_line    0x00000bd6      0x63d ./lwip-1.3.1/src/core/dhcp.o
 .debug_line    0x00001213       0x1d ./lwip-1.3.1/src/core/dns.o
 .debug_line    0x00001230       0x56 ./lwip-1.3.1/src/core/init.o
 .debug_line    0x00001286      0x25c ./lwip-1.3.1/src/core/mem.o
 .debug_line    0x000014e2      0x19e ./lwip-1.3.1/src/core/memp.o
 .debug_line    0x00001680      0x29d ./lwip-1.3.1/src/core/netif.o
 .debug_line    0x0000191d      0x3cd ./lwip-1.3.1/src/core/pbuf.o
 .debug_line    0x00001cea      0x270 ./lwip-1.3.1/src/core/raw.o
 .debug_line    0x00001f5a      0x12b ./lwip-1.3.1/src/core/stats.o
 .debug_line    0x00002085      0x21a ./lwip-1.3.1/src/core/sys.o
 .debug_line    0x0000229f      0x748 ./lwip-1.3.1/src/core/tcp.o
 .debug_line    0x000029e7      0x626 ./lwip-1.3.1/src/core/tcp_in.o
 .debug_line    0x0000300d      0x4b0 ./lwip-1.3.1/src/core/tcp_out.o
 .debug_line    0x000034bd      0x3d9 ./lwip-1.3.1/src/core/udp.o
 .debug_line    0x00003896       0x1d ./lwip-1.3.1/src/core/snmp/asn1_dec.o
 .debug_line    0x000038b3       0x1d ./lwip-1.3.1/src/core/snmp/asn1_enc.o
 .debug_line    0x000038d0       0x1d ./lwip-1.3.1/src/core/snmp/mib2.o
 .debug_line    0x000038ed       0x1d ./lwip-1.3.1/src/core/snmp/mib_structs.o
 .debug_line    0x0000390a       0x1d ./lwip-1.3.1/src/core/snmp/msg_in.o
 .debug_line    0x00003927       0x1d ./lwip-1.3.1/src/core/snmp/msg_out.o
 .debug_line    0x00003944       0x1d ./lwip-1.3.1/src/core/ipv4/autoip.o
 .debug_line    0x00003961      0x1fe ./lwip-1.3.1/src/core/ipv4/icmp.o
 .debug_line    0x00003b5f       0x1d ./lwip-1.3.1/src/core/ipv4/igmp.o
 .debug_line    0x00003b7c      0x1d8 ./lwip-1.3.1/src/core/ipv4/inet.o
 .debug_line    0x00003d54      0x1cd ./lwip-1.3.1/src/core/ipv4/inet_chksum.o
 .debug_line    0x00003f21      0x2c7 ./lwip-1.3.1/src/core/ipv4/ip.o
 .debug_line    0x000041e8      0x141 ./lwip-1.3.1/src/core/ipv4/ip_addr.o
 .debug_line    0x00004329       0x1d ./lwip-1.3.1/src/core/ipv4/ip_frag.o
 .debug_line    0x00004346      0x3fb ./lwip-1.3.1/src/api/api_lib.o
 .debug_line    0x00004741      0x692 ./lwip-1.3.1/src/api/api_msg.o
 .debug_line    0x00004dd3       0xce ./lwip-1.3.1/src/api/err.o
 .debug_line    0x00004ea1      0x1b8 ./lwip-1.3.1/src/api/netbuf.o
 .debug_line    0x00005059       0x1d ./lwip-1.3.1/src/api/netdb.o
 .debug_line    0x00005076       0x1d ./lwip-1.3.1/src/api/netifapi.o
 .debug_line    0x00005093       0x1d ./lwip-1.3.1/src/api/sockets.o
 .debug_line    0x000050b0      0x3f3 ./lwip-1.3.1/src/api/tcpip.o
 .debug_line    0x000054a3      0x37b ./lwip-1.3.1/port/CoOS/ethernetif/LPC17xx/EMAC.o
 .debug_line    0x0000581e      0x339 ./lwip-1.3.1/port/CoOS/ethernetif/LPC17xx/ethernetif.o
 .debug_line    0x00005b57      0x3e0 ./lwip-1.3.1/port/CoOS/arch/sys_arch.o
 .debug_line    0x00005f37      0x170 ./lpc17xx_lib/source/gpio.o
 .debug_line    0x000060a7      0x266 ./lpc17xx_lib/source/lpc17xx_clkpwr.o
 .debug_line    0x0000630d      0x18e ./lpc17xx_lib/source/uart.o
 .debug_line    0x0000649b      0x259 ./VS1053/vs1053.o
 .debug_line    0x000066f4       0x35 ./VS1053/vs_patch.o
 .debug_line    0x00006729       0xfb ./CoOS/portable/arch.o
 .debug_line    0x00006824       0xcf ./CoOS/portable/GCC/port.o
 .debug_line    0x000068f3      0x130 ./CoOS/kernel/core.o
 .debug_line    0x00006a23      0x1e5 ./CoOS/kernel/event.o
 .debug_line    0x00006c08      0x295 ./CoOS/kernel/flag.o
 .debug_line    0x00006e9d       0x86 ./CoOS/kernel/hook.o
 .debug_line    0x00006f23      0x182 ./CoOS/kernel/kernelHeap.o
 .debug_line    0x000070a5      0x146 ./CoOS/kernel/mbox.o
 .debug_line    0x000071eb      0x155 ./CoOS/kernel/mm.o
 .debug_line    0x00007340      0x186 ./CoOS/kernel/mutex.o
 .debug_line    0x000074c6      0x19a ./CoOS/kernel/queue.o
 .debug_line    0x00007660      0x145 ./CoOS/kernel/sem.o
 .debug_line    0x000077a5       0xe6 ./CoOS/kernel/serviceReq.o
 .debug_line    0x0000788b      0x345 ./CoOS/kernel/task.o
 .debug_line    0x00007bd0      0x1e6 ./CoOS/kernel/time.o
 .debug_line    0x00007db6      0x1e2 ./CoOS/kernel/timer.o
 .debug_line    0x00007f98       0xa7 ./CoOS/kernel/utility.o
 .debug_line    0x0000803f      0x16f D:\MyDesigns\LPCXpresso\CMSISv2p00_LPC17xx\Release\libCMSISv2p00_LPC17xx.a(system_LPC17xx.o)

.debug_loc      0x00000000     0xc328
 .debug_loc     0x00000000      0x1b8 ./src/cr_startup_lpc176x.o
 .debug_loc     0x000001b8      0x35a ./src/httpserver-netconn.o
 .debug_loc     0x00000512       0xd2 ./src/main.o
 .debug_loc     0x000005e4      0xb6f ./lwip-1.3.1/src/netif/etharp.o
 .debug_loc     0x00001153      0xeb2 ./lwip-1.3.1/src/core/dhcp.o
 .debug_loc     0x00002005       0x20 ./lwip-1.3.1/src/core/init.o
 .debug_loc     0x00002025      0x2ed ./lwip-1.3.1/src/core/mem.o
 .debug_loc     0x00002312      0x22a ./lwip-1.3.1/src/core/memp.o
 .debug_loc     0x0000253c      0x2be ./lwip-1.3.1/src/core/netif.o
 .debug_loc     0x000027fa      0xae3 ./lwip-1.3.1/src/core/pbuf.o
 .debug_loc     0x000032dd      0x353 ./lwip-1.3.1/src/core/raw.o
 .debug_loc     0x00003630      0x457 ./lwip-1.3.1/src/core/sys.o
 .debug_loc     0x00003a87      0xe43 ./lwip-1.3.1/src/core/tcp.o
 .debug_loc     0x000048ca      0x670 ./lwip-1.3.1/src/core/tcp_in.o
 .debug_loc     0x00004f3a      0xa76 ./lwip-1.3.1/src/core/tcp_out.o
 .debug_loc     0x000059b0      0x700 ./lwip-1.3.1/src/core/udp.o
 .debug_loc     0x000060b0      0x216 ./lwip-1.3.1/src/core/ipv4/icmp.o
 .debug_loc     0x000062c6      0x358 ./lwip-1.3.1/src/core/ipv4/inet.o
 .debug_loc     0x0000661e      0x3d5 ./lwip-1.3.1/src/core/ipv4/inet_chksum.o
 .debug_loc     0x000069f3      0x38e ./lwip-1.3.1/src/core/ipv4/ip.o
 .debug_loc     0x00006d81       0x31 ./lwip-1.3.1/src/core/ipv4/ip_addr.o
 .debug_loc     0x00006db2      0x61b ./lwip-1.3.1/src/api/api_lib.o
 .debug_loc     0x000073cd      0xb25 ./lwip-1.3.1/src/api/api_msg.o
 .debug_loc     0x00007ef2       0x13 ./lwip-1.3.1/src/api/err.o
 .debug_loc     0x00007f05      0x20a ./lwip-1.3.1/src/api/netbuf.o
 .debug_loc     0x0000810f      0x43c ./lwip-1.3.1/src/api/tcpip.o
 .debug_loc     0x0000854b      0x4b5 ./lwip-1.3.1/port/CoOS/ethernetif/LPC17xx/EMAC.o
 .debug_loc     0x00008a00      0x1b9 ./lwip-1.3.1/port/CoOS/ethernetif/LPC17xx/ethernetif.o
 .debug_loc     0x00008bb9      0x5b6 ./lwip-1.3.1/port/CoOS/arch/sys_arch.o
 .debug_loc     0x0000916f      0x1a2 ./lpc17xx_lib/source/lpc17xx_clkpwr.o
 .debug_loc     0x00009311      0x117 ./lpc17xx_lib/source/uart.o
 .debug_loc     0x00009428      0x2a6 ./VS1053/vs1053.o
 .debug_loc     0x000096ce       0x7d ./CoOS/portable/arch.o
 .debug_loc     0x0000974b       0x36 ./CoOS/portable/GCC/port.o
 .debug_loc     0x00009781       0x80 ./CoOS/kernel/core.o
 .debug_loc     0x00009801      0x33b ./CoOS/kernel/event.o
 .debug_loc     0x00009b3c      0x578 ./CoOS/kernel/flag.o
 .debug_loc     0x0000a0b4      0x3da ./CoOS/kernel/kernelHeap.o
 .debug_loc     0x0000a48e      0x2f2 ./CoOS/kernel/mbox.o
 .debug_loc     0x0000a780      0x381 ./CoOS/kernel/mm.o
 .debug_loc     0x0000ab01      0x31d ./CoOS/kernel/mutex.o
 .debug_loc     0x0000ae1e      0x425 ./CoOS/kernel/queue.o
 .debug_loc     0x0000b243      0x2d3 ./CoOS/kernel/sem.o
 .debug_loc     0x0000b516       0xe8 ./CoOS/kernel/serviceReq.o
 .debug_loc     0x0000b5fe      0x5be ./CoOS/kernel/task.o
 .debug_loc     0x0000bbbc      0x281 ./CoOS/kernel/time.o
 .debug_loc     0x0000be3d      0x3b9 ./CoOS/kernel/timer.o
 .debug_loc     0x0000c1f6      0x112 ./CoOS/kernel/utility.o
 .debug_loc     0x0000c308       0x20 D:\MyDesigns\LPCXpresso\CMSISv2p00_LPC17xx\Release\libCMSISv2p00_LPC17xx.a(system_LPC17xx.o)

.debug_pubnames
                0x00000000     0x20ff
 .debug_pubnames
                0x00000000       0xf1 ./src/cr_startup_lpc176x.o
 .debug_pubnames
                0x000000f1       0x53 ./src/httpserver-netconn.o
 .debug_pubnames
                0x00000144       0xe4 ./src/main.o
 .debug_pubnames
                0x00000228       0xc5 ./lwip-1.3.1/src/netif/etharp.o
 .debug_pubnames
                0x000002ed       0x98 ./lwip-1.3.1/src/core/dhcp.o
 .debug_pubnames
                0x00000385       0x20 ./lwip-1.3.1/src/core/init.o
 .debug_pubnames
                0x000003a5       0x5a ./lwip-1.3.1/src/core/mem.o
 .debug_pubnames
                0x000003ff       0x3e ./lwip-1.3.1/src/core/memp.o
 .debug_pubnames
                0x0000043d       0xfa ./lwip-1.3.1/src/core/netif.o
 .debug_pubnames
                0x00000537       0xdc ./lwip-1.3.1/src/core/pbuf.o
 .debug_pubnames
                0x00000613       0x81 ./lwip-1.3.1/src/core/raw.o
 .debug_pubnames
                0x00000694       0x8e ./lwip-1.3.1/src/core/stats.o
 .debug_pubnames
                0x00000722       0x80 ./lwip-1.3.1/src/core/sys.o
 .debug_pubnames
                0x000007a2      0x2ba ./lwip-1.3.1/src/core/tcp.o
 .debug_pubnames
                0x00000a5c       0x32 ./lwip-1.3.1/src/core/tcp_in.o
 .debug_pubnames
                0x00000a8e       0xab ./lwip-1.3.1/src/core/tcp_out.o
 .debug_pubnames
                0x00000b39       0xb3 ./lwip-1.3.1/src/core/udp.o
 .debug_pubnames
                0x00000bec       0x37 ./lwip-1.3.1/src/core/ipv4/icmp.o
 .debug_pubnames
                0x00000c23       0x64 ./lwip-1.3.1/src/core/ipv4/inet.o
 .debug_pubnames
                0x00000c87       0x4e ./lwip-1.3.1/src/core/ipv4/inet_chksum.o
 .debug_pubnames
                0x00000cd5       0x76 ./lwip-1.3.1/src/core/ipv4/ip.o
 .debug_pubnames
                0x00000d4b       0x50 ./lwip-1.3.1/src/core/ipv4/ip_addr.o
 .debug_pubnames
                0x00000d9b      0x129 ./lwip-1.3.1/src/api/api_lib.o
 .debug_pubnames
                0x00000ec4       0xcf ./lwip-1.3.1/src/api/api_msg.o
 .debug_pubnames
                0x00000f93       0x22 ./lwip-1.3.1/src/api/err.o
 .debug_pubnames
                0x00000fb5       0xa5 ./lwip-1.3.1/src/api/netbuf.o
 .debug_pubnames
                0x0000105a       0xdb ./lwip-1.3.1/src/api/tcpip.o
 .debug_pubnames
                0x00001135      0x170 ./lwip-1.3.1/port/CoOS/ethernetif/LPC17xx/EMAC.o
 .debug_pubnames
                0x000012a5       0x62 ./lwip-1.3.1/port/CoOS/ethernetif/LPC17xx/ethernetif.o
 .debug_pubnames
                0x00001307      0x15a ./lwip-1.3.1/port/CoOS/arch/sys_arch.o
 .debug_pubnames
                0x00001461       0x59 ./lpc17xx_lib/source/gpio.o
 .debug_pubnames
                0x000014ba       0xbb ./lpc17xx_lib/source/lpc17xx_clkpwr.o
 .debug_pubnames
                0x00001575       0x6f ./lpc17xx_lib/source/uart.o
 .debug_pubnames
                0x000015e4      0x108 ./VS1053/vs1053.o
 .debug_pubnames
                0x000016ec       0x28 ./VS1053/vs_patch.o
 .debug_pubnames
                0x00001714       0x48 ./CoOS/portable/arch.o
 .debug_pubnames
                0x0000175c       0x8e ./CoOS/portable/GCC/port.o
 .debug_pubnames
                0x000017ea       0xc3 ./CoOS/kernel/core.o
 .debug_pubnames
                0x000018ad       0xa7 ./CoOS/kernel/event.o
 .debug_pubnames
                0x00001954       0xe2 ./CoOS/kernel/flag.o
 .debug_pubnames
                0x00001a36       0x37 ./CoOS/kernel/hook.o
 .debug_pubnames
                0x00001a6d       0x63 ./CoOS/kernel/kernelHeap.o
 .debug_pubnames
                0x00001ad0       0x71 ./CoOS/kernel/mbox.o
 .debug_pubnames
                0x00001b41       0xa8 ./CoOS/kernel/mm.o
 .debug_pubnames
                0x00001be9       0x85 ./CoOS/kernel/mutex.o
 .debug_pubnames
                0x00001c6e       0xa6 ./CoOS/kernel/queue.o
 .debug_pubnames
                0x00001d14       0x6b ./CoOS/kernel/sem.o
 .debug_pubnames
                0x00001d7f       0x64 ./CoOS/kernel/serviceReq.o
 .debug_pubnames
                0x00001de3      0x12e ./CoOS/kernel/task.o
 .debug_pubnames
                0x00001f11       0xb3 ./CoOS/kernel/time.o
 .debug_pubnames
                0x00001fc4       0xb8 ./CoOS/kernel/timer.o
 .debug_pubnames
                0x0000207c       0x34 ./CoOS/kernel/utility.o
 .debug_pubnames
                0x000020b0       0x4f D:\MyDesigns\LPCXpresso\CMSISv2p00_LPC17xx\Release\libCMSISv2p00_LPC17xx.a(system_LPC17xx.o)

.debug_pubtypes
                0x00000000     0x2654
 .debug_pubtypes
                0x00000000       0x12 ./src/cr_startup_lpc176x.o
 .debug_pubtypes
                0x00000012      0x16c ./src/httpserver-netconn.o
 .debug_pubtypes
                0x0000017e       0xc7 ./src/main.o
 .debug_pubtypes
                0x00000245      0x168 ./lwip-1.3.1/src/netif/etharp.o
 .debug_pubtypes
                0x000003ad       0x12 ./lwip-1.3.1/src/netif/loopif.o
 .debug_pubtypes
                0x000003bf       0x12 ./lwip-1.3.1/src/netif/slipif.o
 .debug_pubtypes
                0x000003d1       0x12 ./lwip-1.3.1/src/netif/ppp/chap.o
 .debug_pubtypes
                0x000003e3       0x12 ./lwip-1.3.1/src/netif/ppp/md5.o
 .debug_pubtypes
                0x000003f5       0x8d ./lwip-1.3.1/src/core/dhcp.o
 .debug_pubtypes
                0x00000482       0x12 ./lwip-1.3.1/src/core/dns.o
 .debug_pubtypes
                0x00000494       0x12 ./lwip-1.3.1/src/core/init.o
 .debug_pubtypes
                0x000004a6       0xda ./lwip-1.3.1/src/core/mem.o
 .debug_pubtypes
                0x00000580       0xc2 ./lwip-1.3.1/src/core/memp.o
 .debug_pubtypes
                0x00000642       0xc6 ./lwip-1.3.1/src/core/netif.o
 .debug_pubtypes
                0x00000708       0xd7 ./lwip-1.3.1/src/core/pbuf.o
 .debug_pubtypes
                0x000007df       0x82 ./lwip-1.3.1/src/core/raw.o
 .debug_pubtypes
                0x00000861       0x7e ./lwip-1.3.1/src/core/stats.o
 .debug_pubtypes
                0x000008df       0x9c ./lwip-1.3.1/src/core/sys.o
 .debug_pubtypes
                0x0000097b       0xd0 ./lwip-1.3.1/src/core/tcp.o
 .debug_pubtypes
                0x00000a4b      0x133 ./lwip-1.3.1/src/core/tcp_in.o
 .debug_pubtypes
                0x00000b7e       0xff ./lwip-1.3.1/src/core/tcp_out.o
 .debug_pubtypes
                0x00000c7d      0x10e ./lwip-1.3.1/src/core/udp.o
 .debug_pubtypes
                0x00000d8b       0x12 ./lwip-1.3.1/src/core/snmp/asn1_dec.o
 .debug_pubtypes
                0x00000d9d       0x12 ./lwip-1.3.1/src/core/snmp/asn1_enc.o
 .debug_pubtypes
                0x00000daf       0x12 ./lwip-1.3.1/src/core/snmp/mib2.o
 .debug_pubtypes
                0x00000dc1       0x12 ./lwip-1.3.1/src/core/snmp/mib_structs.o
 .debug_pubtypes
                0x00000dd3       0x12 ./lwip-1.3.1/src/core/snmp/msg_in.o
 .debug_pubtypes
                0x00000de5       0x12 ./lwip-1.3.1/src/core/snmp/msg_out.o
 .debug_pubtypes
                0x00000df7       0x12 ./lwip-1.3.1/src/core/ipv4/autoip.o
 .debug_pubtypes
                0x00000e09       0xf2 ./lwip-1.3.1/src/core/ipv4/icmp.o
 .debug_pubtypes
                0x00000efb       0x12 ./lwip-1.3.1/src/core/ipv4/igmp.o
 .debug_pubtypes
                0x00000f0d       0x3b ./lwip-1.3.1/src/core/ipv4/inet.o
 .debug_pubtypes
                0x00000f48       0x4e ./lwip-1.3.1/src/core/ipv4/inet_chksum.o
 .debug_pubtypes
                0x00000f96      0x10e ./lwip-1.3.1/src/core/ipv4/ip.o
 .debug_pubtypes
                0x000010a4       0x61 ./lwip-1.3.1/src/core/ipv4/ip_addr.o
 .debug_pubtypes
                0x00001105       0x12 ./lwip-1.3.1/src/core/ipv4/ip_frag.o
 .debug_pubtypes
                0x00001117      0x17e ./lwip-1.3.1/src/api/api_lib.o
 .debug_pubtypes
                0x00001295      0x17d ./lwip-1.3.1/src/api/api_msg.o
 .debug_pubtypes
                0x00001412       0x25 ./lwip-1.3.1/src/api/err.o
 .debug_pubtypes
                0x00001437       0x4c ./lwip-1.3.1/src/api/netbuf.o
 .debug_pubtypes
                0x00001483       0x12 ./lwip-1.3.1/src/api/netdb.o
 .debug_pubtypes
                0x00001495       0x12 ./lwip-1.3.1/src/api/netifapi.o
 .debug_pubtypes
                0x000014a7       0x12 ./lwip-1.3.1/src/api/sockets.o
 .debug_pubtypes
                0x000014b9      0x1c7 ./lwip-1.3.1/src/api/tcpip.o
 .debug_pubtypes
                0x00001680       0xad ./lwip-1.3.1/port/CoOS/ethernetif/LPC17xx/EMAC.o
 .debug_pubtypes
                0x0000172d      0x133 ./lwip-1.3.1/port/CoOS/ethernetif/LPC17xx/ethernetif.o
 .debug_pubtypes
                0x00001860      0x1d2 ./lwip-1.3.1/port/CoOS/arch/sys_arch.o
 .debug_pubtypes
                0x00001a32       0xa9 ./lpc17xx_lib/source/gpio.o
 .debug_pubtypes
                0x00001adb       0x52 ./lpc17xx_lib/source/lpc17xx_clkpwr.o
 .debug_pubtypes
                0x00001b2d       0x83 ./lpc17xx_lib/source/uart.o
 .debug_pubtypes
                0x00001bb0       0xc4 ./VS1053/vs1053.o
 .debug_pubtypes
                0x00001c74       0xc1 ./CoOS/portable/arch.o
 .debug_pubtypes
                0x00001d35       0x2c ./CoOS/portable/GCC/port.o
 .debug_pubtypes
                0x00001d61       0x8f ./CoOS/kernel/core.o
 .debug_pubtypes
                0x00001df0       0xbf ./CoOS/kernel/event.o
 .debug_pubtypes
                0x00001eaf       0xdd ./CoOS/kernel/flag.o
 .debug_pubtypes
                0x00001f8c       0x24 ./CoOS/kernel/hook.o
 .debug_pubtypes
                0x00001fb0       0x6c ./CoOS/kernel/kernelHeap.o
 .debug_pubtypes
                0x0000201c       0xa2 ./CoOS/kernel/mbox.o
 .debug_pubtypes
                0x000020be       0x74 ./CoOS/kernel/mm.o
 .debug_pubtypes
                0x00002132       0xd5 ./CoOS/kernel/mutex.o
 .debug_pubtypes
                0x00002207       0xbe ./CoOS/kernel/queue.o
 .debug_pubtypes
                0x000022c5       0xa2 ./CoOS/kernel/sem.o
 .debug_pubtypes
                0x00002367       0x6b ./CoOS/kernel/serviceReq.o
 .debug_pubtypes
                0x000023d2       0xe9 ./CoOS/kernel/task.o
 .debug_pubtypes
                0x000024bb       0xa3 ./CoOS/kernel/time.o
 .debug_pubtypes
                0x0000255e       0x80 ./CoOS/kernel/timer.o
 .debug_pubtypes
                0x000025de       0x38 ./CoOS/kernel/utility.o
 .debug_pubtypes
                0x00002616       0x3e D:\MyDesigns\LPCXpresso\CMSISv2p00_LPC17xx\Release\libCMSISv2p00_LPC17xx.a(system_LPC17xx.o)

.debug_aranges  0x00000000     0x11e8
 .debug_aranges
                0x00000000       0x70 ./src/cr_startup_lpc176x.o
 .debug_aranges
                0x00000070       0x28 ./src/httpserver-netconn.o
 .debug_aranges
                0x00000098       0x40 ./src/main.o
 .debug_aranges
                0x000000d8       0x78 ./lwip-1.3.1/src/netif/etharp.o
 .debug_aranges
                0x00000150       0xe0 ./lwip-1.3.1/src/core/dhcp.o
 .debug_aranges
                0x00000230       0x20 ./lwip-1.3.1/src/core/init.o
 .debug_aranges
                0x00000250       0x40 ./lwip-1.3.1/src/core/mem.o
 .debug_aranges
                0x00000290       0x30 ./lwip-1.3.1/src/core/memp.o
 .debug_aranges
                0x000002c0       0x70 ./lwip-1.3.1/src/core/netif.o
 .debug_aranges
                0x00000330       0x88 ./lwip-1.3.1/src/core/pbuf.o
 .debug_aranges
                0x000003b8       0x58 ./lwip-1.3.1/src/core/raw.o
 .debug_aranges
                0x00000410       0x40 ./lwip-1.3.1/src/core/stats.o
 .debug_aranges
                0x00000450       0x50 ./lwip-1.3.1/src/core/sys.o
 .debug_aranges
                0x000004a0      0x128 ./lwip-1.3.1/src/core/tcp.o
 .debug_aranges
                0x000005c8       0x30 ./lwip-1.3.1/src/core/tcp_in.o
 .debug_aranges
                0x000005f8       0x68 ./lwip-1.3.1/src/core/tcp_out.o
 .debug_aranges
                0x00000660       0x68 ./lwip-1.3.1/src/core/udp.o
 .debug_aranges